Component: ARM Compiler 5.06 update 1 (build 61) Tool: armlink [4d35a8]

==============================================================================

Section Cross References

    system_stm32f3xx.o(i.SystemCoreClockUpdate) refers to system_stm32f3xx.o(.data) for .data
    system_stm32f3xx.o(i.SystemCoreClockUpdate) refers to system_stm32f3xx.o(.constdata) for .constdata
    usbd_core.o(i.USBD_DeInit) refers to usbd_conf.o(i.USBD_LL_Stop) for USBD_LL_Stop
    usbd_core.o(i.USBD_DeInit) refers to usbd_conf.o(i.USBD_LL_DeInit) for USBD_LL_DeInit
    usbd_core.o(i.USBD_Init) refers to usbd_conf.o(i.USBD_LL_Init) for USBD_LL_Init
    usbd_core.o(i.USBD_LL_DataInStage) refers to usbd_ioreq.o(i.USBD_CtlContinueSendData) for USBD_CtlContinueSendData
    usbd_core.o(i.USBD_LL_DataInStage) refers to usbd_conf.o(i.USBD_LL_PrepareReceive) for USBD_LL_PrepareReceive
    usbd_core.o(i.USBD_LL_DataInStage) refers to usbd_ioreq.o(i.USBD_CtlReceiveStatus) for USBD_CtlReceiveStatus
    usbd_core.o(i.USBD_LL_DataOutStage) refers to usbd_ioreq.o(i.USBD_CtlContinueRx) for USBD_CtlContinueRx
    usbd_core.o(i.USBD_LL_DataOutStage) refers to usbd_ioreq.o(i.USBD_CtlSendStatus) for USBD_CtlSendStatus
    usbd_core.o(i.USBD_LL_Reset) refers to usbd_conf.o(i.USBD_LL_OpenEP) for USBD_LL_OpenEP
    usbd_core.o(i.USBD_LL_SetupStage) refers to usbd_ctlreq.o(i.USBD_ParseSetupRequest) for USBD_ParseSetupRequest
    usbd_core.o(i.USBD_LL_SetupStage) refers to usbd_conf.o(i.USBD_LL_StallEP) for USBD_LL_StallEP
    usbd_core.o(i.USBD_LL_SetupStage) refers to usbd_ctlreq.o(i.USBD_StdDevReq) for USBD_StdDevReq
    usbd_core.o(i.USBD_LL_SetupStage) refers to usbd_ctlreq.o(i.USBD_StdItfReq) for USBD_StdItfReq
    usbd_core.o(i.USBD_LL_SetupStage) refers to usbd_ctlreq.o(i.USBD_StdEPReq) for USBD_StdEPReq
    usbd_core.o(i.USBD_Start) refers to usbd_conf.o(i.USBD_LL_Start) for USBD_LL_Start
    usbd_core.o(i.USBD_Stop) refers to usbd_conf.o(i.USBD_LL_Stop) for USBD_LL_Stop
    usbd_ioreq.o(i.USBD_CtlContinueRx) refers to usbd_conf.o(i.USBD_LL_PrepareReceive) for USBD_LL_PrepareReceive
    usbd_ioreq.o(i.USBD_CtlContinueSendData) refers to usbd_conf.o(i.USBD_LL_Transmit) for USBD_LL_Transmit
    usbd_ioreq.o(i.USBD_CtlPrepareRx) refers to usbd_conf.o(i.USBD_LL_PrepareReceive) for USBD_LL_PrepareReceive
    usbd_ioreq.o(i.USBD_CtlReceiveStatus) refers to usbd_conf.o(i.USBD_LL_PrepareReceive) for USBD_LL_PrepareReceive
    usbd_ioreq.o(i.USBD_CtlSendData) refers to usbd_conf.o(i.USBD_LL_Transmit) for USBD_LL_Transmit
    usbd_ioreq.o(i.USBD_CtlSendStatus) refers to usbd_conf.o(i.USBD_LL_Transmit) for USBD_LL_Transmit
    usbd_ioreq.o(i.USBD_GetRxCount) refers to usbd_conf.o(i.USBD_LL_GetRxDataSize) for USBD_LL_GetRxDataSize
    usbd_cdc.o(i.USBD_CDC_DataOut) refers to usbd_conf.o(i.USBD_LL_GetRxDataSize) for USBD_LL_GetRxDataSize
    usbd_cdc.o(i.USBD_CDC_DeInit) refers to usbd_conf.o(i.USBD_LL_CloseEP) for USBD_LL_CloseEP
    usbd_cdc.o(i.USBD_CDC_DeInit) refers to usbd_conf.o(i.USBD_static_free) for USBD_static_free
    usbd_cdc.o(i.USBD_CDC_GetDeviceQualifierDescriptor) refers to usbd_cdc.o(.data) for .data
    usbd_cdc.o(i.USBD_CDC_GetFSCfgDesc) refers to usbd_cdc.o(.data) for .data
    usbd_cdc.o(i.USBD_CDC_GetHSCfgDesc) refers to usbd_cdc.o(.data) for .data
    usbd_cdc.o(i.USBD_CDC_GetOtherSpeedCfgDesc) refers to usbd_cdc.o(.data) for .data
    usbd_cdc.o(i.USBD_CDC_Init) refers to usbd_conf.o(i.USBD_LL_OpenEP) for USBD_LL_OpenEP
    usbd_cdc.o(i.USBD_CDC_Init) refers to usbd_conf.o(i.USBD_static_malloc) for USBD_static_malloc
    usbd_cdc.o(i.USBD_CDC_Init) refers to usbd_conf.o(i.USBD_LL_PrepareReceive) for USBD_LL_PrepareReceive
    usbd_cdc.o(i.USBD_CDC_ReceivePacket) refers to usbd_conf.o(i.USBD_LL_PrepareReceive) for USBD_LL_PrepareReceive
    usbd_cdc.o(i.USBD_CDC_Setup) refers to usbd_ioreq.o(i.USBD_CtlPrepareRx) for USBD_CtlPrepareRx
    usbd_cdc.o(i.USBD_CDC_Setup) refers to usbd_ioreq.o(i.USBD_CtlSendData) for USBD_CtlSendData
    usbd_cdc.o(i.USBD_CDC_Setup) refers to usbd_cdc.o(.data) for .data
    usbd_cdc.o(i.USBD_CDC_TransmitPacket) refers to usbd_conf.o(i.USBD_LL_Transmit) for USBD_LL_Transmit
    usbd_cdc.o(.data) refers to usbd_cdc.o(i.USBD_CDC_Init) for USBD_CDC_Init
    usbd_cdc.o(.data) refers to usbd_cdc.o(i.USBD_CDC_DeInit) for USBD_CDC_DeInit
    usbd_cdc.o(.data) refers to usbd_cdc.o(i.USBD_CDC_Setup) for USBD_CDC_Setup
    usbd_cdc.o(.data) refers to usbd_cdc.o(i.USBD_CDC_EP0_RxReady) for USBD_CDC_EP0_RxReady
    usbd_cdc.o(.data) refers to usbd_cdc.o(i.USBD_CDC_DataIn) for USBD_CDC_DataIn
    usbd_cdc.o(.data) refers to usbd_cdc.o(i.USBD_CDC_DataOut) for USBD_CDC_DataOut
    usbd_cdc.o(.data) refers to usbd_cdc.o(i.USBD_CDC_GetHSCfgDesc) for USBD_CDC_GetHSCfgDesc
    usbd_cdc.o(.data) refers to usbd_cdc.o(i.USBD_CDC_GetFSCfgDesc) for USBD_CDC_GetFSCfgDesc
    usbd_cdc.o(.data) refers to usbd_cdc.o(i.USBD_CDC_GetOtherSpeedCfgDesc) for USBD_CDC_GetOtherSpeedCfgDesc
[...]
    stm32f3_discovery.o(i.SPIx_Init) refers to stm32f3xx_hal_spi.o(i.HAL_SPI_Init) for HAL_SPI_Init
    stm32f3_discovery.o(i.SPIx_Init) refers to stm32f3_discovery.o(.bss) for .bss
    stm32f3_discovery.o(i.SPIx_WriteRead) refers to stm32f3xx_hal_spi.o(i.HAL_SPI_TransmitReceive) for HAL_SPI_TransmitReceive
    stm32f3_discovery.o(i.SPIx_WriteRead) refers to stm32f3xx_hal_spi.o(i.HAL_SPI_DeInit) for HAL_SPI_DeInit
    stm32f3_discovery.o(i.SPIx_WriteRead) refers to stm32f3_discovery.o(i.SPIx_Init) for SPIx_Init
    stm32f3_discovery.o(i.SPIx_WriteRead) refers to stm32f3_discovery.o(.data) for .data
    stm32f3_discovery.o(i.SPIx_WriteRead) refers to stm32f3_discovery.o(.bss) for .bss
    stm32f3_discovery_accelerometer.o(i.BSP_ACCELERO_GetXYZ) refers to stm32f3_discovery_accelerometer.o(.data) for .data
    stm32f3_discovery_accelerometer.o(i.BSP_ACCELERO_Init) refers to lsm303dlhc.o(.data) for Lsm303dlhcDrv
    stm32f3_discovery_accelerometer.o(i.BSP_ACCELERO_Init) refers to stm32f3_discovery_accelerometer.o(.data) for .data
    stm32f3_discovery_accelerometer.o(i.BSP_ACCELERO_Reset) refers to stm32f3_discovery_accelerometer.o(.data) for .data
    stm32f3_discovery_gyroscope.o(i.BSP_GYRO_DisableIT) refers to stm32f3_discovery_gyroscope.o(.data) for .data
    stm32f3_discovery_gyroscope.o(i.BSP_GYRO_EnableIT) refers to stm32f3_discovery_gyroscope.o(.data) for .data
    stm32f3_discovery_gyroscope.o(i.BSP_GYRO_GetXYZ) refers to stm32f3_discovery_gyroscope.o(.data) for .data
    stm32f3_discovery_gyroscope.o(i.BSP_GYRO_ITConfig) refers to stm32f3_discovery_gyroscope.o(.data) for .data
    stm32f3_discovery_gyroscope.o(i.BSP_GYRO_Init) refers to l3gd20.o(.data) for L3gd20Drv
    stm32f3_discovery_gyroscope.o(i.BSP_GYRO_Init) refers to stm32f3_discovery_gyroscope.o(.data) for .data
    stm32f3_discovery_gyroscope.o(i.BSP_GYRO_ReadID) refers to stm32f3_discovery_gyroscope.o(.data) for .data
    stm32f3_discovery_gyroscope.o(i.BSP_GYRO_Reset) refers to stm32f3_discovery_gyroscope.o(.data) for .data
    l3gd20.o(i.L3GD20_DisableIT) refers to stm32f3_discovery.o(i.GYRO_IO_Read) for GYRO_IO_Read
    l3gd20.o(i.L3GD20_DisableIT) refers to stm32f3_discovery.o(i.GYRO_IO_Write) for GYRO_IO_Write
    l3gd20.o(i.L3GD20_EnableIT) refers to stm32f3_discovery.o(i.GYRO_IO_Read) for GYRO_IO_Read
    l3gd20.o(i.L3GD20_EnableIT) refers to stm32f3_discovery.o(i.GYRO_IO_Write) for GYRO_IO_Write
    l3gd20.o(i.L3GD20_FilterCmd) refers to stm32f3_discovery.o(i.GYRO_IO_Read) for GYRO_IO_Read
    l3gd20.o(i.L3GD20_FilterCmd) refers to stm32f3_discovery.o(i.GYRO_IO_Write) for GYRO_IO_Write
    l3gd20.o(i.L3GD20_FilterConfig) refers to stm32f3_discovery.o(i.GYRO_IO_Read) for GYRO_IO_Read
    l3gd20.o(i.L3GD20_FilterConfig) refers to stm32f3_discovery.o(i.GYRO_IO_Write) for GYRO_IO_Write
    l3gd20.o(i.L3GD20_GetDataStatus) refers to stm32f3_discovery.o(i.GYRO_IO_Read) for GYRO_IO_Read
    l3gd20.o(i.L3GD20_INT1InterruptConfig) refers to stm32f3_discovery.o(i.GYRO_IO_Read) for GYRO_IO_Read
    l3gd20.o(i.L3GD20_INT1InterruptConfig) refers to stm32f3_discovery.o(i.GYRO_IO_Write) for GYRO_IO_Write
    l3gd20.o(i.L3GD20_Init) refers to stm32f3_discovery.o(i.GYRO_IO_Init) for GYRO_IO_Init
    l3gd20.o(i.L3GD20_Init) refers to stm32f3_discovery.o(i.GYRO_IO_Write) for GYRO_IO_Write
    l3gd20.o(i.L3GD20_ReadID) refers to stm32f3_discovery.o(i.GYRO_IO_Init) for GYRO_IO_Init
    l3gd20.o(i.L3GD20_ReadID) refers to stm32f3_discovery.o(i.GYRO_IO_Read) for GYRO_IO_Read
    l3gd20.o(i.L3GD20_ReadXYZAngRate) refers to stm32f3_discovery.o(i.GYRO_IO_Read) for GYRO_IO_Read
    l3gd20.o(i.L3GD20_RebootCmd) refers to stm32f3_discovery.o(i.GYRO_IO_Read) for GYRO_IO_Read
    l3gd20.o(i.L3GD20_RebootCmd) refers to stm32f3_discovery.o(i.GYRO_IO_Write) for GYRO_IO_Write
    l3gd20.o(.data) refers to l3gd20.o(i.L3GD20_Init) for L3GD20_Init
    l3gd20.o(.data) refers to l3gd20.o(i.L3GD20_ReadID) for L3GD20_ReadID
    l3gd20.o(.data) refers to l3gd20.o(i.L3GD20_RebootCmd) for L3GD20_RebootCmd
    l3gd20.o(.data) refers to l3gd20.o(i.L3GD20_INT1InterruptConfig) for L3GD20_INT1InterruptConfig
    l3gd20.o(.data) refers to l3gd20.o(i.L3GD20_EnableIT) for L3GD20_EnableIT
    l3gd20.o(.data) refers to l3gd20.o(i.L3GD20_DisableIT) for L3GD20_DisableIT
    l3gd20.o(.data) refers to l3gd20.o(i.L3GD20_FilterConfig) for L3GD20_FilterConfig
    l3gd20.o(.data) refers to l3gd20.o(i.L3GD20_FilterCmd) for L3GD20_FilterCmd
    l3gd20.o(.data) refers to l3gd20.o(i.L3GD20_ReadXYZAngRate) for L3GD20_ReadXYZAngRate
    lsm303dlhc.o(i.LSM303DLHC_AccClickITDisable) refers to stm32f3_discovery.o(i.COMPASSACCELERO_IO_Read) for COMPASSACCELERO_IO_Read
    lsm303dlhc.o(i.LSM303DLHC_AccClickITDisable) refers to stm32f3_discovery.o(i.COMPASSACCELERO_IO_Write) for COMPASSACCELERO_IO_Write
    lsm303dlhc.o(i.LSM303DLHC_AccClickITEnable) refers to stm32f3_discovery.o(i.COMPASSACCELERO_IO_Read) for COMPASSACCELERO_IO_Read
    lsm303dlhc.o(i.LSM303DLHC_AccClickITEnable) refers to stm32f3_discovery.o(i.COMPASSACCELERO_IO_Write) for COMPASSACCELERO_IO_Write
    lsm303dlhc.o(i.LSM303DLHC_AccFilterClickCmd) refers to stm32f3_discovery.o(i.COMPASSACCELERO_IO_Read) for COMPASSACCELERO_IO_Read
    lsm303dlhc.o(i.LSM303DLHC_AccFilterClickCmd) refers to stm32f3_discovery.o(i.COMPASSACCELERO_IO_Write) for COMPASSACCELERO_IO_Write
    lsm303dlhc.o(i.LSM303DLHC_AccFilterCmd) refers to stm32f3_discovery.o(i.COMPASSACCELERO_IO_Read) for COMPASSACCELERO_IO_Read
    lsm303dlhc.o(i.LSM303DLHC_AccFilterCmd) refers to stm32f3_discovery.o(i.COMPASSACCELERO_IO_Write) for COMPASSACCELERO_IO_Write
    lsm303dlhc.o(i.LSM303DLHC_AccFilterConfig) refers to stm32f3_discovery.o(i.COMPASSACCELERO_IO_Read) for COMPASSACCELERO_IO_Read
    lsm303dlhc.o(i.LSM303DLHC_AccFilterConfig) refers to stm32f3_discovery.o(i.COMPASSACCELERO_IO_Write) for COMPASSACCELERO_IO_Write
    lsm303dlhc.o(i.LSM303DLHC_AccINT1InterruptDisable) refers to stm32f3_discovery.o(i.COMPASSACCELERO_IO_Read) for COMPASSACCELERO_IO_Read
    lsm303dlhc.o(i.LSM303DLHC_AccINT1InterruptDisable) refers to stm32f3_discovery.o(i.COMPASSACCELERO_IO_Write) for COMPASSACCELERO_IO_Write
    lsm303dlhc.o(i.LSM303DLHC_AccINT1InterruptEnable) refers to stm32f3_discovery.o(i.COMPASSACCELERO_IO_Read) for COMPASSACCELERO_IO_Read
    lsm303dlhc.o(i.LSM303DLHC_AccINT1InterruptEnable) refers to stm32f3_discovery.o(i.COMPASSACCELERO_IO_Write) for COMPASSACCELERO_IO_Write
    lsm303dlhc.o(i.LSM303DLHC_AccINT2InterruptDisable) refers to stm32f3_discovery.o(i.COMPASSACCELERO_IO_Read) for COMPASSACCELERO_IO_Read
    lsm303dlhc.o(i.LSM303DLHC_AccINT2InterruptDisable) refers to stm32f3_discovery.o(i.COMPASSACCELERO_IO_Write) for COMPASSACCELERO_IO_Write
    lsm303dlhc.o(i.LSM303DLHC_AccINT2InterruptEnable) refers to stm32f3_discovery.o(i.COMPASSACCELERO_IO_Read) for COMPASSACCELERO_IO_Read
    lsm303dlhc.o(i.LSM303DLHC_AccINT2InterruptEnable) refers to stm32f3_discovery.o(i.COMPASSACCELERO_IO_Write) for COMPASSACCELERO_IO_Write
    lsm303dlhc.o(i.LSM303DLHC_AccIT1Disable) refers to stm32f3_discovery.o(i.COMPASSACCELERO_IO_Read) for COMPASSACCELERO_IO_Read
    lsm303dlhc.o(i.LSM303DLHC_AccIT1Disable) refers to stm32f3_discovery.o(i.COMPASSACCELERO_IO_Write) for COMPASSACCELERO_IO_Write
    lsm303dlhc.o(i.LSM303DLHC_AccIT1Enable) refers to stm32f3_discovery.o(i.COMPASSACCELERO_IO_Read) for COMPASSACCELERO_IO_Read
    lsm303dlhc.o(i.LSM303DLHC_AccIT1Enable) refers to stm32f3_discovery.o(i.COMPASSACCELERO_IO_Write) for COMPASSACCELERO_IO_Write
    lsm303dlhc.o(i.LSM303DLHC_AccIT2Disable) refers to stm32f3_discovery.o(i.COMPASSACCELERO_IO_Read) for COMPASSACCELERO_IO_Read
    lsm303dlhc.o(i.LSM303DLHC_AccIT2Disable) refers to stm32f3_discovery.o(i.COMPASSACCELERO_IO_Write) for COMPASSACCELERO_IO_Write
    lsm303dlhc.o(i.LSM303DLHC_AccIT2Enable) refers to stm32f3_discovery.o(i.COMPASSACCELERO_IO_Read) for COMPASSACCELERO_IO_Read
    lsm303dlhc.o(i.LSM303DLHC_AccIT2Enable) refers to stm32f3_discovery.o(i.COMPASSACCELERO_IO_Write) for COMPASSACCELERO_IO_Write
    lsm303dlhc.o(i.LSM303DLHC_AccInit) refers to stm32f3_discovery.o(i.COMPASSACCELERO_IO_Init) for COMPASSACCELERO_IO_Init
    lsm303dlhc.o(i.LSM303DLHC_AccInit) refers to stm32f3_discovery.o(i.COMPASSACCELERO_IO_Write) for COMPASSACCELERO_IO_Write
    lsm303dlhc.o(i.LSM303DLHC_AccReadID) refers to stm32f3_discovery.o(i.COMPASSACCELERO_IO_Init) for COMPASSACCELERO_IO_Init
    lsm303dlhc.o(i.LSM303DLHC_AccReadID) refers to stm32f3_discovery.o(i.COMPASSACCELERO_IO_Read) for COMPASSACCELERO_IO_Read
    lsm303dlhc.o(i.LSM303DLHC_AccReadXYZ) refers to stm32f3_discovery.o(i.COMPASSACCELERO_IO_Read) for COMPASSACCELERO_IO_Read
    lsm303dlhc.o(i.LSM303DLHC_AccRebootCmd) refers to stm32f3_discovery.o(i.COMPASSACCELERO_IO_Read) for COMPASSACCELERO_IO_Read
    lsm303dlhc.o(i.LSM303DLHC_AccRebootCmd) refers to stm32f3_discovery.o(i.COMPASSACCELERO_IO_Write) for COMPASSACCELERO_IO_Write
    lsm303dlhc.o(i.LSM303DLHC_AccZClickITConfig) refers to stm32f3_discovery.o(i.COMPASSACCELERO_IO_ITConfig) for COMPASSACCELERO_IO_ITConfig
    lsm303dlhc.o(i.LSM303DLHC_AccZClickITConfig) refers to lsm303dlhc.o(i.LSM303DLHC_AccIT1Enable) for LSM303DLHC_AccIT1Enable
    lsm303dlhc.o(i.LSM303DLHC_AccZClickITConfig) refers to lsm303dlhc.o(i.LSM303DLHC_AccFilterClickCmd) for LSM303DLHC_AccFilterClickCmd
    lsm303dlhc.o(i.LSM303DLHC_AccZClickITConfig) refers to lsm303dlhc.o(i.LSM303DLHC_AccClickITEnable) for LSM303DLHC_AccClickITEnable
    lsm303dlhc.o(.data) refers to lsm303dlhc.o(i.LSM303DLHC_AccInit) for LSM303DLHC_AccInit
    lsm303dlhc.o(.data) refers to lsm303dlhc.o(i.LSM303DLHC_AccReadID) for LSM303DLHC_AccReadID
    lsm303dlhc.o(.data) refers to lsm303dlhc.o(i.LSM303DLHC_AccRebootCmd) for LSM303DLHC_AccRebootCmd
    lsm303dlhc.o(.data) refers to lsm303dlhc.o(i.LSM303DLHC_AccZClickITConfig) for LSM303DLHC_AccZClickITConfig
    lsm303dlhc.o(.data) refers to lsm303dlhc.o(i.LSM303DLHC_AccFilterConfig) for LSM303DLHC_AccFilterConfig
    lsm303dlhc.o(.data) refers to lsm303dlhc.o(i.LSM303DLHC_AccFilterCmd) for LSM303DLHC_AccFilterCmd
    lsm303dlhc.o(.data) refers to lsm303dlhc.o(i.LSM303DLHC_AccReadXYZ) for LSM303DLHC_AccReadXYZ
    acos.o(i.__hardfp_acos) refers (Special) to iusefp.o(.text) for __I$use$fp
    acos.o(i.__hardfp_acos) refers to dunder.o(i.__mathlib_dbl_infnan) for __mathlib_dbl_infnan
    acos.o(i.__hardfp_acos) refers to errno.o(i.__set_errno) for __set_errno
    acos.o(i.__hardfp_acos) refers to dunder.o(i.__mathlib_dbl_invalid) for __mathlib_dbl_invalid
    acos.o(i.__hardfp_acos) refers to dmul.o(.text) for __aeabi_dmul
    acos.o(i.__hardfp_acos) refers to poly.o(i.__kernel_poly) for __kernel_poly
    acos.o(i.__hardfp_acos) refers to dadd.o(.text) for __aeabi_dadd
    acos.o(i.__hardfp_acos) refers to ddiv.o(.text) for __aeabi_ddiv
    acos.o(i.__hardfp_acos) refers to sqrt.o(i.sqrt) for sqrt
    acos.o(i.__hardfp_acos) refers to acos.o(.constdata) for .constdata
    acos.o(i.__softfp_acos) refers (Special) to iusefp.o(.text) for __I$use$fp
    acos.o(i.__softfp_acos) refers to acos.o(i.__hardfp_acos) for __hardfp_acos
    acos.o(i.acos) refers (Special) to iusefp.o(.text) for __I$use$fp
    acos.o(i.acos) refers to acos.o(i.__hardfp_acos) for __hardfp_acos
    acos.o(.constdata) refers (Special) to iusefp.o(.text) for __I$use$fp
    acos_x.o(i.____hardfp_acos$lsc) refers (Special) to iusefp.o(.text) for __I$use$fp
    acos_x.o(i.____hardfp_acos$lsc) refers to dunder.o(i.__mathlib_dbl_infnan) for __mathlib_dbl_infnan
    acos_x.o(i.____hardfp_acos$lsc) refers to errno.o(i.__set_errno) for __set_errno
    acos_x.o(i.____hardfp_acos$lsc) refers to dmul.o(.text) for __aeabi_dmul
    acos_x.o(i.____hardfp_acos$lsc) refers to poly.o(i.__kernel_poly) for __kernel_poly
    acos_x.o(i.____hardfp_acos$lsc) refers to dadd.o(.text) for __aeabi_dadd
    acos_x.o(i.____hardfp_acos$lsc) refers to ddiv.o(.text) for __aeabi_ddiv
    acos_x.o(i.____hardfp_acos$lsc) refers to sqrt.o(i.sqrt) for sqrt
    acos_x.o(i.____hardfp_acos$lsc) refers to acos_x.o(.constdata) for .constdata
    acos_x.o(i.____softfp_acos$lsc) refers (Special) to iusefp.o(.text) for __I$use$fp
    acos_x.o(i.____softfp_acos$lsc) refers to acos_x.o(i.____hardfp_acos$lsc) for ____hardfp_acos$lsc
    acos_x.o(i.__acos$lsc) refers (Special) to iusefp.o(.text) for __I$use$fp
    acos_x.o(i.__acos$lsc) refers to acos_x.o(i.____hardfp_acos$lsc) for ____hardfp_acos$lsc
    acos_x.o(.constdata) refers (Special) to iusefp.o(.text) for __I$use$fp
    atan2f.o(i.__hardfp_atan2f) refers (Special) to iusefp.o(.text) for __I$use$fp
    atan2f.o(i.__hardfp_atan2f) refers to fpclassifyf.o(i.__ARM_fpclassifyf) for __ARM_fpclassifyf
    atan2f.o(i.__hardfp_atan2f) refers to funder.o(i.__mathlib_flt_underflow) for __mathlib_flt_underflow
    atan2f.o(i.__hardfp_atan2f) refers to funder.o(i.__mathlib_flt_infnan2) for __mathlib_flt_infnan2
    atan2f.o(i.__softfp_atan2f) refers (Special) to iusefp.o(.text) for __I$use$fp
    atan2f.o(i.__softfp_atan2f) refers to atan2f.o(i.__hardfp_atan2f) for __hardfp_atan2f
    atan2f.o(i.atan2f) refers (Special) to iusefp.o(.text) for __I$use$fp
    atan2f.o(i.atan2f) refers to atan2f.o(i.__hardfp_atan2f) for __hardfp_atan2f
    atan2f_x.o(i.____hardfp_atan2f$lsc) refers (Special) to iusefp.o(.text) for __I$use$fp
    atan2f_x.o(i.____hardfp_atan2f$lsc) refers to funder.o(i.__mathlib_flt_infnan2) for __mathlib_flt_infnan2
    atan2f_x.o(i.____hardfp_atan2f$lsc) refers to errno.o(i.__set_errno) for __set_errno
    atan2f_x.o(i.____softfp_atan2f$lsc) refers (Special) to iusefp.o(.text) for __I$use$fp
    atan2f_x.o(i.____softfp_atan2f$lsc) refers to atan2f_x.o(i.____hardfp_atan2f$lsc) for ____hardfp_atan2f$lsc
    atan2f_x.o(i.__atan2f$lsc) refers (Special) to iusefp.o(.text) for __I$use$fp
    atan2f_x.o(i.__atan2f$lsc) refers to atan2f_x.o(i.____hardfp_atan2f$lsc) for ____hardfp_atan2f$lsc
    sqrt.o(i.__hardfp_sqrt) refers (Special) to iusefp.o(.text) for __I$use$fp
    sqrt.o(i.__hardfp_sqrt) refers to dsqrt.o(.text) for _dsqrt
    sqrt.o(i.__hardfp_sqrt) refers to errno.o(i.__set_errno) for __set_errno
    sqrt.o(i.__softfp_sqrt) refers (Special) to iusefp.o(.text) for __I$use$fp
    sqrt.o(i.__softfp_sqrt) refers to dsqrt.o(.text) for _dsqrt
    sqrt.o(i.__softfp_sqrt) refers to errno.o(i.__set_errno) for __set_errno
    sqrt.o(i.sqrt) refers (Special) to iusefp.o(.text) for __I$use$fp
    sqrt.o(i.sqrt) refers to dsqrt.o(.text) for _dsqrt
    sqrt.o(i.sqrt) refers to errno.o(i.__set_errno) for __set_errno
    sqrt_x.o(i.____hardfp_sqrt$lsc) refers (Special) to iusefp.o(.text) for __I$use$fp
    sqrt_x.o(i.____hardfp_sqrt$lsc) refers to cdcmple.o(.text) for __aeabi_cdcmple
    sqrt_x.o(i.____hardfp_sqrt$lsc) refers to errno.o(i.__set_errno) for __set_errno
    sqrt_x.o(i.____hardfp_sqrt$lsc) refers to dsqrt.o(.text) for _dsqrt
    sqrt_x.o(i.____softfp_sqrt$lsc) refers (Special) to iusefp.o(.text) for __I$use$fp
    sqrt_x.o(i.____softfp_sqrt$lsc) refers to cdcmple.o(.text) for __aeabi_cdcmple
    sqrt_x.o(i.____softfp_sqrt$lsc) refers to errno.o(i.__set_errno) for __set_errno
    sqrt_x.o(i.____softfp_sqrt$lsc) refers to dsqrt.o(.text) for _dsqrt
    sqrt_x.o(i.__sqrt$lsc) refers (Special) to iusefp.o(.text) for __I$use$fp
    sqrt_x.o(i.__sqrt$lsc) refers to cdcmple.o(.text) for __aeabi_cdcmple
    sqrt_x.o(i.__sqrt$lsc) refers to errno.o(i.__set_errno) for __set_errno
    sqrt_x.o(i.__sqrt$lsc) refers to dsqrt.o(.text) for _dsqrt
    entry.o(.ARM.Collect$$$$00000000) refers (Special) to entry10a.o(.ARM.Collect$$$$0000000D) for __rt_final_cpp
    entry.o(.ARM.Collect$$$$00000000) refers (Special) to entry11a.o(.ARM.Collect$$$$0000000F) for __rt_final_exit
    entry.o(.ARM.Collect$$$$00000000) refers (Special) to entry7b.o(.ARM.Collect$$$$00000008) for _main_clock
    entry.o(.ARM.Collect$$$$00000000) refers (Special) to entry8b.o(.ARM.Collect$$$$0000000A) for _main_cpp_init
    entry.o(.ARM.Collect$$$$00000000) refers (Special) to entry9a.o(.ARM.Collect$$$$0000000B) for _main_init
    entry.o(.ARM.Collect$$$$00000000) refers (Special) to entry5.o(.ARM.Collect$$$$00000004) for _main_scatterload
    entry.o(.ARM.Collect$$$$00000000) refers (Special) to entry2.o(.ARM.Collect$$$$00000001) for _main_stk
    malloc.o(i.free) refers to mvars.o(.data) for __microlib_freelist
    malloc.o(i.malloc) refers to mvars.o(.data) for __microlib_freelist_initialised
    malloc.o(i.malloc) refers to mvars.o(.data) for __microlib_freelist
    malloc.o(i.malloc) refers to startup_stm32f303xc.o(HEAP) for __heap_base
    mallocr.o(i.__free$realloc) refers to mvars.o(.data) for __microlib_freelist
    mallocr.o(i.__malloc$realloc) refers to mallocr.o(i.internal_alloc) for internal_alloc
    mallocr.o(i.__malloc$realloc) refers to mvars.o(.data) for __microlib_freelist_initialised
    mallocr.o(i.__malloc$realloc) refers to startup_stm32f303xc.o(HEAP) for __heap_base
    mallocr.o(i.__malloc$realloc) refers to mvars.o(.data) for __microlib_freelist
    mallocr.o(i.internal_alloc) refers to memcpya.o(.text) for __aeabi_memcpy
    mallocr.o(i.internal_alloc) refers to mvars.o(.data) for __microlib_freelist
    mallocr.o(i.realloc) refers to mallocr.o(i.__free$realloc) for __free$realloc
    mallocr.o(i.realloc) refers to mallocr.o(i.internal_alloc) for internal_alloc
    mallocr.o(i.realloc) refers to mallocr.o(i.__malloc$realloc) for __malloc$realloc
    mallocr.o(i.realloc) refers to mvars.o(.data) for __microlib_freelist
    malloca.o(i.__aligned_malloc) refers to mvars.o(.data) for __microlib_freelist_initialised
    malloca.o(i.__aligned_malloc) refers to mvars.o(.data) for __microlib_freelist
    malloca.o(i.__aligned_malloc) refers to startup_stm32f303xc.o(HEAP) for __heap_base
    malloca.o(i.__free$memalign) refers to mvars.o(.data) for __microlib_freelist
    malloca.o(i.__malloc$memalign) refers to malloca.o(i.__aligned_malloc) for __aligned_malloc
    mallocra.o(i.__aligned_malloc$realloc) refers to mallocra.o(i.internal_alloc) for internal_alloc
    mallocra.o(i.__aligned_malloc$realloc) refers to mvars.o(.data) for __microlib_freelist_initialised
    mallocra.o(i.__aligned_malloc$realloc) refers to startup_stm32f303xc.o(HEAP) for __heap_base
    mallocra.o(i.__aligned_malloc$realloc) refers to mvars.o(.data) for __microlib_freelist
    mallocra.o(i.__free$realloc$memalign) refers to mvars.o(.data) for __microlib_freelist
    mallocra.o(i.__malloc$realloc$memalign) refers to mallocra.o(i.__aligned_malloc$realloc) for __aligned_malloc$realloc
    mallocra.o(i.__realloc$memalign) refers to mallocra.o(i.__free$realloc$memalign) for __free$realloc$memalign
    mallocra.o(i.__realloc$memalign) refers to mallocra.o(i.internal_alloc) for internal_alloc
    mallocra.o(i.__realloc$memalign) refers to mallocra.o(i.__malloc$realloc$memalign) for __malloc$realloc$memalign
    mallocra.o(i.__realloc$memalign) refers to mvars.o(.data) for __microlib_freelist
    mallocra.o(i.internal_alloc) refers to memcpya.o(.text) for __aeabi_memcpy
    mallocra.o(i.internal_alloc) refers to mvars.o(.data) for __microlib_freelist
    dadd.o(.text) refers (Special) to iusefp.o(.text) for __I$use$fp
    dadd.o(.text) refers to llshl.o(.text) for __aeabi_llsl
    dadd.o(.text) refers to llsshr.o(.text) for __aeabi_lasr
    dadd.o(.text) refers to depilogue.o(.text) for _double_epilogue
    dflti.o(.text) refers (Special) to iusefp.o(.text) for __I$use$fp
    dflti.o(.text) refers to depilogue.o(.text) for _double_epilogue
    f2d.o(.text) refers (Special) to iusefp.o(.text) for __I$use$fp
    dunder.o(i.__mathlib_dbl_divzero) refers to ddiv.o(.text) for __aeabi_ddiv
    dunder.o(i.__mathlib_dbl_infnan) refers to dadd.o(.text) for __aeabi_dadd
    dunder.o(i.__mathlib_dbl_infnan2) refers to dadd.o(.text) for __aeabi_dadd
    dunder.o(i.__mathlib_dbl_invalid) refers to ddiv.o(.text) for __aeabi_ddiv
    dunder.o(i.__mathlib_dbl_overflow) refers to dmul.o(.text) for __aeabi_dmul
    dunder.o(i.__mathlib_dbl_posinfnan) refers to dmul.o(.text) for __aeabi_dmul
    dunder.o(i.__mathlib_dbl_underflow) refers to dmul.o(.text) for __aeabi_dmul
    fpclassifyf.o(i.__ARM_fpclassifyf) refers (Special) to iusefp.o(.text) for __I$use$fp
    poly.o(i.__kernel_poly) refers (Special) to iusefp.o(.text) for __I$use$fp
    poly.o(i.__kernel_poly) refers to dmul.o(.text) for __aeabi_dmul
    poly.o(i.__kernel_poly) refers to dadd.o(.text) for __aeabi_dadd
    entry2.o(.ARM.Collect$$$$00000001) refers to entry2.o(.ARM.Collect$$$$00002712) for __lit__00000000
    entry2.o(.ARM.Collect$$$$00002712) refers to startup_stm32f303xc.o(STACK) for __initial_sp
    entry2.o(__vectab_stack_and_reset_area) refers to startup_stm32f303xc.o(STACK) for __initial_sp
    entry2.o(__vectab_stack_and_reset_area) refers to entry.o(.ARM.Collect$$$$00000000) for __main
    entry5.o(.ARM.Collect$$$$00000004) refers to init.o(.text) for __scatterload
    entry9a.o(.ARM.Collect$$$$0000000B) refers to main.o(i.main) for main
    entry9b.o(.ARM.Collect$$$$0000000C) refers to main.o(i.main) for main
    errno.o(i.__aeabi_errno_addr) refers to errno.o(.data) for .data
    errno.o(i.__read_errno) refers to errno.o(.data) for .data
    errno.o(i.__set_errno) refers to errno.o(.data) for .data
    depilogue.o(.text) refers to llshl.o(.text) for __aeabi_llsl
    depilogue.o(.text) refers to llushr.o(.text) for __aeabi_llsr
    dmul.o(.text) refers to depilogue.o(.text) for _double_epilogue
    ddiv.o(.text) refers to depilogue.o(.text) for _double_round
    dsqrt.o(.text) refers to llushr.o(.text) for __aeabi_llsr
    dsqrt.o(.text) refers to depilogue.o(.text) for _double_round
    init.o(.text) refers to entry5.o(.ARM.Collect$$$$00000004) for __main_after_scatterload


==============================================================================

Removing Unused input sections from the image.

    Removing system_stm32f3xx.o(.rev16_text), (4 bytes).
    Removing system_stm32f3xx.o(.revsh_text), (4 bytes).
    Removing system_stm32f3xx.o(.rrx_text), (6 bytes).
    Removing system_stm32f3xx.o(i.SystemCoreClockUpdate), (112 bytes).
    Removing system_stm32f3xx.o(.constdata), (16 bytes).
    Removing usbd_core.o(.rev16_text), (4 bytes).
    Removing usbd_core.o(.revsh_text), (4 bytes).
    Removing usbd_core.o(.rrx_text), (6 bytes).
    Removing usbd_core.o(i.USBD_DeInit), (38 bytes).
    Removing usbd_core.o(i.USBD_LL_DevConnected), (4 bytes).
    Removing usbd_core.o(i.USBD_LL_DevDisconnected), (22 bytes).
    Removing usbd_core.o(i.USBD_LL_IsoINIncomplete), (4 bytes).
    Removing usbd_core.o(i.USBD_LL_IsoOUTIncomplete), (4 bytes).
    Removing usbd_core.o(i.USBD_RunTestMode), (4 bytes).
    Removing usbd_core.o(i.USBD_Stop), (26 bytes).
    Removing usbd_ioreq.o(.rev16_text), (4 bytes).
    Removing usbd_ioreq.o(.revsh_text), (4 bytes).
    Removing usbd_ioreq.o(.rrx_text), (6 bytes).
    Removing usbd_ioreq.o(i.USBD_GetRxCount), (10 bytes).
    Removing usbd_cdc.o(.rev16_text), (4 bytes).
    Removing usbd_cdc.o(.revsh_text), (4 bytes).
    Removing usbd_cdc.o(.rrx_text), (6 bytes).
    Removing usbd_cdc.o(i.USBD_CDC_TransmitPacket), (48 bytes).
    Removing usbd_ctlreq.o(.rev16_text), (4 bytes).
    Removing usbd_ctlreq.o(.revsh_text), (4 bytes).
    Removing usbd_ctlreq.o(.rrx_text), (6 bytes).
    Removing startup_stm32f303xc.o(HEAP), (1024 bytes).
    Removing stm32f3xx_hal_flash_ex.o(.rev16_text), (4 bytes).
    Removing stm32f3xx_hal_flash_ex.o(.revsh_text), (4 bytes).
    Removing stm32f3xx_hal_flash_ex.o(.rrx_text), (6 bytes).
    Removing stm32f3xx_hal_flash_ex.o(i.FLASH_MassErase), (36 bytes).
    Removing stm32f3xx_hal_flash_ex.o(i.FLASH_OB_DisableWRP), (176 bytes).
    Removing stm32f3xx_hal_flash_ex.o(i.FLASH_OB_EnableWRP), (176 bytes).
    Removing stm32f3xx_hal_flash_ex.o(i.FLASH_OB_GetRDP), (32 bytes).
    Removing stm32f3xx_hal_flash_ex.o(i.FLASH_OB_RDP_LevelConfig), (100 bytes).
    Removing stm32f3xx_hal_flash_ex.o(i.FLASH_PageErase), (36 bytes).
    Removing stm32f3xx_hal_flash_ex.o(i.HAL_FLASHEx_Erase), (168 bytes).
    Removing stm32f3xx_hal_flash_ex.o(i.HAL_FLASHEx_Erase_IT), (84 bytes).
    Removing stm32f3xx_hal_flash_ex.o(i.HAL_FLASHEx_OBErase), (84 bytes).
    Removing stm32f3xx_hal_flash_ex.o(i.HAL_FLASHEx_OBGetConfig), (48 bytes).
    Removing stm32f3xx_hal_flash_ex.o(i.HAL_FLASHEx_OBGetUserData), (48 bytes).
    Removing stm32f3xx_hal_flash_ex.o(i.HAL_FLASHEx_OBProgram), (200 bytes).
    Removing stm32f3xx_hal_rtc_ex.o(.rev16_text), (4 bytes).
    Removing stm32f3xx_hal_rtc_ex.o(.revsh_text), (4 bytes).
    Removing stm32f3xx_hal_rtc_ex.o(.rrx_text), (6 bytes).
    Removing stm32f3xx_hal_pwr_ex.o(.rev16_text), (4 bytes).
    Removing stm32f3xx_hal_pwr_ex.o(.revsh_text), (4 bytes).
    Removing stm32f3xx_hal_pwr_ex.o(.rrx_text), (6 bytes).
    Removing stm32f3xx_hal_pwr_ex.o(i.HAL_PWR_ConfigPVD), (124 bytes).
    Removing stm32f3xx_hal_pwr_ex.o(i.HAL_PWR_DisablePVD), (16 bytes).
    Removing stm32f3xx_hal_pwr_ex.o(i.HAL_PWR_EnablePVD), (16 bytes).
    Removing stm32f3xx_hal_pwr_ex.o(i.HAL_PWR_PVDCallback), (2 bytes).
    Removing stm32f3xx_hal_pwr_ex.o(i.HAL_PWR_PVD_IRQHandler), (28 bytes).
    Removing stm32f3xx_hal_cortex.o(.rev16_text), (4 bytes).
    Removing stm32f3xx_hal_cortex.o(.revsh_text), (4 bytes).
    Removing stm32f3xx_hal_cortex.o(.rrx_text), (6 bytes).
    Removing stm32f3xx_hal_cortex.o(i.HAL_MPU_ConfigRegion), (84 bytes).
    Removing stm32f3xx_hal_cortex.o(i.HAL_NVIC_ClearPendingIRQ), (22 bytes).
    Removing stm32f3xx_hal_cortex.o(i.HAL_NVIC_DisableIRQ), (22 bytes).
    Removing stm32f3xx_hal_cortex.o(i.HAL_NVIC_GetActive), (32 bytes).
    Removing stm32f3xx_hal_cortex.o(i.HAL_NVIC_GetPendingIRQ), (32 bytes).
    Removing stm32f3xx_hal_cortex.o(i.HAL_NVIC_GetPriority), (82 bytes).
    Removing stm32f3xx_hal_cortex.o(i.HAL_NVIC_GetPriorityGrouping), (16 bytes).
    Removing stm32f3xx_hal_cortex.o(i.HAL_NVIC_SetPendingIRQ), (22 bytes).
    Removing stm32f3xx_hal_cortex.o(i.HAL_NVIC_SystemReset), (36 bytes).
    Removing stm32f3xx_hal_cortex.o(i.HAL_SYSTICK_Callback), (2 bytes).
    Removing stm32f3xx_hal_cortex.o(i.HAL_SYSTICK_IRQHandler), (8 bytes).
    Removing stm32f3xx_hal_spi.o(.rev16_text), (4 bytes).
    Removing stm32f3xx_hal_spi.o(.revsh_text), (4 bytes).
    Removing stm32f3xx_hal_spi.o(.rrx_text), (6 bytes).
    Removing stm32f3xx_hal_spi.o(i.HAL_SPI_DMAPause), (38 bytes).
    Removing stm32f3xx_hal_spi.o(i.HAL_SPI_DMAResume), (38 bytes).
    Removing stm32f3xx_hal_spi.o(i.HAL_SPI_DMAStop), (40 bytes).
    Removing stm32f3xx_hal_spi.o(i.HAL_SPI_DeInit), (46 bytes).
    Removing stm32f3xx_hal_spi.o(i.HAL_SPI_ErrorCallback), (2 bytes).
    Removing stm32f3xx_hal_spi.o(i.HAL_SPI_GetError), (4 bytes).
    Removing stm32f3xx_hal_spi.o(i.HAL_SPI_GetState), (6 bytes).
    Removing stm32f3xx_hal_spi.o(i.HAL_SPI_IRQHandler), (138 bytes).
    Removing stm32f3xx_hal_spi.o(i.HAL_SPI_MspDeInit), (2 bytes).
    Removing stm32f3xx_hal_spi.o(i.HAL_SPI_MspInit), (2 bytes).
    Removing stm32f3xx_hal_spi.o(i.HAL_SPI_Receive), (556 bytes).
    Removing stm32f3xx_hal_spi.o(i.HAL_SPI_Receive_DMA), (288 bytes).
    Removing stm32f3xx_hal_spi.o(i.HAL_SPI_Receive_IT), (256 bytes).
    Removing stm32f3xx_hal_spi.o(i.HAL_SPI_RxCpltCallback), (2 bytes).
    Removing stm32f3xx_hal_spi.o(i.HAL_SPI_RxHalfCpltCallback), (2 bytes).
    Removing stm32f3xx_hal_spi.o(i.HAL_SPI_Transmit), (362 bytes).
    Removing stm32f3xx_hal_spi.o(i.HAL_SPI_TransmitReceive), (646 bytes).
    Removing stm32f3xx_hal_spi.o(i.HAL_SPI_TransmitReceive_DMA), (436 bytes).
    Removing stm32f3xx_hal_spi.o(i.HAL_SPI_TransmitReceive_IT), (268 bytes).
    Removing stm32f3xx_hal_spi.o(i.HAL_SPI_Transmit_DMA), (268 bytes).
    Removing stm32f3xx_hal_spi.o(i.HAL_SPI_Transmit_IT), (176 bytes).
    Removing stm32f3xx_hal_spi.o(i.HAL_SPI_TxCpltCallback), (2 bytes).
    Removing stm32f3xx_hal_spi.o(i.HAL_SPI_TxHalfCpltCallback), (2 bytes).
    Removing stm32f3xx_hal_spi.o(i.HAL_SPI_TxRxCpltCallback), (2 bytes).
    Removing stm32f3xx_hal_spi.o(i.HAL_SPI_TxRxHalfCpltCallback), (2 bytes).
    Removing stm32f3xx_hal_spi.o(i.SPI_2linesRxISR_16BIT), (68 bytes).
    Removing stm32f3xx_hal_spi.o(i.SPI_2linesRxISR_16BITCRC), (28 bytes).
    Removing stm32f3xx_hal_spi.o(i.SPI_2linesRxISR_8BIT), (120 bytes).
    Removing stm32f3xx_hal_spi.o(i.SPI_2linesRxISR_8BITCRC), (46 bytes).
    Removing stm32f3xx_hal_spi.o(i.SPI_2linesTxISR_16BIT), (68 bytes).
    Removing stm32f3xx_hal_spi.o(i.SPI_2linesTxISR_8BIT), (88 bytes).
    Removing stm32f3xx_hal_spi.o(i.SPI_CloseRxTx_ISR), (108 bytes).
    Removing stm32f3xx_hal_spi.o(i.SPI_CloseRx_ISR), (84 bytes).
    Removing stm32f3xx_hal_spi.o(i.SPI_CloseTx_ISR), (70 bytes).
    Removing stm32f3xx_hal_spi.o(i.SPI_DMAError), (34 bytes).
    Removing stm32f3xx_hal_spi.o(i.SPI_DMAHalfReceiveCplt), (10 bytes).
    Removing stm32f3xx_hal_spi.o(i.SPI_DMAHalfTransmitCplt), (10 bytes).
    Removing stm32f3xx_hal_spi.o(i.SPI_DMAHalfTransmitReceiveCplt), (10 bytes).
    Removing stm32f3xx_hal_spi.o(i.SPI_DMAReceiveCplt), (190 bytes).
    Removing stm32f3xx_hal_spi.o(i.SPI_DMATransmitCplt), (78 bytes).
    Removing stm32f3xx_hal_spi.o(i.SPI_DMATransmitReceiveCplt), (182 bytes).
    Removing stm32f3xx_hal_spi.o(i.SPI_EndRxTransaction), (108 bytes).
    Removing stm32f3xx_hal_spi.o(i.SPI_EndRxTxTransaction), (48 bytes).
    Removing stm32f3xx_hal_spi.o(i.SPI_RxISR_16BIT), (80 bytes).
    Removing stm32f3xx_hal_spi.o(i.SPI_RxISR_16BITCRC), (28 bytes).
    Removing stm32f3xx_hal_spi.o(i.SPI_RxISR_8BIT), (76 bytes).
    Removing stm32f3xx_hal_spi.o(i.SPI_RxISR_8BITCRC), (32 bytes).
    Removing stm32f3xx_hal_spi.o(i.SPI_TxISR_16BIT), (50 bytes).
    Removing stm32f3xx_hal_spi.o(i.SPI_TxISR_8BIT), (48 bytes).
    Removing stm32f3xx_hal_spi.o(i.SPI_WaitFifoStateUntilTimeout), (162 bytes).
    Removing stm32f3xx_hal_spi.o(i.SPI_WaitFlagStateUntilTimeout), (142 bytes).
    Removing stm32f3xx_hal_i2c.o(.rev16_text), (4 bytes).
    Removing stm32f3xx_hal_i2c.o(.revsh_text), (4 bytes).
    Removing stm32f3xx_hal_i2c.o(.rrx_text), (6 bytes).
    Removing stm32f3xx_hal_i2c.o(i.HAL_I2C_ER_IRQHandler), (118 bytes).
    Removing stm32f3xx_hal_i2c.o(i.HAL_I2C_EV_IRQHandler), (298 bytes).
    Removing stm32f3xx_hal_i2c.o(i.HAL_I2C_ErrorCallback), (2 bytes).
    Removing stm32f3xx_hal_i2c.o(i.HAL_I2C_GetError), (4 bytes).
    Removing stm32f3xx_hal_i2c.o(i.HAL_I2C_IsDeviceReady), (292 bytes).
    Removing stm32f3xx_hal_i2c.o(i.HAL_I2C_MasterRxCpltCallback), (2 bytes).
    Removing stm32f3xx_hal_i2c.o(i.HAL_I2C_MasterTxCpltCallback), (2 bytes).
    Removing stm32f3xx_hal_i2c.o(i.HAL_I2C_Master_Receive), (240 bytes).
    Removing stm32f3xx_hal_i2c.o(i.HAL_I2C_Master_Receive_DMA), (196 bytes).
    Removing stm32f3xx_hal_i2c.o(i.HAL_I2C_Master_Receive_IT), (134 bytes).
    Removing stm32f3xx_hal_i2c.o(i.HAL_I2C_Master_Transmit), (240 bytes).
    Removing stm32f3xx_hal_i2c.o(i.HAL_I2C_Master_Transmit_DMA), (212 bytes).
    Removing stm32f3xx_hal_i2c.o(i.HAL_I2C_Master_Transmit_IT), (134 bytes).
    Removing stm32f3xx_hal_i2c.o(i.HAL_I2C_MemRxCpltCallback), (2 bytes).
    Removing stm32f3xx_hal_i2c.o(i.HAL_I2C_MemTxCpltCallback), (2 bytes).
    Removing stm32f3xx_hal_i2c.o(i.HAL_I2C_Mem_Read_DMA), (216 bytes).
    Removing stm32f3xx_hal_i2c.o(i.HAL_I2C_Mem_Read_IT), (162 bytes).
    Removing stm32f3xx_hal_i2c.o(i.HAL_I2C_Mem_Write_DMA), (228 bytes).
    Removing stm32f3xx_hal_i2c.o(i.HAL_I2C_Mem_Write_IT), (160 bytes).
    Removing stm32f3xx_hal_i2c.o(i.HAL_I2C_MspDeInit), (2 bytes).
    Removing stm32f3xx_hal_i2c.o(i.HAL_I2C_MspInit), (2 bytes).
    Removing stm32f3xx_hal_i2c.o(i.HAL_I2C_SlaveRxCpltCallback), (2 bytes).
    Removing stm32f3xx_hal_i2c.o(i.HAL_I2C_SlaveTxCpltCallback), (2 bytes).
    Removing stm32f3xx_hal_i2c.o(i.HAL_I2C_Slave_Receive), (258 bytes).
    Removing stm32f3xx_hal_i2c.o(i.HAL_I2C_Slave_Receive_DMA), (172 bytes).
    Removing stm32f3xx_hal_i2c.o(i.HAL_I2C_Slave_Receive_IT), (80 bytes).
    Removing stm32f3xx_hal_i2c.o(i.HAL_I2C_Slave_Transmit), (274 bytes).
    Removing stm32f3xx_hal_i2c.o(i.HAL_I2C_Slave_Transmit_DMA), (200 bytes).
    Removing stm32f3xx_hal_i2c.o(i.HAL_I2C_Slave_Transmit_IT), (80 bytes).
    Removing stm32f3xx_hal_i2c.o(i.I2C_DMAError), (38 bytes).
    Removing stm32f3xx_hal_i2c.o(i.I2C_DMAMasterReceiveCplt), (336 bytes).
    Removing stm32f3xx_hal_i2c.o(i.I2C_DMAMasterTransmitCplt), (316 bytes).
    Removing stm32f3xx_hal_i2c.o(i.I2C_DMAMemReceiveCplt), (336 bytes).
    Removing stm32f3xx_hal_i2c.o(i.I2C_DMAMemTransmitCplt), (316 bytes).
    Removing stm32f3xx_hal_i2c.o(i.I2C_DMASlaveReceiveCplt), (112 bytes).
    Removing stm32f3xx_hal_i2c.o(i.I2C_DMASlaveTransmitCplt), (100 bytes).
    Removing stm32f3xx_hal_i2c.o(i.I2C_MasterReceive_ISR), (304 bytes).
    Removing stm32f3xx_hal_i2c.o(i.I2C_MasterTransmit_ISR), (320 bytes).
    Removing stm32f3xx_hal_i2c.o(i.I2C_SlaveReceive_ISR), (160 bytes).
    Removing stm32f3xx_hal_i2c.o(i.I2C_SlaveTransmit_ISR), (168 bytes).
    Removing stm32f3xx_hal_i2c.o(i.I2C_WaitOnRXNEFlagUntilTimeout), (128 bytes).
    Removing stm32f3xx_hal_tim.o(.rev16_text), (4 bytes).
    Removing stm32f3xx_hal_tim.o(.revsh_text), (4 bytes).
    Removing stm32f3xx_hal_tim.o(.rrx_text), (6 bytes).
    Removing stm32f3xx_hal_tim.o(i.HAL_TIM_Base_DeInit), (56 bytes).
    Removing stm32f3xx_hal_tim.o(i.HAL_TIM_Base_GetState), (6 bytes).
    Removing stm32f3xx_hal_tim.o(i.HAL_TIM_Base_MspDeInit), (2 bytes).
    Removing stm32f3xx_hal_tim.o(i.HAL_TIM_Base_Start), (26 bytes).
    Removing stm32f3xx_hal_tim.o(i.HAL_TIM_Base_Start_DMA), (92 bytes).
    Removing stm32f3xx_hal_tim.o(i.HAL_TIM_Base_Stop), (44 bytes).
    Removing stm32f3xx_hal_tim.o(i.HAL_TIM_Base_Stop_DMA), (48 bytes).
    Removing stm32f3xx_hal_tim.o(i.HAL_TIM_Base_Stop_IT), (42 bytes).
    Removing stm32f3xx_hal_tim.o(i.HAL_TIM_ConfigClockSource), (252 bytes).
    Removing stm32f3xx_hal_tim.o(i.HAL_TIM_ConfigOCrefClear), (170 bytes).
    Removing stm32f3xx_hal_tim.o(i.HAL_TIM_ConfigTI1Input), (16 bytes).
    Removing stm32f3xx_hal_tim.o(i.HAL_TIM_DMABurst_ReadStart), (260 bytes).
    Removing stm32f3xx_hal_tim.o(i.HAL_TIM_DMABurst_ReadStop), (96 bytes).
    Removing stm32f3xx_hal_tim.o(i.HAL_TIM_DMABurst_WriteStart), (260 bytes).
    Removing stm32f3xx_hal_tim.o(i.HAL_TIM_DMABurst_WriteStop), (96 bytes).
    Removing stm32f3xx_hal_tim.o(i.HAL_TIM_Encoder_DeInit), (56 bytes).
    Removing stm32f3xx_hal_tim.o(i.HAL_TIM_Encoder_GetState), (6 bytes).
    Removing stm32f3xx_hal_tim.o(i.HAL_TIM_Encoder_Init), (156 bytes).
    Removing stm32f3xx_hal_tim.o(i.HAL_TIM_Encoder_MspDeInit), (2 bytes).
    Removing stm32f3xx_hal_tim.o(i.HAL_TIM_Encoder_MspInit), (2 bytes).
    Removing stm32f3xx_hal_tim.o(i.HAL_TIM_Encoder_Start), (52 bytes).
    Removing stm32f3xx_hal_tim.o(i.HAL_TIM_Encoder_Start_DMA), (272 bytes).
    Removing stm32f3xx_hal_tim.o(i.HAL_TIM_Encoder_Start_IT), (92 bytes).
    Removing stm32f3xx_hal_tim.o(i.HAL_TIM_Encoder_Stop), (70 bytes).
    Removing stm32f3xx_hal_tim.o(i.HAL_TIM_Encoder_Stop_DMA), (116 bytes).
    Removing stm32f3xx_hal_tim.o(i.HAL_TIM_Encoder_Stop_IT), (116 bytes).
    Removing stm32f3xx_hal_tim.o(i.HAL_TIM_ErrorCallback), (2 bytes).
    Removing stm32f3xx_hal_tim.o(i.HAL_TIM_GenerateEvent), (38 bytes).
    Removing stm32f3xx_hal_tim.o(i.HAL_TIM_IC_ConfigChannel), (286 bytes).
    Removing stm32f3xx_hal_tim.o(i.HAL_TIM_IC_DeInit), (56 bytes).
    Removing stm32f3xx_hal_tim.o(i.HAL_TIM_IC_GetState), (6 bytes).
    Removing stm32f3xx_hal_tim.o(i.HAL_TIM_IC_Init), (54 bytes).
    Removing stm32f3xx_hal_tim.o(i.HAL_TIM_IC_MspDeInit), (2 bytes).
    Removing stm32f3xx_hal_tim.o(i.HAL_TIM_IC_MspInit), (2 bytes).
    Removing stm32f3xx_hal_tim.o(i.HAL_TIM_IC_Start), (26 bytes).
    Removing stm32f3xx_hal_tim.o(i.HAL_TIM_IC_Start_DMA), (200 bytes).
    Removing stm32f3xx_hal_tim.o(i.HAL_TIM_IC_Start_IT), (76 bytes).
    Removing stm32f3xx_hal_tim.o(i.HAL_TIM_IC_Stop), (44 bytes).
    Removing stm32f3xx_hal_tim.o(i.HAL_TIM_IC_Stop_DMA), (100 bytes).
    Removing stm32f3xx_hal_tim.o(i.HAL_TIM_IC_Stop_IT), (94 bytes).
    Removing stm32f3xx_hal_tim.o(i.HAL_TIM_OC_ConfigChannel), (86 bytes).
    Removing stm32f3xx_hal_tim.o(i.HAL_TIM_OC_DeInit), (56 bytes).
    Removing stm32f3xx_hal_tim.o(i.HAL_TIM_OC_GetState), (6 bytes).
    Removing stm32f3xx_hal_tim.o(i.HAL_TIM_OC_Init), (54 bytes).
    Removing stm32f3xx_hal_tim.o(i.HAL_TIM_OC_MspDeInit), (2 bytes).
    Removing stm32f3xx_hal_tim.o(i.HAL_TIM_OC_MspInit), (2 bytes).
    Removing stm32f3xx_hal_tim.o(i.HAL_TIM_OC_Start), (88 bytes).
    Removing stm32f3xx_hal_tim.o(i.HAL_TIM_OC_Start_DMA), (268 bytes).
    Removing stm32f3xx_hal_tim.o(i.HAL_TIM_OC_Start_IT), (136 bytes).
    Removing stm32f3xx_hal_tim.o(i.HAL_TIM_OC_Stop), (116 bytes).
    Removing stm32f3xx_hal_tim.o(i.HAL_TIM_OC_Stop_DMA), (172 bytes).
    Removing stm32f3xx_hal_tim.o(i.HAL_TIM_OC_Stop_IT), (168 bytes).
    Removing stm32f3xx_hal_tim.o(i.HAL_TIM_OnePulse_ConfigChannel), (224 bytes).
    Removing stm32f3xx_hal_tim.o(i.HAL_TIM_OnePulse_DeInit), (56 bytes).
    Removing stm32f3xx_hal_tim.o(i.HAL_TIM_OnePulse_GetState), (6 bytes).
    Removing stm32f3xx_hal_tim.o(i.HAL_TIM_OnePulse_Init), (74 bytes).
    Removing stm32f3xx_hal_tim.o(i.HAL_TIM_OnePulse_MspDeInit), (2 bytes).
    Removing stm32f3xx_hal_tim.o(i.HAL_TIM_OnePulse_MspInit), (2 bytes).
    Removing stm32f3xx_hal_tim.o(i.HAL_TIM_OnePulse_Start), (88 bytes).
    Removing stm32f3xx_hal_tim.o(i.HAL_TIM_OnePulse_Start_IT), (108 bytes).
    Removing stm32f3xx_hal_tim.o(i.HAL_TIM_OnePulse_Stop), (128 bytes).
    Removing stm32f3xx_hal_tim.o(i.HAL_TIM_OnePulse_Stop_IT), (148 bytes).
    Removing stm32f3xx_hal_tim.o(i.HAL_TIM_PWM_ConfigChannel), (208 bytes).
    Removing stm32f3xx_hal_tim.o(i.HAL_TIM_PWM_DeInit), (56 bytes).
    Removing stm32f3xx_hal_tim.o(i.HAL_TIM_PWM_GetState), (6 bytes).
    Removing stm32f3xx_hal_tim.o(i.HAL_TIM_PWM_MspDeInit), (2 bytes).
    Removing stm32f3xx_hal_tim.o(i.HAL_TIM_PWM_MspInit), (2 bytes).
    Removing stm32f3xx_hal_tim.o(i.HAL_TIM_PWM_Start_DMA), (268 bytes).
    Removing stm32f3xx_hal_tim.o(i.HAL_TIM_PWM_Start_IT), (136 bytes).
    Removing stm32f3xx_hal_tim.o(i.HAL_TIM_PWM_Stop), (124 bytes).
    Removing stm32f3xx_hal_tim.o(i.HAL_TIM_PWM_Stop_DMA), (172 bytes).
    Removing stm32f3xx_hal_tim.o(i.HAL_TIM_PWM_Stop_IT), (168 bytes).
    Removing stm32f3xx_hal_tim.o(i.HAL_TIM_PeriodElapsedCallback), (2 bytes).
    Removing stm32f3xx_hal_tim.o(i.HAL_TIM_ReadCapturedValue), (68 bytes).
    Removing stm32f3xx_hal_tim.o(i.HAL_TIM_SlaveConfigSynchronization), (66 bytes).
    Removing stm32f3xx_hal_tim.o(i.HAL_TIM_SlaveConfigSynchronization_IT), (66 bytes).
    Removing stm32f3xx_hal_tim.o(i.TIM_DMACaptureCplt), (62 bytes).
    Removing stm32f3xx_hal_tim.o(i.TIM_DMADelayPulseCplt), (62 bytes).
    Removing stm32f3xx_hal_tim.o(i.TIM_DMAError), (16 bytes).
    Removing stm32f3xx_hal_tim.o(i.TIM_DMAPeriodElapsedCplt), (16 bytes).
    Removing stm32f3xx_hal_tim.o(i.TIM_DMATriggerCplt), (16 bytes).
    Removing stm32f3xx_hal_tim.o(i.TIM_ETR_SetConfig), (20 bytes).
    Removing stm32f3xx_hal_tim.o(i.TIM_ITRx_SetConfig), (16 bytes).
    Removing stm32f3xx_hal_tim.o(i.TIM_SlaveTimer_SetConfig), (128 bytes).
    Removing stm32f3xx_hal_tim.o(i.TIM_TI1_ConfigInputStage), (34 bytes).
    Removing stm32f3xx_hal_tim.o(i.TIM_TI1_SetConfig), (108 bytes).
    Removing stm32f3xx_hal_tim.o(i.TIM_TI2_ConfigInputStage), (36 bytes).
    Removing stm32f3xx_hal_tim.o(i.TIM_TI2_SetConfig), (54 bytes).
    Removing stm32f3xx_hal_rtc.o(.rev16_text), (4 bytes).
    Removing stm32f3xx_hal_rtc.o(.revsh_text), (4 bytes).
    Removing stm32f3xx_hal_rtc.o(.rrx_text), (6 bytes).
    Removing stm32f3xx_hal_pcd.o(.rev16_text), (4 bytes).
    Removing stm32f3xx_hal_pcd.o(.revsh_text), (4 bytes).
    Removing stm32f3xx_hal_pcd.o(.rrx_text), (6 bytes).
    Removing stm32f3xx_hal_pcd.o(i.HAL_PCD_ActivateRemoteWakeup), (16 bytes).
    Removing stm32f3xx_hal_pcd.o(i.HAL_PCD_ConnectCallback), (2 bytes).
    Removing stm32f3xx_hal_pcd.o(i.HAL_PCD_DataInStageCallback), (2 bytes).
    Removing stm32f3xx_hal_pcd.o(i.HAL_PCD_DataOutStageCallback), (2 bytes).
    Removing stm32f3xx_hal_pcd.o(i.HAL_PCD_DeActivateRemoteWakeup), (16 bytes).
    Removing stm32f3xx_hal_pcd.o(i.HAL_PCD_DeInit), (36 bytes).
    Removing stm32f3xx_hal_pcd.o(i.HAL_PCD_DevConnect), (38 bytes).
    Removing stm32f3xx_hal_pcd.o(i.HAL_PCD_DevDisconnect), (38 bytes).
    Removing stm32f3xx_hal_pcd.o(i.HAL_PCD_DisconnectCallback), (2 bytes).
    Removing stm32f3xx_hal_pcd.o(i.HAL_PCD_EP_Flush), (4 bytes).
    Removing stm32f3xx_hal_pcd.o(i.HAL_PCD_GetState), (6 bytes).
    Removing stm32f3xx_hal_pcd.o(i.HAL_PCD_ISOINIncompleteCallback), (2 bytes).
    Removing stm32f3xx_hal_pcd.o(i.HAL_PCD_ISOOUTIncompleteCallback), (2 bytes).
    Removing stm32f3xx_hal_pcd.o(i.HAL_PCD_MspDeInit), (2 bytes).
    Removing stm32f3xx_hal_pcd.o(i.HAL_PCD_MspInit), (2 bytes).
    Removing stm32f3xx_hal_pcd.o(i.HAL_PCD_ResetCallback), (2 bytes).
    Removing stm32f3xx_hal_pcd.o(i.HAL_PCD_ResumeCallback), (2 bytes).
    Removing stm32f3xx_hal_pcd.o(i.HAL_PCD_SOFCallback), (2 bytes).
    Removing stm32f3xx_hal_pcd.o(i.HAL_PCD_SetupStageCallback), (2 bytes).
    Removing stm32f3xx_hal_pcd.o(i.HAL_PCD_Stop), (44 bytes).
    Removing stm32f3xx_hal_pcd.o(i.HAL_PCD_SuspendCallback), (2 bytes).
    Removing stm32f3xx_hal_tim_ex.o(.rev16_text), (4 bytes).
    Removing stm32f3xx_hal_tim_ex.o(.revsh_text), (4 bytes).
    Removing stm32f3xx_hal_tim_ex.o(.rrx_text), (6 bytes).
    Removing stm32f3xx_hal_tim_ex.o(i.HAL_TIMEx_ConfigCommutationEvent), (92 bytes).
    Removing stm32f3xx_hal_tim_ex.o(i.HAL_TIMEx_ConfigCommutationEvent_DMA), (124 bytes).
    Removing stm32f3xx_hal_tim_ex.o(i.HAL_TIMEx_ConfigCommutationEvent_IT), (102 bytes).
    Removing stm32f3xx_hal_tim_ex.o(i.HAL_TIMEx_GroupChannel5), (56 bytes).
    Removing stm32f3xx_hal_tim_ex.o(i.HAL_TIMEx_HallSensor_DeInit), (56 bytes).
    Removing stm32f3xx_hal_tim_ex.o(i.HAL_TIMEx_HallSensor_GetState), (6 bytes).
    Removing stm32f3xx_hal_tim_ex.o(i.HAL_TIMEx_HallSensor_Init), (192 bytes).
    Removing stm32f3xx_hal_tim_ex.o(i.HAL_TIMEx_HallSensor_MspDeInit), (2 bytes).
    Removing stm32f3xx_hal_tim_ex.o(i.HAL_TIMEx_HallSensor_MspInit), (2 bytes).
    Removing stm32f3xx_hal_tim_ex.o(i.HAL_TIMEx_HallSensor_Start), (28 bytes).
    Removing stm32f3xx_hal_tim_ex.o(i.HAL_TIMEx_HallSensor_Start_DMA), (104 bytes).
    Removing stm32f3xx_hal_tim_ex.o(i.HAL_TIMEx_HallSensor_Start_IT), (38 bytes).
    Removing stm32f3xx_hal_tim_ex.o(i.HAL_TIMEx_HallSensor_Stop), (46 bytes).
    Removing stm32f3xx_hal_tim_ex.o(i.HAL_TIMEx_HallSensor_Stop_DMA), (56 bytes).
    Removing stm32f3xx_hal_tim_ex.o(i.HAL_TIMEx_HallSensor_Stop_IT), (56 bytes).
    Removing stm32f3xx_hal_tim_ex.o(i.HAL_TIMEx_OCN_Start), (36 bytes).
    Removing stm32f3xx_hal_tim_ex.o(i.HAL_TIMEx_OCN_Start_DMA), (220 bytes).
    Removing stm32f3xx_hal_tim_ex.o(i.HAL_TIMEx_OCN_Start_IT), (96 bytes).
    Removing stm32f3xx_hal_tim_ex.o(i.HAL_TIMEx_OCN_Stop), (68 bytes).
    Removing stm32f3xx_hal_tim_ex.o(i.HAL_TIMEx_OCN_Stop_DMA), (124 bytes).
    Removing stm32f3xx_hal_tim_ex.o(i.HAL_TIMEx_OCN_Stop_IT), (134 bytes).
    Removing stm32f3xx_hal_tim_ex.o(i.HAL_TIMEx_OnePulseN_Start), (26 bytes).
    Removing stm32f3xx_hal_tim_ex.o(i.HAL_TIMEx_OnePulseN_Start_IT), (46 bytes).
    Removing stm32f3xx_hal_tim_ex.o(i.HAL_TIMEx_OnePulseN_Stop), (68 bytes).
    Removing stm32f3xx_hal_tim_ex.o(i.HAL_TIMEx_OnePulseN_Stop_IT), (88 bytes).
    Removing stm32f3xx_hal_tim_ex.o(i.HAL_TIMEx_PWMN_Start), (36 bytes).
    Removing stm32f3xx_hal_tim_ex.o(i.HAL_TIMEx_PWMN_Start_DMA), (220 bytes).
    Removing stm32f3xx_hal_tim_ex.o(i.HAL_TIMEx_PWMN_Start_IT), (96 bytes).
    Removing stm32f3xx_hal_tim_ex.o(i.HAL_TIMEx_PWMN_Stop), (68 bytes).
    Removing stm32f3xx_hal_tim_ex.o(i.HAL_TIMEx_PWMN_Stop_DMA), (124 bytes).
    Removing stm32f3xx_hal_tim_ex.o(i.HAL_TIMEx_PWMN_Stop_IT), (134 bytes).
    Removing stm32f3xx_hal_tim_ex.o(i.HAL_TIMEx_RemapConfig), (36 bytes).
    Removing stm32f3xx_hal_tim_ex.o(i.HAL_TIM_ConfigOCrefClear), (258 bytes).
    Removing stm32f3xx_hal_tim_ex.o(i.HAL_TIM_OC_ConfigChannel), (114 bytes).
    Removing stm32f3xx_hal_tim_ex.o(i.TIMEx_DMACommutationCplt), (16 bytes).
    Removing stm32f3xx_hal_tim_ex.o(i.TIM_CCxNChannelCmd), (22 bytes).
    Removing stm32f3xx_hal_pcd_ex.o(.rev16_text), (4 bytes).
    Removing stm32f3xx_hal_pcd_ex.o(.revsh_text), (4 bytes).
    Removing stm32f3xx_hal_pcd_ex.o(.rrx_text), (6 bytes).
    Removing stm32f3xx_hal_pcd_ex.o(i.HAL_PCDEx_SetConnectionState), (2 bytes).
    Removing stm32f3xx_hal_pwr.o(.rev16_text), (4 bytes).
    Removing stm32f3xx_hal_pwr.o(.revsh_text), (4 bytes).
    Removing stm32f3xx_hal_pwr.o(.rrx_text), (6 bytes).
    Removing stm32f3xx_hal_pwr.o(i.HAL_PWR_DeInit), (24 bytes).
    Removing stm32f3xx_hal_pwr.o(i.HAL_PWR_DisableBkUpAccess), (16 bytes).
    Removing stm32f3xx_hal_pwr.o(i.HAL_PWR_DisableSEVOnPend), (16 bytes).
    Removing stm32f3xx_hal_pwr.o(i.HAL_PWR_DisableSleepOnExit), (16 bytes).
    Removing stm32f3xx_hal_pwr.o(i.HAL_PWR_DisableWakeUpPin), (36 bytes).
    Removing stm32f3xx_hal_pwr.o(i.HAL_PWR_EnableBkUpAccess), (16 bytes).
    Removing stm32f3xx_hal_pwr.o(i.HAL_PWR_EnableSEVOnPend), (16 bytes).
    Removing stm32f3xx_hal_pwr.o(i.HAL_PWR_EnableSleepOnExit), (16 bytes).
    Removing stm32f3xx_hal_pwr.o(i.HAL_PWR_EnableWakeUpPin), (36 bytes).
    Removing stm32f3xx_hal_pwr.o(i.HAL_PWR_EnterSLEEPMode), (32 bytes).
    Removing stm32f3xx_hal_pwr.o(i.HAL_PWR_EnterSTANDBYMode), (32 bytes).
    Removing stm32f3xx_hal_pwr.o(i.HAL_PWR_EnterSTOPMode), (56 bytes).
    Removing stm32f3xx_hal_rcc_ex.o(.rev16_text), (4 bytes).
    Removing stm32f3xx_hal_rcc_ex.o(.revsh_text), (4 bytes).
    Removing stm32f3xx_hal_rcc_ex.o(.rrx_text), (6 bytes).
    Removing stm32f3xx_hal_rcc_ex.o(i.HAL_RCCEx_GetPeriphCLKConfig), (188 bytes).
    Removing stm32f3xx_hal_rcc_ex.o(i.HAL_RCCEx_GetPeriphCLKFreq), (568 bytes).
    Removing stm32f3xx_hal_rcc_ex.o(i.RCC_GetPLLCLKFreq), (60 bytes).
    Removing stm32f3xx_hal_rcc_ex.o(.constdata), (24 bytes).
    Removing stm32f3xx_hal_gpio.o(.rev16_text), (4 bytes).
    Removing stm32f3xx_hal_gpio.o(.revsh_text), (4 bytes).
    Removing stm32f3xx_hal_gpio.o(.rrx_text), (6 bytes).
    Removing stm32f3xx_hal_gpio.o(i.HAL_GPIO_LockPin), (34 bytes).
    Removing stm32f3xx_hal_gpio.o(i.HAL_GPIO_ReadPin), (10 bytes).
    Removing stm32f3xx_hal_i2c_ex.o(.rev16_text), (4 bytes).
    Removing stm32f3xx_hal_i2c_ex.o(.revsh_text), (4 bytes).
    Removing stm32f3xx_hal_i2c_ex.o(.rrx_text), (6 bytes).
    Removing stm32f3xx_hal_i2c_ex.o(i.HAL_I2CEx_ConfigDigitalFilter), (114 bytes).
    Removing stm32f3xx_hal_i2c_ex.o(i.HAL_I2CEx_DisableFastModePlus), (40 bytes).
    Removing stm32f3xx_hal_i2c_ex.o(i.HAL_I2CEx_DisableWakeUp), (108 bytes).
    Removing stm32f3xx_hal_i2c_ex.o(i.HAL_I2CEx_EnableFastModePlus), (40 bytes).
    Removing stm32f3xx_hal_i2c_ex.o(i.HAL_I2CEx_EnableWakeUp), (108 bytes).
    Removing stm32f3xx_hal_rcc.o(.rev16_text), (4 bytes).
    Removing stm32f3xx_hal_rcc.o(.revsh_text), (4 bytes).
    Removing stm32f3xx_hal_rcc.o(.rrx_text), (6 bytes).
    Removing stm32f3xx_hal_rcc.o(i.HAL_RCC_CSSCallback), (2 bytes).
    Removing stm32f3xx_hal_rcc.o(i.HAL_RCC_DeInit), (60 bytes).
    Removing stm32f3xx_hal_rcc.o(i.HAL_RCC_DisableCSS), (28 bytes).
    Removing stm32f3xx_hal_rcc.o(i.HAL_RCC_EnableCSS), (24 bytes).
    Removing stm32f3xx_hal_rcc.o(i.HAL_RCC_GetOscConfig), (156 bytes).
    Removing stm32f3xx_hal_rcc.o(i.HAL_RCC_GetPCLK1Freq), (44 bytes).
    Removing stm32f3xx_hal_rcc.o(i.HAL_RCC_MCOConfig), (80 bytes).
    Removing stm32f3xx_hal_rcc.o(i.HAL_RCC_NMI_IRQHandler), (24 bytes).
    Removing stm32f3xx_hal.o(.rev16_text), (4 bytes).
    Removing stm32f3xx_hal.o(.revsh_text), (4 bytes).
    Removing stm32f3xx_hal.o(.rrx_text), (6 bytes).
    Removing stm32f3xx_hal.o(i.HAL_DBGMCU_DisableDBGSleepMode), (16 bytes).
    Removing stm32f3xx_hal.o(i.HAL_DBGMCU_DisableDBGStandbyMode), (16 bytes).
    Removing stm32f3xx_hal.o(i.HAL_DBGMCU_DisableDBGStopMode), (16 bytes).
    Removing stm32f3xx_hal.o(i.HAL_DBGMCU_EnableDBGSleepMode), (16 bytes).
    Removing stm32f3xx_hal.o(i.HAL_DBGMCU_EnableDBGStandbyMode), (16 bytes).
    Removing stm32f3xx_hal.o(i.HAL_DBGMCU_EnableDBGStopMode), (16 bytes).
    Removing stm32f3xx_hal.o(i.HAL_DeInit), (36 bytes).
    Removing stm32f3xx_hal.o(i.HAL_Delay), (22 bytes).
    Removing stm32f3xx_hal.o(i.HAL_GetDEVID), (16 bytes).
    Removing stm32f3xx_hal.o(i.HAL_GetHalVersion), (6 bytes).
    Removing stm32f3xx_hal.o(i.HAL_GetREVID), (12 bytes).
    Removing stm32f3xx_hal.o(i.HAL_InitTick), (34 bytes).
    Removing stm32f3xx_hal.o(i.HAL_MspDeInit), (2 bytes).
    Removing stm32f3xx_hal.o(i.HAL_MspInit), (2 bytes).
    Removing stm32f3xx_hal.o(i.HAL_ResumeTick), (14 bytes).
    Removing stm32f3xx_hal.o(i.HAL_SuspendTick), (14 bytes).
    Removing stm32f3xx_hal_dma.o(.rev16_text), (4 bytes).
    Removing stm32f3xx_hal_dma.o(.revsh_text), (4 bytes).
    Removing stm32f3xx_hal_dma.o(.rrx_text), (6 bytes).
    Removing stm32f3xx_hal_dma.o(i.DMA_SetConfig), (30 bytes).
    Removing stm32f3xx_hal_dma.o(i.HAL_DMA_Abort), (86 bytes).
    Removing stm32f3xx_hal_dma.o(i.HAL_DMA_DeInit), (680 bytes).
    Removing stm32f3xx_hal_dma.o(i.HAL_DMA_GetError), (4 bytes).
    Removing stm32f3xx_hal_dma.o(i.HAL_DMA_GetState), (6 bytes).
    Removing stm32f3xx_hal_dma.o(i.HAL_DMA_IRQHandler), (1208 bytes).
    Removing stm32f3xx_hal_dma.o(i.HAL_DMA_Init), (80 bytes).
    Removing stm32f3xx_hal_dma.o(i.HAL_DMA_PollForTransfer), (1148 bytes).
    Removing stm32f3xx_hal_dma.o(i.HAL_DMA_Start), (58 bytes).
    Removing stm32f3xx_hal_dma.o(i.HAL_DMA_Start_IT), (88 bytes).
    Removing stm32f3xx_hal_flash.o(.rev16_text), (4 bytes).
    Removing stm32f3xx_hal_flash.o(.revsh_text), (4 bytes).
    Removing stm32f3xx_hal_flash.o(.rrx_text), (6 bytes).
    Removing stm32f3xx_hal_flash.o(i.FLASH_Program_HalfWord), (28 bytes).
    Removing stm32f3xx_hal_flash.o(i.FLASH_SetErrorCode), (48 bytes).
    Removing stm32f3xx_hal_flash.o(i.FLASH_WaitForLastOperation), (80 bytes).
    Removing stm32f3xx_hal_flash.o(i.HAL_FLASH_EndOfOperationCallback), (2 bytes).
    Removing stm32f3xx_hal_flash.o(i.HAL_FLASH_GetError), (12 bytes).
    Removing stm32f3xx_hal_flash.o(i.HAL_FLASH_IRQHandler), (264 bytes).
    Removing stm32f3xx_hal_flash.o(i.HAL_FLASH_Lock), (20 bytes).
    Removing stm32f3xx_hal_flash.o(i.HAL_FLASH_OB_Launch), (24 bytes).
    Removing stm32f3xx_hal_flash.o(i.HAL_FLASH_OB_Lock), (20 bytes).
    Removing stm32f3xx_hal_flash.o(i.HAL_FLASH_OB_Unlock), (36 bytes).
    Removing stm32f3xx_hal_flash.o(i.HAL_FLASH_OperationErrorCallback), (2 bytes).
    Removing stm32f3xx_hal_flash.o(i.HAL_FLASH_Program), (128 bytes).
    Removing stm32f3xx_hal_flash.o(i.HAL_FLASH_Program_IT), (100 bytes).
    Removing stm32f3xx_hal_flash.o(i.HAL_FLASH_Unlock), (36 bytes).
    Removing stm32f3xx_hal_flash.o(.bss), (32 bytes).
    Removing stm32f3xx_hal_spi_ex.o(.rev16_text), (4 bytes).
    Removing stm32f3xx_hal_spi_ex.o(.revsh_text), (4 bytes).
    Removing stm32f3xx_hal_spi_ex.o(.rrx_text), (6 bytes).
    Removing stm32f3xx_hal_spi_ex.o(i.HAL_SPIEx_FlushRxFifo), (36 bytes).
    Removing heap_4.o(i.vPortInitialiseBlocks), (2 bytes).
    Removing heap_4.o(i.xPortGetFreeHeapSize), (12 bytes).
    Removing heap_4.o(i.xPortGetMinimumEverFreeHeapSize), (12 bytes).
    Removing queue.o(i.prvCopyDataFromQueue), (38 bytes).
    Removing queue.o(i.prvCopyDataToQueue), (110 bytes).
    Removing queue.o(i.prvUnlockQueue), (100 bytes).
    Removing queue.o(i.ucQueueGetQueueType), (6 bytes).
    Removing queue.o(i.uxQueueGetQueueNumber), (4 bytes).
    Removing queue.o(i.uxQueueMessagesWaiting), (36 bytes).
    Removing queue.o(i.uxQueueMessagesWaitingFromISR), (22 bytes).
    Removing queue.o(i.uxQueueSpacesAvailable), (40 bytes).
    Removing queue.o(i.vQueueAddToRegistry), (40 bytes).
    Removing queue.o(i.vQueueDelete), (36 bytes).
    Removing queue.o(i.vQueueSetQueueNumber), (4 bytes).
    Removing queue.o(i.vQueueUnregisterQueue), (36 bytes).
    Removing queue.o(i.xQueueCreateCountingSemaphore), (72 bytes).
    Removing queue.o(i.xQueueCreateMutex), (90 bytes).
    Removing queue.o(i.xQueueGenericCreate), (100 bytes).
    Removing queue.o(i.xQueueGenericReceive), (364 bytes).
    Removing queue.o(i.xQueueGenericReset), (132 bytes).
    Removing queue.o(i.xQueueGenericSend), (352 bytes).
    Removing queue.o(i.xQueueGenericSendFromISR), (182 bytes).
    Removing queue.o(i.xQueueGiveFromISR), (156 bytes).
    Removing queue.o(i.xQueueGiveMutexRecursive), (62 bytes).
    Removing queue.o(i.xQueueIsQueueEmptyFromISR), (30 bytes).
    Removing queue.o(i.xQueueIsQueueFullFromISR), (34 bytes).
    Removing queue.o(i.xQueuePeekFromISR), (116 bytes).
    Removing queue.o(i.xQueueReceiveFromISR), (142 bytes).
    Removing queue.o(i.xQueueTakeMutexRecursive), (68 bytes).
    Removing queue.o(.bss), (64 bytes).
    Removing cmsis_os.o(i.inHandlerMode), (12 bytes).
    Removing cmsis_os.o(i.makeCmsisPriority), (14 bytes).
    Removing cmsis_os.o(i.osDelayUntil), (4 bytes).
    Removing cmsis_os.o(i.osKernelRunning), (18 bytes).
    Removing cmsis_os.o(i.osKernelSysTick), (24 bytes).
    Removing cmsis_os.o(i.osMailAlloc), (12 bytes).
    Removing cmsis_os.o(i.osMailCAlloc), (24 bytes).
    Removing cmsis_os.o(i.osMailCreate), (92 bytes).
    Removing cmsis_os.o(i.osMailFree), (12 bytes).
    Removing cmsis_os.o(i.osMailGet), (148 bytes).
    Removing cmsis_os.o(i.osMailPut), (92 bytes).
    Removing cmsis_os.o(i.osMessageCreate), (8 bytes).
    Removing cmsis_os.o(i.osMessageGet), (152 bytes).
    Removing cmsis_os.o(i.osMessagePeek), (78 bytes).
    Removing cmsis_os.o(i.osMessagePut), (92 bytes).
    Removing cmsis_os.o(i.osMutexCreate), (6 bytes).
    Removing cmsis_os.o(i.osMutexDelete), (24 bytes).
    Removing cmsis_os.o(i.osMutexRelease), (80 bytes).
    Removing cmsis_os.o(i.osMutexWait), (104 bytes).
    Removing cmsis_os.o(i.osPoolAlloc), (106 bytes).
    Removing cmsis_os.o(i.osPoolCAlloc), (16 bytes).
    Removing cmsis_os.o(i.osPoolCreate), (94 bytes).
    Removing cmsis_os.o(i.osPoolFree), (48 bytes).
    Removing cmsis_os.o(i.osRecursiveMutexCreate), (6 bytes).
    Removing cmsis_os.o(i.osRecursiveMutexRelease), (18 bytes).
    Removing cmsis_os.o(i.osRecursiveMutexWait), (42 bytes).
    Removing cmsis_os.o(i.osSemaphoreCreate), (46 bytes).
    Removing cmsis_os.o(i.osSemaphoreDelete), (24 bytes).
    Removing cmsis_os.o(i.osSemaphoreRelease), (80 bytes).
    Removing cmsis_os.o(i.osSemaphoreWait), (104 bytes).
    Removing cmsis_os.o(i.osSignalSet), (84 bytes).
    Removing cmsis_os.o(i.osSignalWait), (88 bytes).
    Removing cmsis_os.o(i.osThreadGetId), (4 bytes).
    Removing cmsis_os.o(i.osThreadGetPriority), (32 bytes).
    Removing cmsis_os.o(i.osThreadList), (4 bytes).
    Removing cmsis_os.o(i.osThreadResume), (52 bytes).
    Removing cmsis_os.o(i.osThreadResumeAll), (18 bytes).
    Removing cmsis_os.o(i.osThreadSetPriority), (22 bytes).
    Removing cmsis_os.o(i.osThreadSuspend), (10 bytes).
    Removing cmsis_os.o(i.osThreadSuspendAll), (10 bytes).
    Removing cmsis_os.o(i.osThreadTerminate), (10 bytes).
    Removing cmsis_os.o(i.osThreadYield), (24 bytes).
    Removing cmsis_os.o(i.osTimerCreate), (4 bytes).
    Removing cmsis_os.o(i.osTimerDelete), (4 bytes).
    Removing cmsis_os.o(i.osTimerStart), (4 bytes).
    Removing cmsis_os.o(i.osTimerStop), (4 bytes).
    Removing tasks.o(i.prvListTaskWithinSingleList), (138 bytes).
    Removing tasks.o(i.prvTaskIsTaskSuspended), (52 bytes).
    Removing tasks.o(i.pvTaskIncrementMutexHeldCount), (24 bytes).
    Removing tasks.o(i.ulTaskNotifyTake), (156 bytes).
    Removing tasks.o(i.uxTaskGetNumberOfTasks), (12 bytes).
    Removing tasks.o(i.uxTaskGetSystemState), (148 bytes).
    Removing tasks.o(i.uxTaskGetTaskNumber), (8 bytes).
    Removing tasks.o(i.uxTaskPriorityGet), (28 bytes).
    Removing tasks.o(i.uxTaskPriorityGetFromISR), (44 bytes).
    Removing tasks.o(i.uxTaskResetEventItemValue), (24 bytes).
    Removing tasks.o(i.vTaskDelete), (164 bytes).
    Removing tasks.o(i.vTaskEndScheduler), (28 bytes).
    Removing tasks.o(i.vTaskMissedYield), (12 bytes).
    Removing tasks.o(i.vTaskNotifyGiveFromISR), (180 bytes).
    Removing tasks.o(i.vTaskPlaceOnEventList), (100 bytes).
    Removing tasks.o(i.vTaskPlaceOnUnorderedEventList), (128 bytes).
    Removing tasks.o(i.vTaskPriorityInherit), (132 bytes).
    Removing tasks.o(i.vTaskPrioritySet), (196 bytes).
    Removing tasks.o(i.vTaskResume), (128 bytes).
    Removing tasks.o(i.vTaskSetTaskNumber), (8 bytes).
    Removing tasks.o(i.vTaskSetTimeOutState), (36 bytes).
    Removing tasks.o(i.vTaskSuspend), (180 bytes).
    Removing tasks.o(i.xTaskCheckForTimeOut), (108 bytes).
    Removing tasks.o(i.xTaskGenericNotify), (204 bytes).
    Removing tasks.o(i.xTaskGetCurrentTaskHandle), (12 bytes).
    Removing tasks.o(i.xTaskGetTickCount), (12 bytes).
    Removing tasks.o(i.xTaskGetTickCountFromISR), (16 bytes).
    Removing tasks.o(i.xTaskNotifyFromISR), (224 bytes).
    Removing tasks.o(i.xTaskNotifyWait), (184 bytes).
    Removing tasks.o(i.xTaskPriorityDisinherit), (152 bytes).
    Removing tasks.o(i.xTaskRemoveFromEventList), (116 bytes).
    Removing tasks.o(i.xTaskRemoveFromUnorderedEventList), (120 bytes).
    Removing tasks.o(i.xTaskResumeFromISR), (140 bytes).
    Removing event_groups.o(i.prvTestWaitCondition), (20 bytes).
    Removing event_groups.o(i.uxEventGroupGetNumber), (8 bytes).
    Removing event_groups.o(i.vEventGroupClearBitsCallback), (4 bytes).
    Removing event_groups.o(i.vEventGroupDelete), (70 bytes).
    Removing event_groups.o(i.vEventGroupSetBitsCallback), (4 bytes).
    Removing event_groups.o(i.xEventGroupClearBits), (64 bytes).
    Removing event_groups.o(i.xEventGroupCreate), (26 bytes).
    Removing event_groups.o(i.xEventGroupGetBitsFromISR), (26 bytes).
    Removing event_groups.o(i.xEventGroupSetBits), (140 bytes).
    Removing event_groups.o(i.xEventGroupSync), (204 bytes).
    Removing event_groups.o(i.xEventGroupWaitBits), (264 bytes).
    Removing port.o(i.vPortEndScheduler), (32 bytes).
    Removing port.o(i.vPortValidateInterruptPriority), (84 bytes).
    Removing usbd_desc.o(.rev16_text), (4 bytes).
    Removing usbd_desc.o(.revsh_text), (4 bytes).
    Removing usbd_desc.o(.rrx_text), (6 bytes).
    Removing main.o(.rev16_text), (4 bytes).
    Removing main.o(.revsh_text), (4 bytes).
    Removing main.o(.rrx_text), (6 bytes).
    Removing main.o(i.Error_Handler), (14 bytes).
    Removing main.o(.bss), (12 bytes).
    Removing main.o(.bss), (32 bytes).
    Removing main.o(.data), (1 bytes).
    Removing main.o(.data), (2 bytes).
    Removing main.o(.data), (2 bytes).
    Removing usbd_cdc_if.o(.rev16_text), (4 bytes).
    Removing usbd_cdc_if.o(.revsh_text), (4 bytes).
    Removing usbd_cdc_if.o(.rrx_text), (6 bytes).
    Removing usbd_cdc_if.o(i.CDC_Transmit_FS), (32 bytes).
    Removing usb_device.o(.rev16_text), (4 bytes).
    Removing usb_device.o(.revsh_text), (4 bytes).
    Removing usb_device.o(.rrx_text), (6 bytes).
    Removing spi.o(.rev16_text), (4 bytes).
    Removing spi.o(.revsh_text), (4 bytes).
    Removing spi.o(.rrx_text), (6 bytes).
    Removing spi.o(i.HAL_SPI_MspDeInit), (40 bytes).
    Removing i2c.o(.rev16_text), (4 bytes).
    Removing i2c.o(.revsh_text), (4 bytes).
    Removing i2c.o(.rrx_text), (6 bytes).
    Removing stm32f3xx_hal_msp.o(.rev16_text), (4 bytes).
    Removing stm32f3xx_hal_msp.o(.revsh_text), (4 bytes).
    Removing stm32f3xx_hal_msp.o(.rrx_text), (6 bytes).
    Removing stm32f3xx_hal_msp.o(i.HAL_TIM_PWM_MspDeInit), (108 bytes).
    Removing gpio.o(.rev16_text), (4 bytes).
    Removing gpio.o(.revsh_text), (4 bytes).
    Removing gpio.o(.rrx_text), (6 bytes).
    Removing stm32f3xx_hal_timebase_tim.o(.rev16_text), (4 bytes).
    Removing stm32f3xx_hal_timebase_tim.o(.revsh_text), (4 bytes).
    Removing stm32f3xx_hal_timebase_tim.o(.rrx_text), (6 bytes).
    Removing stm32f3xx_hal_timebase_tim.o(i.HAL_ResumeTick), (20 bytes).
    Removing stm32f3xx_hal_timebase_tim.o(i.HAL_SuspendTick), (20 bytes).
    Removing stm32f3xx_hal_timebase_tim.o(.data), (4 bytes).
    Removing stm32f3xx_it.o(.rev16_text), (4 bytes).
    Removing stm32f3xx_it.o(.revsh_text), (4 bytes).
    Removing stm32f3xx_it.o(.rrx_text), (6 bytes).
    Removing stm32f3xx_it.o(.data), (4 bytes).
    Removing usbd_conf.o(.rev16_text), (4 bytes).
    Removing usbd_conf.o(.revsh_text), (4 bytes).
    Removing usbd_conf.o(.rrx_text), (6 bytes).
    Removing usbd_conf.o(i.HAL_PCD_ConnectCallback), (8 bytes).
    Removing usbd_conf.o(i.HAL_PCD_DisconnectCallback), (8 bytes).
    Removing usbd_conf.o(i.HAL_PCD_ISOINIncompleteCallback), (8 bytes).
    Removing usbd_conf.o(i.HAL_PCD_ISOOUTIncompleteCallback), (8 bytes).
    Removing usbd_conf.o(i.HAL_PCD_MspDeInit), (52 bytes).
    Removing usbd_conf.o(i.USBD_LL_DeInit), (14 bytes).
    Removing usbd_conf.o(i.USBD_LL_Delay), (4 bytes).
    Removing usbd_conf.o(i.USBD_LL_FlushEP), (14 bytes).
    Removing usbd_conf.o(i.USBD_LL_Stop), (14 bytes).
    Removing mems.o(.rev16_text), (4 bytes).
    Removing mems.o(.revsh_text), (4 bytes).
    Removing mems.o(.rrx_text), (6 bytes).
    Removing mems.o(i.ACCELERO_MEMS_Test), (36 bytes).
    Removing mems.o(i.ACCELERO_ReadAcc), (172 bytes).
    Removing mems.o(i.GYRO_MEMS_Test), (36 bytes).
    Removing mems.o(i.GYRO_ReadAng), (200 bytes).
    Removing mems.o(.data), (4 bytes).
    Removing stm32f3_discovery.o(.rev16_text), (4 bytes).
    Removing stm32f3_discovery.o(.revsh_text), (4 bytes).
    Removing stm32f3_discovery.o(.rrx_text), (6 bytes).
    Removing stm32f3_discovery.o(i.BSP_GetVersion), (8 bytes).
    Removing stm32f3_discovery.o(i.BSP_PB_GetState), (24 bytes).
    Removing stm32f3_discovery.o(i.BSP_PB_Init), (148 bytes).
    Removing stm32f3_discovery.o(i.GYRO_IO_Init), (108 bytes).
    Removing stm32f3_discovery.o(i.GYRO_IO_Read), (80 bytes).
    Removing stm32f3_discovery.o(i.GYRO_IO_Write), (72 bytes).
    Removing stm32f3_discovery.o(i.SPIx_Init), (148 bytes).
    Removing stm32f3_discovery.o(i.SPIx_WriteRead), (56 bytes).
    Removing stm32f3_discovery_accelerometer.o(.rev16_text), (4 bytes).
    Removing stm32f3_discovery_accelerometer.o(.revsh_text), (4 bytes).
    Removing stm32f3_discovery_accelerometer.o(.rrx_text), (6 bytes).
    Removing stm32f3_discovery_accelerometer.o(i.BSP_ACCELERO_Reset), (20 bytes).
    Removing stm32f3_discovery_gyroscope.o(.rev16_text), (4 bytes).
    Removing stm32f3_discovery_gyroscope.o(.revsh_text), (4 bytes).
    Removing stm32f3_discovery_gyroscope.o(.rrx_text), (6 bytes).
    Removing stm32f3_discovery_gyroscope.o(i.BSP_GYRO_DisableIT), (20 bytes).
    Removing stm32f3_discovery_gyroscope.o(i.BSP_GYRO_EnableIT), (20 bytes).
    Removing stm32f3_discovery_gyroscope.o(i.BSP_GYRO_GetXYZ), (20 bytes).
    Removing stm32f3_discovery_gyroscope.o(i.BSP_GYRO_ITConfig), (40 bytes).
    Removing stm32f3_discovery_gyroscope.o(i.BSP_GYRO_Init), (68 bytes).
    Removing stm32f3_discovery_gyroscope.o(i.BSP_GYRO_ReadID), (20 bytes).
    Removing stm32f3_discovery_gyroscope.o(i.BSP_GYRO_Reset), (20 bytes).
    Removing stm32f3_discovery_gyroscope.o(.data), (4 bytes).
    Removing l3gd20.o(i.L3GD20_DisableIT), (56 bytes).
    Removing l3gd20.o(i.L3GD20_EnableIT), (64 bytes).
    Removing l3gd20.o(i.L3GD20_FilterCmd), (40 bytes).
    Removing l3gd20.o(i.L3GD20_FilterConfig), (40 bytes).
    Removing l3gd20.o(i.L3GD20_GetDataStatus), (18 bytes).
    Removing l3gd20.o(i.L3GD20_INT1InterruptConfig), (82 bytes).
    Removing l3gd20.o(i.L3GD20_Init), (46 bytes).
    Removing l3gd20.o(i.L3GD20_ReadID), (22 bytes).
    Removing l3gd20.o(i.L3GD20_ReadXYZAngRate), (204 bytes).
    Removing l3gd20.o(i.L3GD20_RebootCmd), (36 bytes).
    Removing l3gd20.o(.data), (44 bytes).
    Removing lsm303dlhc.o(i.LSM303DLHC_AccClickITDisable), (28 bytes).
    Removing lsm303dlhc.o(i.LSM303DLHC_AccINT1InterruptDisable), (32 bytes).
    Removing lsm303dlhc.o(i.LSM303DLHC_AccINT1InterruptEnable), (34 bytes).
    Removing lsm303dlhc.o(i.LSM303DLHC_AccINT2InterruptDisable), (32 bytes).
    Removing lsm303dlhc.o(i.LSM303DLHC_AccINT2InterruptEnable), (34 bytes).
    Removing lsm303dlhc.o(i.LSM303DLHC_AccIT1Disable), (28 bytes).
    Removing lsm303dlhc.o(i.LSM303DLHC_AccIT2Disable), (28 bytes).
    Removing lsm303dlhc.o(i.LSM303DLHC_AccIT2Enable), (28 bytes).
    Removing lsm303dlhc.o(.data), (8 bytes).
    Removing lsm303dlhc.o(.data), (1 bytes).
    Removing lsm303dlhc.o(.data), (1 bytes).
    Removing cdcmple.o(.text), (48 bytes).

660 unused section(s) (total 43825 bytes) removed from the image.

==============================================================================

Memory Map of the image

  Image Entry point : 0x00000000

  Load Region LR_IROM1 (Base: 0x08000000, Size: 0x00006840, Max: 0x00040000, ABSOLUTE)

    Execution Region ER_IROM1 (Base: 0x08000000, Size: 0x000065c4, Max: 0x00040000, ABSOLUTE)

    Base Addr    Size         Type   Attr      Idx    E Section Name        Object

    0x08000000   0x00000188   Data   RO          539    RESET               startup_stm32f303xc.o
    0x08000188   0x00000000   Code   RO         5686  * .ARM.Collect$$$$00000000  mc_w.l(entry.o)
    0x08000188   0x00000004   Code   RO         5763    .ARM.Collect$$$$00000001  mc_w.l(entry2.o)
    0x0800018c   0x00000004   Code   RO         5766    .ARM.Collect$$$$00000004  mc_w.l(entry5.o)
    0x08000190   0x00000000   Code   RO         5768    .ARM.Collect$$$$00000008  mc_w.l(entry7b.o)
    0x08000190   0x00000000   Code   RO         5770    .ARM.Collect$$$$0000000A  mc_w.l(entry8b.o)
    0x08000190   0x00000008   Code   RO         5771    .ARM.Collect$$$$0000000B  mc_w.l(entry9a.o)
    0x08000198   0x00000000   Code   RO         5773    .ARM.Collect$$$$0000000D  mc_w.l(entry10a.o)
    0x08000198   0x00000000   Code   RO         5775    .ARM.Collect$$$$0000000F  mc_w.l(entry11a.o)
    0x08000198   0x00000004   Code   RO         5764    .ARM.Collect$$$$00002712  mc_w.l(entry2.o)
    0x0800019c   0x000000ba   Code   RO         4333    .emb_text           port.o
    0x08000256   0x00000002   PAD
    0x08000258   0x00000024   Code   RO          540    .text               startup_stm32f303xc.o
    0x0800027c   0x00000020   Code   RO         5689    .text               mc_w.l(llushr.o)
    0x0800029c   0x00000024   Code   RO         5691    .text               mc_w.l(memcpya.o)
    0x080002c0   0x00000024   Code   RO         5693    .text               mc_w.l(memseta.o)
    0x080002e4   0x0000014e   Code   RO         5725    .text               mf_w.l(dadd.o)
    0x08000432   0x00000022   Code   RO         5727    .text               mf_w.l(dflti.o)
    0x08000454   0x00000026   Code   RO         5729    .text               mf_w.l(f2d.o)
    0x0800047a   0x0000001e   Code   RO         5777    .text               mc_w.l(llshl.o)
    0x08000498   0x00000024   Code   RO         5779    .text               mc_w.l(llsshr.o)
    0x080004bc   0x00000000   Code   RO         5790    .text               mc_w.l(iusefp.o)
    0x080004bc   0x000000ba   Code   RO         5791    .text               mf_w.l(depilogue.o)
    0x08000576   0x000000e4   Code   RO         5793    .text               mf_w.l(dmul.o)
    0x0800065a   0x000000de   Code   RO         5795    .text               mf_w.l(ddiv.o)
    0x08000738   0x000000a2   Code   RO         5797    .text               mf_w.l(dsqrt.o)
    0x080007da   0x00000002   PAD
    0x080007dc   0x00000024   Code   RO         5801    .text               mc_w.l(init.o)
    0x08000800   0x000005ec   Code   RO         4469    i.Accelero_Thread   main.o
    0x08000dec   0x00000014   Code   RO         5351    i.BSP_ACCELERO_GetXYZ  stm32f3_discovery_accelerometer.o
    0x08000e00   0x00000030   Code   RO         5352    i.BSP_ACCELERO_Init  stm32f3_discovery_accelerometer.o
    0x08000e30   0x00000074   Code   RO         5225    i.BSP_LED_Init      stm32f3_discovery.o
    0x08000ea4   0x0000001c   Code   RO         5226    i.BSP_LED_Off       stm32f3_discovery.o
    0x08000ec0   0x0000001c   Code   RO         5227    i.BSP_LED_On        stm32f3_discovery.o
    0x08000edc   0x00000018   Code   RO         5228    i.BSP_LED_Toggle    stm32f3_discovery.o
    0x08000ef4   0x00000004   Code   RO         4618    i.CDC_Control_FS    usbd_cdc_if.o
    0x08000ef8   0x00000004   Code   RO         4619    i.CDC_DeInit_FS     usbd_cdc_if.o
    0x08000efc   0x00000024   Code   RO         4620    i.CDC_Init_FS       usbd_cdc_if.o
    0x08000f20   0x0000001c   Code   RO         4621    i.CDC_Receive_FS    usbd_cdc_if.o
    0x08000f3c   0x00000050   Code   RO         5231    i.COMPASSACCELERO_IO_ITConfig  stm32f3_discovery.o
    0x08000f8c   0x00000070   Code   RO         5232    i.COMPASSACCELERO_IO_Init  stm32f3_discovery.o
    0x08000ffc   0x00000034   Code   RO         5233    i.COMPASSACCELERO_IO_Read  stm32f3_discovery.o
    0x08001030   0x00000030   Code   RO         5234    i.COMPASSACCELERO_IO_Write  stm32f3_discovery.o
    0x08001060   0x00000014   Code   RO         4924    i.EXTI0_IRQHandler  stm32f3xx_it.o
    0x08001074   0x0000011c   Code   RO         2755    i.HAL_GPIO_DeInit   stm32f3xx_hal_gpio.o
    0x08001190   0x00000002   Code   RO         2756    i.HAL_GPIO_EXTI_Callback  stm32f3xx_hal_gpio.o
    0x08001192   0x00000002   PAD
    0x08001194   0x00000018   Code   RO         2757    i.HAL_GPIO_EXTI_IRQHandler  stm32f3xx_hal_gpio.o
    0x080011ac   0x00000188   Code   RO         2758    i.HAL_GPIO_Init     stm32f3xx_hal_gpio.o
    0x08001334   0x00000008   Code   RO         2761    i.HAL_GPIO_TogglePin  stm32f3xx_hal_gpio.o
    0x0800133c   0x0000000a   Code   RO         2762    i.HAL_GPIO_WritePin  stm32f3xx_hal_gpio.o
    0x08001346   0x00000002   PAD
    0x08001348   0x0000000c   Code   RO         2991    i.HAL_GetTick       stm32f3xx_hal.o
    0x08001354   0x00000076   Code   RO         2821    i.HAL_I2CEx_ConfigAnalogFilter  stm32f3xx_hal_i2c_ex.o
    0x080013ca   0x0000002e   Code   RO         1125    i.HAL_I2C_DeInit    stm32f3xx_hal_i2c.o
    0x080013f8   0x00000006   Code   RO         1130    i.HAL_I2C_GetState  stm32f3xx_hal_i2c.o
    0x080013fe   0x00000002   PAD
    0x08001400   0x000000a8   Code   RO         1131    i.HAL_I2C_Init      stm32f3xx_hal_i2c.o
    0x080014a8   0x00000110   Code   RO         1143    i.HAL_I2C_Mem_Read  stm32f3xx_hal_i2c.o
    0x080015b8   0x0000010c   Code   RO         1146    i.HAL_I2C_Mem_Write  stm32f3xx_hal_i2c.o
    0x080016c4   0x00000028   Code   RO         4750    i.HAL_I2C_MspDeInit  i2c.o
    0x080016ec   0x0000004c   Code   RO         4751    i.HAL_I2C_MspInit   i2c.o
    0x08001738   0x00000010   Code   RO         2992    i.HAL_IncTick       stm32f3xx_hal.o
    0x08001748   0x00000024   Code   RO         2993    i.HAL_Init          stm32f3xx_hal.o
    0x0800176c   0x00000074   Code   RO         4878    i.HAL_InitTick      stm32f3xx_hal_timebase_tim.o
    0x080017e0   0x0000002c   Code   RO         4792    i.HAL_MspInit       stm32f3xx_hal_msp.o
    0x0800180c   0x00000016   Code   RO          701    i.HAL_NVIC_EnableIRQ  stm32f3xx_hal_cortex.o
    0x08001822   0x00000002   PAD
    0x08001824   0x00000040   Code   RO          707    i.HAL_NVIC_SetPriority  stm32f3xx_hal_cortex.o
    0x08001864   0x00000024   Code   RO          708    i.HAL_NVIC_SetPriorityGrouping  stm32f3xx_hal_cortex.o
    0x08001888   0x0000003c   Code   RO         2581    i.HAL_PCDEx_PMAConfig  stm32f3xx_hal_pcd_ex.o
    0x080018c4   0x00000002   Code   RO         4973    i.HAL_PCDEx_SetConnectionState  usbd_conf.o
    0x080018c6   0x00000012   Code   RO         4975    i.HAL_PCD_DataInStageCallback  usbd_conf.o
    0x080018d8   0x00000014   Code   RO         4976    i.HAL_PCD_DataOutStageCallback  usbd_conf.o
    0x080018ec   0x00000182   Code   RO         2103    i.HAL_PCD_EP_Close  stm32f3xx_hal_pcd.o
    0x08001a6e   0x000000b0   Code   RO         2104    i.HAL_PCD_EP_ClrStall  stm32f3xx_hal_pcd.o
    0x08001b1e   0x00000014   Code   RO         2106    i.HAL_PCD_EP_GetRxCount  stm32f3xx_hal_pcd.o
    0x08001b32   0x000002fc   Code   RO         2107    i.HAL_PCD_EP_Open   stm32f3xx_hal_pcd.o
    0x08001e2e   0x000000e8   Code   RO         2108    i.HAL_PCD_EP_Receive  stm32f3xx_hal_pcd.o
    0x08001f16   0x0000008a   Code   RO         2109    i.HAL_PCD_EP_SetStall  stm32f3xx_hal_pcd.o
    0x08001fa0   0x000000e6   Code   RO         2110    i.HAL_PCD_EP_Transmit  stm32f3xx_hal_pcd.o
    0x08002086   0x000000fc   Code   RO         2112    i.HAL_PCD_IRQHandler  stm32f3xx_hal_pcd.o
    0x08002182   0x000000a6   Code   RO         2115    i.HAL_PCD_Init      stm32f3xx_hal_pcd.o
    0x08002228   0x0000005c   Code   RO         4981    i.HAL_PCD_MspInit   usbd_conf.o
    0x08002284   0x0000001a   Code   RO         4982    i.HAL_PCD_ResetCallback  usbd_conf.o
    0x0800229e   0x00000008   Code   RO         4983    i.HAL_PCD_ResumeCallback  usbd_conf.o
    0x080022a6   0x00000008   Code   RO         4984    i.HAL_PCD_SOFCallback  usbd_conf.o
    0x080022ae   0x0000002c   Code   RO         2121    i.HAL_PCD_SetAddress  stm32f3xx_hal_pcd.o
    0x080022da   0x0000000e   Code   RO         4985    i.HAL_PCD_SetupStageCallback  usbd_conf.o
    0x080022e8   0x0000000c   Code   RO         2123    i.HAL_PCD_Start     stm32f3xx_hal_pcd.o
    0x080022f4   0x00000024   Code   RO         4986    i.HAL_PCD_SuspendCallback  usbd_conf.o
    0x08002318   0x000001ec   Code   RO         2715    i.HAL_RCCEx_PeriphCLKConfig  stm32f3xx_hal_rcc_ex.o
    0x08002504   0x00000288   Code   RO         2876    i.HAL_RCC_ClockConfig  stm32f3xx_hal_rcc.o
    0x0800278c   0x00000040   Code   RO         2880    i.HAL_RCC_GetClockConfig  stm32f3xx_hal_rcc.o
    0x080027cc   0x00000034   Code   RO         2881    i.HAL_RCC_GetHCLKFreq  stm32f3xx_hal_rcc.o
    0x08002800   0x0000002c   Code   RO         2884    i.HAL_RCC_GetPCLK2Freq  stm32f3xx_hal_rcc.o
    0x0800282c   0x00000064   Code   RO         2885    i.HAL_RCC_GetSysClockFreq  stm32f3xx_hal_rcc.o
    0x08002890   0x00000624   Code   RO         2888    i.HAL_RCC_OscConfig  stm32f3xx_hal_rcc.o
    0x08002eb4   0x000000c0   Code   RO          829    i.HAL_SPI_Init      stm32f3xx_hal_spi.o
    0x08002f74   0x00000048   Code   RO         4709    i.HAL_SPI_MspInit   spi.o
    0x08002fbc   0x00000018   Code   RO          710    i.HAL_SYSTICK_CLKSourceConfig  stm32f3xx_hal_cortex.o
    0x08002fd4   0x00000028   Code   RO          712    i.HAL_SYSTICK_Config  stm32f3xx_hal_cortex.o
    0x08002ffc   0x00000002   Code   RO         2308    i.HAL_TIMEx_BreakCallback  stm32f3xx_hal_tim_ex.o
    0x08002ffe   0x00000002   Code   RO         2309    i.HAL_TIMEx_CommutationCallback  stm32f3xx_hal_tim_ex.o
    0x08003000   0x00000088   Code   RO         2310    i.HAL_TIMEx_ConfigBreakDeadTime  stm32f3xx_hal_tim_ex.o
    0x08003088   0x00000058   Code   RO         2326    i.HAL_TIMEx_MasterConfigSynchronization  stm32f3xx_hal_tim_ex.o
    0x080030e0   0x00000036   Code   RO         1444    i.HAL_TIM_Base_Init  stm32f3xx_hal_tim.o
    0x08003116   0x00000002   Code   RO         1446    i.HAL_TIM_Base_MspInit  stm32f3xx_hal_tim.o
    0x08003118   0x00000018   Code   RO         1449    i.HAL_TIM_Base_Start_IT  stm32f3xx_hal_tim.o
    0x08003130   0x00000002   Code   RO         1473    i.HAL_TIM_IC_CaptureCallback  stm32f3xx_hal_tim.o
    0x08003132   0x00000166   Code   RO         1486    i.HAL_TIM_IRQHandler  stm32f3xx_hal_tim.o
    0x08003298   0x00000002   Code   RO         1489    i.HAL_TIM_OC_DelayElapsedCallback  stm32f3xx_hal_tim.o
    0x0800329a   0x00000128   Code   RO         2346    i.HAL_TIM_PWM_ConfigChannel  stm32f3xx_hal_tim_ex.o
    0x080033c2   0x00000036   Code   RO         1513    i.HAL_TIM_PWM_Init  stm32f3xx_hal_tim.o
    0x080033f8   0x000000ac   Code   RO         4794    i.HAL_TIM_PWM_MspInit  stm32f3xx_hal_msp.o
    0x080034a4   0x00000002   Code   RO         1516    i.HAL_TIM_PWM_PulseFinishedCallback  stm32f3xx_hal_tim.o
    0x080034a6   0x00000002   PAD
    0x080034a8   0x00000058   Code   RO         1517    i.HAL_TIM_PWM_Start  stm32f3xx_hal_tim.o
    0x08003500   0x00000004   Code   RO         4881    i.HAL_TIM_PeriodElapsedCallback  stm32f3xx_hal_timebase_tim.o
    0x08003504   0x00000002   Code   RO         1527    i.HAL_TIM_TriggerCallback  stm32f3xx_hal_tim.o
    0x08003506   0x00000002   PAD
    0x08003508   0x00000088   Code   RO         1166    i.I2C_IsAcknowledgeFailed  stm32f3xx_hal_i2c.o
    0x08003590   0x00000062   Code   RO         1169    i.I2C_RequestMemoryRead  stm32f3xx_hal_i2c.o
    0x080035f2   0x00000062   Code   RO         1170    i.I2C_RequestMemoryWrite  stm32f3xx_hal_i2c.o
    0x08003654   0x00000024   Code   RO         1173    i.I2C_TransferConfig  stm32f3xx_hal_i2c.o
    0x08003678   0x0000006a   Code   RO         1174    i.I2C_WaitOnFlagUntilTimeout  stm32f3xx_hal_i2c.o
    0x080036e2   0x0000004e   Code   RO         1176    i.I2C_WaitOnSTOPFlagUntilTimeout  stm32f3xx_hal_i2c.o
    0x08003730   0x00000052   Code   RO         1177    i.I2C_WaitOnTXISFlagUntilTimeout  stm32f3xx_hal_i2c.o
    0x08003782   0x00000002   PAD
    0x08003784   0x00000014   Code   RO         5238    i.I2Cx_Error        stm32f3_discovery.o
    0x08003798   0x00000084   Code   RO         5239    i.I2Cx_Init         stm32f3_discovery.o
    0x0800381c   0x00000046   Code   RO         5524    i.LSM303DLHC_AccClickITEnable  lsm303dlhc.o
    0x08003862   0x0000001e   Code   RO         5525    i.LSM303DLHC_AccFilterClickCmd  lsm303dlhc.o
    0x08003880   0x0000001e   Code   RO         5526    i.LSM303DLHC_AccFilterCmd  lsm303dlhc.o
    0x0800389e   0x0000001e   Code   RO         5527    i.LSM303DLHC_AccFilterConfig  lsm303dlhc.o
    0x080038bc   0x0000001c   Code   RO         5533    i.LSM303DLHC_AccIT1Enable  lsm303dlhc.o
    0x080038d8   0x00000020   Code   RO         5536    i.LSM303DLHC_AccInit  lsm303dlhc.o
    0x080038f8   0x00000012   Code   RO         5537    i.LSM303DLHC_AccReadID  lsm303dlhc.o
    0x0800390a   0x00000002   PAD
    0x0800390c   0x000000ec   Code   RO         5538    i.LSM303DLHC_AccReadXYZ  lsm303dlhc.o
    0x080039f8   0x0000001a   Code   RO         5539    i.LSM303DLHC_AccRebootCmd  lsm303dlhc.o
    0x08003a12   0x0000001c   Code   RO         5540    i.LSM303DLHC_AccZClickITConfig  lsm303dlhc.o
    0x08003a2e   0x00000020   Code   RO         4471    i.MAGNET_Init       main.o
    0x08003a4e   0x00000002   PAD
    0x08003a50   0x00000120   Code   RO         4472    i.MAGNET_MagicReadData  main.o
    0x08003b70   0x00000028   Code   RO         4849    i.MX_FREERTOS_Init  freertos.o
    0x08003b98   0x000000d8   Code   RO         4828    i.MX_GPIO_Init      gpio.o
    0x08003c70   0x0000003c   Code   RO         4752    i.MX_I2C1_Init      i2c.o
    0x08003cac   0x00000040   Code   RO         4710    i.MX_SPI1_Init      spi.o
    0x08003cec   0x00000078   Code   RO         4473    i.MX_TIM1_Init      main.o
    0x08003d64   0x00000068   Code   RO         4474    i.MX_TIM3_Init      main.o
    0x08003dcc   0x00000038   Code   RO         4674    i.MX_USB_DEVICE_Init  usb_device.o
    0x08003e04   0x00000020   Code   RO          714    i.NVIC_SetPriority  stm32f3xx_hal_cortex.o
    0x08003e24   0x00000368   Code   RO         2126    i.PCD_EP_ISR_Handler  stm32f3xx_hal_pcd.o
    0x0800418c   0x0000001e   Code   RO         2583    i.PCD_ReadPMA       stm32f3xx_hal_pcd_ex.o
    0x080041aa   0x00000026   Code   RO         2584    i.PCD_WritePMA      stm32f3xx_hal_pcd_ex.o
    0x080041d0   0x0000002c   Code   RO         4475    i.PWM_Thread        main.o
    0x080041fc   0x0000000c   Code   RO         4850    i.StartDefaultTask  freertos.o
    0x08004208   0x00000004   Code   RO         4925    i.SysTick_Handler   stm32f3xx_it.o
    0x0800420c   0x00000078   Code   RO         4476    i.SystemClock_Config  main.o
    0x08004284   0x00000068   Code   RO            5    i.SystemInit        system_stm32f3xx.o
    0x080042ec   0x0000000c   Code   RO         4926    i.TIM1_UP_TIM16_IRQHandler  stm32f3xx_it.o
    0x080042f8   0x000000a8   Code   RO         1528    i.TIM_Base_SetConfig  stm32f3xx_hal_tim.o
    0x080043a0   0x00000016   Code   RO         1529    i.TIM_CCxChannelCmd  stm32f3xx_hal_tim.o
    0x080043b6   0x00000002   PAD
    0x080043b8   0x0000009c   Code   RO         1537    i.TIM_OC1_SetConfig  stm32f3xx_hal_tim.o
    0x08004454   0x00000090   Code   RO         1538    i.TIM_OC2_SetConfig  stm32f3xx_hal_tim.o
    0x080044e4   0x00000090   Code   RO         1539    i.TIM_OC3_SetConfig  stm32f3xx_hal_tim.o
    0x08004574   0x00000074   Code   RO         1540    i.TIM_OC4_SetConfig  stm32f3xx_hal_tim.o
    0x080045e8   0x00000070   Code   RO         2349    i.TIM_OC5_SetConfig  stm32f3xx_hal_tim_ex.o
    0x08004658   0x00000070   Code   RO         2350    i.TIM_OC6_SetConfig  stm32f3xx_hal_tim_ex.o
    0x080046c8   0x00000012   Code   RO         4477    i.Transmit_Thread   main.o
    0x080046da   0x00000014   Code   RO          365    i.USBD_CDC_DataIn   usbd_cdc.o
    0x080046ee   0x0000002e   Code   RO          366    i.USBD_CDC_DataOut  usbd_cdc.o
    0x0800471c   0x0000003c   Code   RO          367    i.USBD_CDC_DeInit   usbd_cdc.o
    0x08004758   0x00000024   Code   RO          368    i.USBD_CDC_EP0_RxReady  usbd_cdc.o
    0x0800477c   0x0000000c   Code   RO          369    i.USBD_CDC_GetDeviceQualifierDescriptor  usbd_cdc.o
    0x08004788   0x0000000c   Code   RO          370    i.USBD_CDC_GetFSCfgDesc  usbd_cdc.o
    0x08004794   0x0000000c   Code   RO          371    i.USBD_CDC_GetHSCfgDesc  usbd_cdc.o
    0x080047a0   0x0000000c   Code   RO          372    i.USBD_CDC_GetOtherSpeedCfgDesc  usbd_cdc.o
    0x080047ac   0x00000088   Code   RO          373    i.USBD_CDC_Init     usbd_cdc.o
    0x08004834   0x00000028   Code   RO          374    i.USBD_CDC_ReceivePacket  usbd_cdc.o
    0x0800485c   0x00000010   Code   RO          375    i.USBD_CDC_RegisterInterface  usbd_cdc.o
    0x0800486c   0x0000000c   Code   RO          376    i.USBD_CDC_SetRxBuffer  usbd_cdc.o
    0x08004878   0x00000010   Code   RO          377    i.USBD_CDC_SetTxBuffer  usbd_cdc.o
    0x08004888   0x00000070   Code   RO          378    i.USBD_CDC_Setup    usbd_cdc.o
    0x080048f8   0x0000000e   Code   RO          142    i.USBD_ClrClassConfig  usbd_core.o
    0x08004906   0x00000010   Code   RO          305    i.USBD_CtlContinueRx  usbd_ioreq.o
    0x08004916   0x00000010   Code   RO          306    i.USBD_CtlContinueSendData  usbd_ioreq.o
    0x08004926   0x00000016   Code   RO          475    i.USBD_CtlError     usbd_ctlreq.o
    0x0800493c   0x0000001e   Code   RO          307    i.USBD_CtlPrepareRx  usbd_ioreq.o
    0x0800495a   0x00000016   Code   RO          308    i.USBD_CtlReceiveStatus  usbd_ioreq.o
    0x08004970   0x0000001a   Code   RO          309    i.USBD_CtlSendData  usbd_ioreq.o
    0x0800498a   0x00000016   Code   RO          310    i.USBD_CtlSendStatus  usbd_ioreq.o
    0x080049a0   0x00000020   Code   RO         4401    i.USBD_FS_ConfigStrDescriptor  usbd_desc.o
    0x080049c0   0x0000000c   Code   RO         4402    i.USBD_FS_DeviceDescriptor  usbd_desc.o
    0x080049cc   0x00000024   Code   RO         4403    i.USBD_FS_InterfaceStrDescriptor  usbd_desc.o
    0x080049f0   0x0000000c   Code   RO         4404    i.USBD_FS_LangIDStrDescriptor  usbd_desc.o
    0x080049fc   0x00000028   Code   RO         4405    i.USBD_FS_ManufacturerStrDescriptor  usbd_desc.o
    0x08004a24   0x00000024   Code   RO         4406    i.USBD_FS_ProductStrDescriptor  usbd_desc.o
    0x08004a48   0x00000024   Code   RO         4407    i.USBD_FS_SerialStrDescriptor  usbd_desc.o
    0x08004a6c   0x000000e0   Code   RO          476    i.USBD_GetDescriptor  usbd_ctlreq.o
    0x08004b4c   0x00000046   Code   RO          477    i.USBD_GetString    usbd_ctlreq.o
    0x08004b92   0x0000002a   Code   RO          144    i.USBD_Init         usbd_core.o
    0x08004bbc   0x0000000e   Code   RO         4987    i.USBD_LL_ClearStallEP  usbd_conf.o
    0x08004bca   0x0000000e   Code   RO         4988    i.USBD_LL_CloseEP   usbd_conf.o
    0x08004bd8   0x000000aa   Code   RO          145    i.USBD_LL_DataInStage  usbd_core.o
    0x08004c82   0x0000006a   Code   RO          146    i.USBD_LL_DataOutStage  usbd_core.o
    0x08004cec   0x00000008   Code   RO         4992    i.USBD_LL_GetRxDataSize  usbd_conf.o
    0x08004cf4   0x0000007c   Code   RO         4993    i.USBD_LL_Init      usbd_conf.o
    0x08004d70   0x00000020   Code   RO         4994    i.USBD_LL_IsStallEP  usbd_conf.o
    0x08004d90   0x00000014   Code   RO         4995    i.USBD_LL_OpenEP    usbd_conf.o
    0x08004da4   0x0000000e   Code   RO         4996    i.USBD_LL_PrepareReceive  usbd_conf.o
    0x08004db2   0x0000003e   Code   RO          151    i.USBD_LL_Reset     usbd_core.o
    0x08004df0   0x0000000c   Code   RO          152    i.USBD_LL_Resume    usbd_core.o
    0x08004dfc   0x00000018   Code   RO          153    i.USBD_LL_SOF       usbd_core.o
    0x08004e14   0x00000006   Code   RO          154    i.USBD_LL_SetSpeed  usbd_core.o
    0x08004e1a   0x0000000e   Code   RO         4997    i.USBD_LL_SetUSBAddress  usbd_conf.o
    0x08004e28   0x0000005a   Code   RO          155    i.USBD_LL_SetupStage  usbd_core.o
    0x08004e82   0x0000000e   Code   RO         4998    i.USBD_LL_StallEP   usbd_conf.o
    0x08004e90   0x0000000e   Code   RO         4999    i.USBD_LL_Start     usbd_conf.o
    0x08004e9e   0x00000012   Code   RO          156    i.USBD_LL_Suspend   usbd_core.o
    0x08004eb0   0x0000000e   Code   RO         5001    i.USBD_LL_Transmit  usbd_conf.o
    0x08004ebe   0x00000028   Code   RO          478    i.USBD_ParseSetupRequest  usbd_ctlreq.o
    0x08004ee6   0x00000010   Code   RO          157    i.USBD_RegisterClass  usbd_core.o
    0x08004ef6   0x00000016   Code   RO          159    i.USBD_SetClassConfig  usbd_core.o
    0x08004f0c   0x00000074   Code   RO          479    i.USBD_SetConfig    usbd_ctlreq.o
    0x08004f80   0x0000000a   Code   RO          160    i.USBD_Start        usbd_core.o
    0x08004f8a   0x000000f2   Code   RO          480    i.USBD_StdDevReq    usbd_ctlreq.o
    0x0800507c   0x000000dc   Code   RO          481    i.USBD_StdEPReq     usbd_ctlreq.o
    0x08005158   0x00000034   Code   RO          482    i.USBD_StdItfReq    usbd_ctlreq.o
    0x0800518c   0x00000004   Code   RO         5002    i.USBD_static_free  usbd_conf.o
    0x08005190   0x00000008   Code   RO         5003    i.USBD_static_malloc  usbd_conf.o
    0x08005198   0x0000000c   Code   RO         4927    i.USB_LP_CAN_RX0_IRQHandler  stm32f3xx_it.o
    0x080051a4   0x00000026   Code   RO         5745    i.__ARM_fpclassifyf  m_wm.l(fpclassifyf.o)
    0x080051ca   0x00000006   PAD
    0x080051d0   0x00000358   Code   RO         5648    i.__hardfp_acos     m_wm.l(acos.o)
    0x08005528   0x00000250   Code   RO         5662    i.__hardfp_atan2f   m_wm.l(atan2f.o)
    0x08005778   0x000000f8   Code   RO         5761    i.__kernel_poly     m_wm.l(poly.o)
    0x08005870   0x00000014   Code   RO         5732    i.__mathlib_dbl_infnan  m_wm.l(dunder.o)
    0x08005884   0x00000004   PAD
    0x08005888   0x00000020   Code   RO         5734    i.__mathlib_dbl_invalid  m_wm.l(dunder.o)
    0x080058a8   0x00000006   Code   RO         5749    i.__mathlib_flt_infnan2  m_wm.l(funder.o)
    0x080058ae   0x00000002   PAD
    0x080058b0   0x00000010   Code   RO         5753    i.__mathlib_flt_underflow  m_wm.l(funder.o)
    0x080058c0   0x0000000c   Code   RO         5785    i.__set_errno       mc_w.l(errno.o)
    0x080058cc   0x00000010   Code   RO         5650    i.acos              m_wm.l(acos.o)
    0x080058dc   0x00000014   Code   RO         5664    i.atan2f            m_wm.l(atan2f.o)
    0x080058f0   0x00000050   Code   RO         5697    i.free              mc_w.l(malloc.o)
    0x08005940   0x000000fc   Code   RO         4478    i.main              main.o
    0x08005a3c   0x0000000c   Code   RO         3637    i.makeFreeRtosPriority  cmsis_os.o
    0x08005a48   0x0000000e   Code   RO         3638    i.osDelay           cmsis_os.o
    0x08005a56   0x0000000a   Code   RO         3641    i.osKernelStart     cmsis_os.o
    0x08005a60   0x00000014   Code   RO         3670    i.osSystickHandler  cmsis_os.o
    0x08005a74   0x00000038   Code   RO         3671    i.osThreadCreate    cmsis_os.o
    0x08005aac   0x00000034   Code   RO         3983    i.prvAddCurrentTaskToDelayedList  tasks.o
    0x08005ae0   0x00000054   Code   RO         3984    i.prvCheckTasksWaitingTermination  tasks.o
    0x08005b34   0x00000048   Code   RO         3315    i.prvHeapInit       heap_4.o
    0x08005b7c   0x00000028   Code   RO         3985    i.prvIdleTask       tasks.o
    0x08005ba4   0x0000004c   Code   RO         3316    i.prvInsertBlockIntoFreeList  heap_4.o
    0x08005bf0   0x00000020   Code   RO         3987    i.prvResetNextTaskUnblockTime  tasks.o
    0x08005c10   0x00000028   Code   RO         4334    i.prvTaskExitError  port.o
    0x08005c38   0x000000d8   Code   RO         3317    i.pvPortMalloc      heap_4.o
    0x08005d10   0x00000028   Code   RO         4335    i.pxPortInitialiseStack  port.o
    0x08005d38   0x0000006e   Code   RO         5676    i.sqrt              m_wm.l(sqrt.o)
    0x08005da6   0x00000024   Code   RO         3422    i.uxListRemove      list.o
    0x08005dca   0x00000016   Code   RO         3423    i.vListInitialise   list.o
    0x08005de0   0x00000006   Code   RO         3424    i.vListInitialiseItem  list.o
    0x08005de6   0x00000030   Code   RO         3425    i.vListInsert       list.o
    0x08005e16   0x00000018   Code   RO         3426    i.vListInsertEnd    list.o
    0x08005e2e   0x00000002   PAD
    0x08005e30   0x00000040   Code   RO         4337    i.vPortEnterCritical  port.o
    0x08005e70   0x00000028   Code   RO         4338    i.vPortExitCritical  port.o
    0x08005e98   0x0000005c   Code   RO         3318    i.vPortFree         heap_4.o
    0x08005ef4   0x00000020   Code   RO         4339    i.vPortSetupTimerInterrupt  port.o
    0x08005f14   0x00000068   Code   RO         3997    i.vTaskDelay        tasks.o
    0x08005f7c   0x00000060   Code   RO         4009    i.vTaskStartScheduler  tasks.o
    0x08005fdc   0x00000010   Code   RO         4011    i.vTaskSuspendAll   tasks.o
    0x08005fec   0x0000005c   Code   RO         4012    i.vTaskSwitchContext  tasks.o
    0x08006048   0x000000e0   Code   RO         4341    i.xPortStartScheduler  port.o
    0x08006128   0x0000002c   Code   RO         4342    i.xPortSysTickHandler  port.o
    0x08006154   0x000001bc   Code   RO         4014    i.xTaskGenericCreate  tasks.o
    0x08006310   0x0000001c   Code   RO         4017    i.xTaskGetSchedulerState  tasks.o
    0x0800632c   0x000000cc   Code   RO         4020    i.xTaskIncrementTick  tasks.o
    0x080063f8   0x000000c4   Code   RO         4026    i.xTaskResumeAll    tasks.o
    0x080064bc   0x00000030   Data   RO         2889    .constdata          stm32f3xx_hal_rcc.o
    0x080064ec   0x0000003c   Data   RO         4482    .constdata          main.o
    0x08006528   0x00000014   Data   RO         4851    .constdata          freertos.o
    0x0800653c   0x00000014   Data   RO         5243    .constdata          stm32f3_discovery.o
    0x08006550   0x00000050   Data   RO         5651    .constdata          m_wm.l(acos.o)
    0x080065a0   0x00000015   Data   RO         4483    .conststring        main.o
    0x080065b5   0x00000003   PAD
    0x080065b8   0x0000000c   Data   RO         4852    .conststring        freertos.o
    0x080065c4   0x00000000   Data   RO         5803    Region$$Table       anon$$obj.o


    Execution Region RW_IRAM1 (Base: 0x20000000, Size: 0x00002930, Max: 0x0000a000, ABSOLUTE)

    Base Addr    Size         Type   Attr      Idx    E Section Name        Object

    0x20000000   0x00000004   Data   RW            7    .data               system_stm32f3xx.o
    0x20000004   0x000000db   Data   RW          380    .data               usbd_cdc.o
    0x200000df   0x00000001   PAD
    0x200000e0   0x00000038   Data   RW          381    .data               usbd_cdc.o
    0x20000118   0x00000001   Data   RW          483    .data               usbd_ctlreq.o
    0x20000119   0x00000003   PAD
    0x2000011c   0x00000004   Data   RW         2999    .data               stm32f3xx_hal.o
    0x20000120   0x00000018   Data   RW         3323    .data               heap_4.o
    0x20000138   0x00000038   Data   RW         4029    .data               tasks.o
    0x20000170   0x0000000c   Data   RW         4343    .data               port.o
    0x2000017c   0x0000001c   Data   RW         4409    .data               usbd_desc.o
    0x20000198   0x00000016   Data   RW         4410    .data               usbd_desc.o
    0x200001ae   0x00000002   PAD
    0x200001b0   0x00000048   Data   RW         4485    .data               main.o
    0x200001f8   0x00000010   Data   RW         4623    .data               usbd_cdc_if.o
    0x20000208   0x0000000c   Data   RW         4624    .data               usbd_cdc_if.o
    0x20000214   0x00000004   Data   RW         4853    .data               freertos.o
    0x20000218   0x0000002c   Data   RW         5244    .data               stm32f3_discovery.o
    0x20000244   0x00000004   Data   RW         5354    .data               stm32f3_discovery_accelerometer.o
    0x20000248   0x0000002c   Data   RW         5541    .data               lsm303dlhc.o
    0x20000274   0x00000004   Data   RW         5781    .data               mc_w.l(mvars.o)
    0x20000278   0x00000004   Data   RW         5786    .data               mc_w.l(errno.o)
    0x2000027c   0x000017d4   Zero   RW         3322    .bss                heap_4.o
    0x20001a50   0x000000f0   Zero   RW         4028    .bss                tasks.o
    0x20001b40   0x00000200   Zero   RW         4408    .bss                usbd_desc.o
    0x20001d40   0x00000084   Zero   RW         4479    .bss                main.o
    0x20001dc4   0x00000224   Zero   RW         4675    .bss                usb_device.o
    0x20001fe8   0x00000064   Zero   RW         4711    .bss                spi.o
    0x2000204c   0x0000003c   Zero   RW         4753    .bss                i2c.o
    0x20002088   0x0000003c   Zero   RW         4882    .bss                stm32f3xx_hal_timebase_tim.o
    0x200020c4   0x000005c8   Zero   RW         5004    .bss                usbd_conf.o
    0x2000268c   0x000000a0   Zero   RW         5242    .bss                stm32f3_discovery.o
    0x2000272c   0x00000004   PAD
    0x20002730   0x00000200   Zero   RW          537    STACK               startup_stm32f303xc.o

