<html>
<body>
<pre>
<h1>µVision Build Log</h1>
<h2>Tool Versions:</h2>
IDE-Version: µVision V5.17.0.0
Copyright (C) 2015 ARM Ltd and ARM Germany GmbH. All rights reserved.
License Information: Aso Microsoft, CI NSU, LIC=----
 
Tool Versions:
Toolchain:       MDK-Lite  Version: 5.17
Toolchain Path:  C:\Keil_v5\ARM\ARMCC\Bin
C Compiler:      Armcc.exe V5.06 update 1 (build 61)
Assembler:       Armasm.exe V5.06 update 1 (build 61)
Linker/Locator:  ArmLink.exe V5.06 update 1 (build 61)
Library Manager: ArmAr.exe V5.06 update 1 (build 61)
Hex Converter:   FromElf.exe V5.06 update 1 (build 61)
CPU DLL:         SARMCM3.DLL V5.17
Dialog DLL:      DCM.DLL V1.13.4.0
Target DLL:      STLink\ST-LINKIII-KEIL_SWO.dll V2.0.18.0
Dialog DLL:      TCM.DLL V1.14.6.0
 
<h2>Project:</h2>
C:\Users\Aso\Desktop\Quadcopter\projects\SpaceTraveller\spacetraveller\MDK-ARM\spacetraveller.uvprojx
Project File Date:  03/04/2016

<h2>Output:</h2>
*** Using Compiler 'V5.06 update 1 (build 61)', folder: 'C:\Keil_v5\ARM\ARMCC\Bin'
Rebuild target 'spacetraveller'
assembling startup_stm32f303xc.s...
compiling stm32f3xx_hal_rtc_ex.c...
compiling usbd_ioreq.c...
compiling system_stm32f3xx.c...
compiling stm32f3xx_hal_flash_ex.c...
compiling usbd_ctlreq.c...
compiling usbd_core.c...
compiling usbd_cdc.c...
compiling stm32f3xx_hal_cortex.c...
compiling stm32f3xx_hal_pwr_ex.c...
compiling stm32f3xx_hal_rtc.c...
compiling stm32f3xx_hal_pcd.c...
compiling stm32f3xx_hal_spi.c...
compiling stm32f3xx_hal_i2c.c...
compiling stm32f3xx_hal_tim.c...
compiling stm32f3xx_hal_pcd_ex.c...
compiling stm32f3xx_hal_pwr.c...
compiling stm32f3xx_hal_tim_ex.c...
compiling stm32f3xx_hal_rcc_ex.c...
compiling stm32f3xx_hal_i2c_ex.c...
compiling stm32f3xx_hal_gpio.c...
compiling heap_4.c...
compiling croutine.c...
compiling list.c...
compiling stm32f3xx_hal.c...
compiling queue.c...
compiling timers.c...
compiling stm32f3xx_hal_rcc.c...
compiling cmsis_os.c...
compiling stm32f3xx_hal_spi_ex.c...
compiling stm32f3xx_hal_flash.c...
compiling event_groups.c...
compiling port.c...
compiling tasks.c...
compiling stm32f3xx_hal_dma.c...
compiling spi.c...
compiling usbd_cdc_if.c...
compiling usbd_desc.c...
compiling usb_device.c...
compiling stm32f3xx_hal_msp.c...
compiling i2c.c...
compiling freertos.c...
compiling main.c...
../Src/main.c(173): warning:  #177-D: variable "count" was declared but never referenced
    uint32_t count = 0;
../Src/main.c(244): warning:  #177-D: variable "h_xval" was declared but never referenced
  	uint8_t h_xval = 0x00;
../Src/main.c(245): warning:  #177-D: variable "l_xval" was declared but never referenced
  	uint8_t l_xval = 0x00;
../Src/main.c(246): warning:  #177-D: variable "c_xval" was declared but never referenced
  	uint16_t c_xval = 0x00;
../Src/main.c: 4 warnings, 0 errors
compiling gpio.c...
compiling stm32f3_discovery_accelerometer.c...
compiling stm32f3xx_hal_timebase_TIM.c...
compiling stm32f3xx_it.c...
compiling mems.c...
..\Src\mems.c(83): warning:  #550-D: variable "zval" was set but never used
    int16_t xval, yval, zval = 0x00;
..\Src\mems.c(84): warning:  #177-D: variable "testDataToSend" was declared but never referenced
    char testDataToSend[32] = "";
..\Src\mems.c: 2 warnings, 0 errors
compiling l3gd20.c...
compiling stm32f3_discovery.c...
compiling usbd_conf.c...
compiling lsm303dlhc.c...
compiling stm32f3_discovery_gyroscope.c...
linking...
Program Size: Code=20484 RO-data=608 RW-data=592 ZI-data=9896  
"spacetraveller\spacetraveller.axf" - 0 Error(s), 6 Warning(s).

<h2>Software Packages used:</h2>

Package Vendor: ARM
                http://www.keil.com/pack/ARM.CMSIS.4.5.0.pack
                ARM::CMSIS:CORE:4.3.0
                CMSIS (Cortex Microcontroller Software Interface Standard)
   * Component: CORE Version: 4.3.0

<h2>Collection of Component include folders:</h2>
  C:\Users\Aso\Desktop\Quadcopter\projects\SpaceTraveller\spacetraveller\MDK-ARM\RTE
  C:\Keil_v5\ARM\PACK\ARM\CMSIS\4.5.0\CMSIS\Include
  C:\Keil_v5\ARM\PACK\Keil\STM32F3xx_DFP\1.3.0\Device\Include

<h2>Collection of Component Files used:</h2>

   * Component: ARM::CMSIS:CORE:4.3.0
Build Time Elapsed:  00:00:11
</pre>
</body>
</html>
