Component: ARM Compiler 5.06 update 1 (build 61) Tool: armlink [4d35a8]

==============================================================================

Section Cross References

    system_stm32f3xx.o(i.SystemCoreClockUpdate) refers to system_stm32f3xx.o(.data) for .data
    system_stm32f3xx.o(i.SystemCoreClockUpdate) refers to system_stm32f3xx.o(.constdata) for .constdata
    usbd_core.o(i.USBD_DeInit) refers to usbd_conf.o(i.USBD_LL_Stop) for USBD_LL_Stop
    usbd_core.o(i.USBD_DeInit) refers to usbd_conf.o(i.USBD_LL_DeInit) for USBD_LL_DeInit
    usbd_core.o(i.USBD_Init) refers to usbd_conf.o(i.USBD_LL_Init) for USBD_LL_Init
    usbd_core.o(i.USBD_LL_DataInStage) refers to usbd_ioreq.o(i.USBD_CtlContinueSendData) for USBD_CtlContinueSendData
    usbd_core.o(i.USBD_LL_DataInStage) refers to usbd_conf.o(i.USBD_LL_PrepareReceive) for USBD_LL_PrepareReceive
    usbd_core.o(i.USBD_LL_DataInStage) refers to usbd_ioreq.o(i.USBD_CtlReceiveStatus) for USBD_CtlReceiveStatus
    usbd_core.o(i.USBD_LL_DataOutStage) refers to usbd_ioreq.o(i.USBD_CtlContinueRx) for USBD_CtlContinueRx
    usbd_core.o(i.USBD_LL_DataOutStage) refers to usbd_ioreq.o(i.USBD_CtlSendStatus) for USBD_CtlSendStatus
    usbd_core.o(i.USBD_LL_Reset) refers to usbd_conf.o(i.USBD_LL_OpenEP) for USBD_LL_OpenEP
    usbd_core.o(i.USBD_LL_SetupStage) refers to usbd_ctlreq.o(i.USBD_ParseSetupRequest) for USBD_ParseSetupRequest
    usbd_core.o(i.USBD_LL_SetupStage) refers to usbd_conf.o(i.USBD_LL_StallEP) for USBD_LL_StallEP
    usbd_core.o(i.USBD_LL_SetupStage) refers to usbd_ctlreq.o(i.USBD_StdDevReq) for USBD_StdDevReq
    usbd_core.o(i.USBD_LL_SetupStage) refers to usbd_ctlreq.o(i.USBD_StdItfReq) for USBD_StdItfReq
    usbd_core.o(i.USBD_LL_SetupStage) refers to usbd_ctlreq.o(i.USBD_StdEPReq) for USBD_StdEPReq
    usbd_core.o(i.USBD_Start) refers to usbd_conf.o(i.USBD_LL_Start) for USBD_LL_Start
    usbd_core.o(i.USBD_Stop) refers to usbd_conf.o(i.USBD_LL_Stop) for USBD_LL_Stop
    usbd_ioreq.o(i.USBD_CtlContinueRx) refers to usbd_conf.o(i.USBD_LL_PrepareReceive) for USBD_LL_PrepareReceive
    usbd_ioreq.o(i.USBD_CtlContinueSendData) refers to usbd_conf.o(i.USBD_LL_Transmit) for USBD_LL_Transmit
    usbd_ioreq.o(i.USBD_CtlPrepareRx) refers to usbd_conf.o(i.USBD_LL_PrepareReceive) for USBD_LL_PrepareReceive
    usbd_ioreq.o(i.USBD_CtlReceiveStatus) refers to usbd_conf.o(i.USBD_LL_PrepareReceive) for USBD_LL_PrepareReceive
    usbd_ioreq.o(i.USBD_CtlSendData) refers to usbd_conf.o(i.USBD_LL_Transmit) for USBD_LL_Transmit
    usbd_ioreq.o(i.USBD_CtlSendStatus) refers to usbd_conf.o(i.USBD_LL_Transmit) for USBD_LL_Transmit
    usbd_ioreq.o(i.USBD_GetRxCount) refers to usbd_conf.o(i.USBD_LL_GetRxDataSize) for USBD_LL_GetRxDataSize
    usbd_cdc.o(i.USBD_CDC_DataOut) refers to usbd_conf.o(i.USBD_LL_GetRxDataSize) for USBD_LL_GetRxDataSize
    usbd_cdc.o(i.USBD_CDC_DeInit) refers to usbd_conf.o(i.USBD_LL_CloseEP) for USBD_LL_CloseEP
    usbd_cdc.o(i.USBD_CDC_DeInit) refers to usbd_conf.o(i.USBD_static_free) for USBD_static_free
    usbd_cdc.o(i.USBD_CDC_GetDeviceQualifierDescriptor) refers to usbd_cdc.o(.data) for .data
    usbd_cdc.o(i.USBD_CDC_GetFSCfgDesc) refers to usbd_cdc.o(.data) for .data
    usbd_cdc.o(i.USBD_CDC_GetHSCfgDesc) refers to usbd_cdc.o(.data) for .data
    usbd_cdc.o(i.USBD_CDC_GetOtherSpeedCfgDesc) refers to usbd_cdc.o(.data) for .data
    usbd_cdc.o(i.USBD_CDC_Init) refers to usbd_conf.o(i.USBD_LL_OpenEP) for USBD_LL_OpenEP
    usbd_cdc.o(i.USBD_CDC_Init) refers to usbd_conf.o(i.USBD_static_malloc) for USBD_static_malloc
    usbd_cdc.o(i.USBD_CDC_Init) refers to usbd_conf.o(i.USBD_LL_PrepareReceive) for USBD_LL_PrepareReceive
    usbd_cdc.o(i.USBD_CDC_ReceivePacket) refers to usbd_conf.o(i.USBD_LL_PrepareReceive) for USBD_LL_PrepareReceive
    usbd_cdc.o(i.USBD_CDC_Setup) refers to usbd_ioreq.o(i.USBD_CtlPrepareRx) for USBD_CtlPrepareRx
    usbd_cdc.o(i.USBD_CDC_Setup) refers to usbd_ioreq.o(i.USBD_CtlSendData) for USBD_CtlSendData
    usbd_cdc.o(i.USBD_CDC_Setup) refers to usbd_cdc.o(.data) for .data
    usbd_cdc.o(i.USBD_CDC_TransmitPacket) refers to usbd_conf.o(i.USBD_LL_Transmit) for USBD_LL_Transmit
    usbd_cdc.o(.data) refers to usbd_cdc.o(i.USBD_CDC_Init) for USBD_CDC_Init
    usbd_cdc.o(.data) refers to usbd_cdc.o(i.USBD_CDC_DeInit) for USBD_CDC_DeInit
    usbd_cdc.o(.data) refers to usbd_cdc.o(i.USBD_CDC_Setup) for USBD_CDC_Setup
    usbd_cdc.o(.data) refers to usbd_cdc.o(i.USBD_CDC_EP0_RxReady) for USBD_CDC_EP0_RxReady
    usbd_cdc.o(.data) refers to usbd_cdc.o(i.USBD_CDC_DataIn) for USBD_CDC_DataIn
    usbd_cdc.o(.data) refers to usbd_cdc.o(i.USBD_CDC_DataOut) for USBD_CDC_DataOut
    usbd_cdc.o(.data) refers to usbd_cdc.o(i.USBD_CDC_GetHSCfgDesc) for USBD_CDC_GetHSCfgDesc
    usbd_cdc.o(.data) refers to usbd_cdc.o(i.USBD_CDC_GetFSCfgDesc) for USBD_CDC_GetFSCfgDesc
    usbd_cdc.o(.data) refers to usbd_cdc.o(i.USBD_CDC_GetOtherSpeedCfgDesc) for USBD_CDC_GetOtherSpeedCfgDesc
[...]
    i.MX_USB_DEVICE_Init                     0x08003274   Section        0  usb_device.o(i.MX_USB_DEVICE_Init)
    i.NVIC_SetPriority                       0x080032ac   Section        0  stm32f3xx_hal_cortex.o(i.NVIC_SetPriority)
    NVIC_SetPriority                         0x080032ad   Thumb Code    32  stm32f3xx_hal_cortex.o(i.NVIC_SetPriority)
    i.PCD_EP_ISR_Handler                     0x080032cc   Section        0  stm32f3xx_hal_pcd.o(i.PCD_EP_ISR_Handler)
    PCD_EP_ISR_Handler                       0x080032cd   Thumb Code   872  stm32f3xx_hal_pcd.o(i.PCD_EP_ISR_Handler)
    i.PCD_ReadPMA                            0x08003634   Section        0  stm32f3xx_hal_pcd_ex.o(i.PCD_ReadPMA)
    i.PCD_WritePMA                           0x08003652   Section        0  stm32f3xx_hal_pcd_ex.o(i.PCD_WritePMA)
    i.PWM_Thread                             0x08003678   Section        0  main.o(i.PWM_Thread)
    PWM_Thread                               0x08003679   Thumb Code    34  main.o(i.PWM_Thread)
    i.StartDefaultTask                       0x080036a4   Section        0  freertos.o(i.StartDefaultTask)
    i.SysTick_Handler                        0x080036b0   Section        0  stm32f3xx_it.o(i.SysTick_Handler)
    i.SystemClock_Config                     0x080036b4   Section        0  main.o(i.SystemClock_Config)
    i.SystemInit                             0x0800372c   Section        0  system_stm32f3xx.o(i.SystemInit)
    i.TIM1_UP_TIM16_IRQHandler               0x08003794   Section        0  stm32f3xx_it.o(i.TIM1_UP_TIM16_IRQHandler)
    i.TIM_Base_SetConfig                     0x080037a0   Section        0  stm32f3xx_hal_tim.o(i.TIM_Base_SetConfig)
    i.TIM_CCxChannelCmd                      0x08003848   Section        0  stm32f3xx_hal_tim.o(i.TIM_CCxChannelCmd)
    i.TIM_OC1_SetConfig                      0x08003860   Section        0  stm32f3xx_hal_tim.o(i.TIM_OC1_SetConfig)
    i.TIM_OC2_SetConfig                      0x080038fc   Section        0  stm32f3xx_hal_tim.o(i.TIM_OC2_SetConfig)
    i.TIM_OC3_SetConfig                      0x0800398c   Section        0  stm32f3xx_hal_tim.o(i.TIM_OC3_SetConfig)
    i.TIM_OC4_SetConfig                      0x08003a1c   Section        0  stm32f3xx_hal_tim.o(i.TIM_OC4_SetConfig)
    i.TIM_OC5_SetConfig                      0x08003a90   Section        0  stm32f3xx_hal_tim_ex.o(i.TIM_OC5_SetConfig)
    TIM_OC5_SetConfig                        0x08003a91   Thumb Code    86  stm32f3xx_hal_tim_ex.o(i.TIM_OC5_SetConfig)
    i.TIM_OC6_SetConfig                      0x08003b00   Section        0  stm32f3xx_hal_tim_ex.o(i.TIM_OC6_SetConfig)
    TIM_OC6_SetConfig                        0x08003b01   Thumb Code    88  stm32f3xx_hal_tim_ex.o(i.TIM_OC6_SetConfig)
    i.Transmit_Thread                        0x08003b70   Section        0  main.o(i.Transmit_Thread)
    Transmit_Thread                          0x08003b71   Thumb Code    18  main.o(i.Transmit_Thread)
    i.USBD_CDC_DataIn                        0x08003b82   Section        0  usbd_cdc.o(i.USBD_CDC_DataIn)
    USBD_CDC_DataIn                          0x08003b83   Thumb Code    20  usbd_cdc.o(i.USBD_CDC_DataIn)
    i.USBD_CDC_DataOut                       0x08003b96   Section        0  usbd_cdc.o(i.USBD_CDC_DataOut)
    USBD_CDC_DataOut                         0x08003b97   Thumb Code    46  usbd_cdc.o(i.USBD_CDC_DataOut)
    i.USBD_CDC_DeInit                        0x08003bc4   Section        0  usbd_cdc.o(i.USBD_CDC_DeInit)
    USBD_CDC_DeInit                          0x08003bc5   Thumb Code    60  usbd_cdc.o(i.USBD_CDC_DeInit)
    i.USBD_CDC_EP0_RxReady                   0x08003c00   Section        0  usbd_cdc.o(i.USBD_CDC_EP0_RxReady)
    USBD_CDC_EP0_RxReady                     0x08003c01   Thumb Code    36  usbd_cdc.o(i.USBD_CDC_EP0_RxReady)
    i.USBD_CDC_GetDeviceQualifierDescriptor  0x08003c24   Section        0  usbd_cdc.o(i.USBD_CDC_GetDeviceQualifierDescriptor)
    i.USBD_CDC_GetFSCfgDesc                  0x08003c30   Section        0  usbd_cdc.o(i.USBD_CDC_GetFSCfgDesc)
    USBD_CDC_GetFSCfgDesc                    0x08003c31   Thumb Code     8  usbd_cdc.o(i.USBD_CDC_GetFSCfgDesc)
    i.USBD_CDC_GetHSCfgDesc                  0x08003c3c   Section        0  usbd_cdc.o(i.USBD_CDC_GetHSCfgDesc)
    USBD_CDC_GetHSCfgDesc                    0x08003c3d   Thumb Code     8  usbd_cdc.o(i.USBD_CDC_GetHSCfgDesc)
    i.USBD_CDC_GetOtherSpeedCfgDesc          0x08003c48   Section        0  usbd_cdc.o(i.USBD_CDC_GetOtherSpeedCfgDesc)
    USBD_CDC_GetOtherSpeedCfgDesc            0x08003c49   Thumb Code     8  usbd_cdc.o(i.USBD_CDC_GetOtherSpeedCfgDesc)
    i.USBD_CDC_Init                          0x08003c54   Section        0  usbd_cdc.o(i.USBD_CDC_Init)
    USBD_CDC_Init                            0x08003c55   Thumb Code   136  usbd_cdc.o(i.USBD_CDC_Init)
    i.USBD_CDC_ReceivePacket                 0x08003cdc   Section        0  usbd_cdc.o(i.USBD_CDC_ReceivePacket)
    i.USBD_CDC_RegisterInterface             0x08003d04   Section        0  usbd_cdc.o(i.USBD_CDC_RegisterInterface)
    i.USBD_CDC_SetRxBuffer                   0x08003d14   Section        0  usbd_cdc.o(i.USBD_CDC_SetRxBuffer)
    i.USBD_CDC_SetTxBuffer                   0x08003d20   Section        0  usbd_cdc.o(i.USBD_CDC_SetTxBuffer)
    i.USBD_CDC_Setup                         0x08003d30   Section        0  usbd_cdc.o(i.USBD_CDC_Setup)
    USBD_CDC_Setup                           0x08003d31   Thumb Code   106  usbd_cdc.o(i.USBD_CDC_Setup)
    i.USBD_ClrClassConfig                    0x08003da0   Section        0  usbd_core.o(i.USBD_ClrClassConfig)
    i.USBD_CtlContinueRx                     0x08003dae   Section        0  usbd_ioreq.o(i.USBD_CtlContinueRx)
    i.USBD_CtlContinueSendData               0x08003dbe   Section        0  usbd_ioreq.o(i.USBD_CtlContinueSendData)
    i.USBD_CtlError                          0x08003dce   Section        0  usbd_ctlreq.o(i.USBD_CtlError)
    i.USBD_CtlPrepareRx                      0x08003de4   Section        0  usbd_ioreq.o(i.USBD_CtlPrepareRx)
    i.USBD_CtlReceiveStatus                  0x08003e02   Section        0  usbd_ioreq.o(i.USBD_CtlReceiveStatus)
    i.USBD_CtlSendData                       0x08003e18   Section        0  usbd_ioreq.o(i.USBD_CtlSendData)
    i.USBD_CtlSendStatus                     0x08003e32   Section        0  usbd_ioreq.o(i.USBD_CtlSendStatus)
    i.USBD_FS_ConfigStrDescriptor            0x08003e48   Section        0  usbd_desc.o(i.USBD_FS_ConfigStrDescriptor)
    i.USBD_FS_DeviceDescriptor               0x08003e68   Section        0  usbd_desc.o(i.USBD_FS_DeviceDescriptor)
    i.USBD_FS_InterfaceStrDescriptor         0x08003e74   Section        0  usbd_desc.o(i.USBD_FS_InterfaceStrDescriptor)
    i.USBD_FS_LangIDStrDescriptor            0x08003e98   Section        0  usbd_desc.o(i.USBD_FS_LangIDStrDescriptor)
    i.USBD_FS_ManufacturerStrDescriptor      0x08003ea4   Section        0  usbd_desc.o(i.USBD_FS_ManufacturerStrDescriptor)
    i.USBD_FS_ProductStrDescriptor           0x08003ecc   Section        0  usbd_desc.o(i.USBD_FS_ProductStrDescriptor)
    i.USBD_FS_SerialStrDescriptor            0x08003ef0   Section        0  usbd_desc.o(i.USBD_FS_SerialStrDescriptor)
    i.USBD_GetDescriptor                     0x08003f14   Section        0  usbd_ctlreq.o(i.USBD_GetDescriptor)
    USBD_GetDescriptor                       0x08003f15   Thumb Code   224  usbd_ctlreq.o(i.USBD_GetDescriptor)
    i.USBD_GetString                         0x08003ff4   Section        0  usbd_ctlreq.o(i.USBD_GetString)
    i.USBD_Init                              0x0800403a   Section        0  usbd_core.o(i.USBD_Init)
    i.USBD_LL_ClearStallEP                   0x08004064   Section        0  usbd_conf.o(i.USBD_LL_ClearStallEP)
    i.USBD_LL_CloseEP                        0x08004072   Section        0  usbd_conf.o(i.USBD_LL_CloseEP)
    i.USBD_LL_DataInStage                    0x08004080   Section        0  usbd_core.o(i.USBD_LL_DataInStage)
    i.USBD_LL_DataOutStage                   0x0800412a   Section        0  usbd_core.o(i.USBD_LL_DataOutStage)
    i.USBD_LL_GetRxDataSize                  0x08004194   Section        0  usbd_conf.o(i.USBD_LL_GetRxDataSize)
    i.USBD_LL_Init                           0x0800419c   Section        0  usbd_conf.o(i.USBD_LL_Init)
    i.USBD_LL_IsStallEP                      0x08004218   Section        0  usbd_conf.o(i.USBD_LL_IsStallEP)
    i.USBD_LL_OpenEP                         0x08004238   Section        0  usbd_conf.o(i.USBD_LL_OpenEP)
    i.USBD_LL_PrepareReceive                 0x0800424c   Section        0  usbd_conf.o(i.USBD_LL_PrepareReceive)
    i.USBD_LL_Reset                          0x0800425a   Section        0  usbd_core.o(i.USBD_LL_Reset)
    i.USBD_LL_Resume                         0x08004298   Section        0  usbd_core.o(i.USBD_LL_Resume)
    i.USBD_LL_SOF                            0x080042a4   Section        0  usbd_core.o(i.USBD_LL_SOF)
    i.USBD_LL_SetSpeed                       0x080042bc   Section        0  usbd_core.o(i.USBD_LL_SetSpeed)
    i.USBD_LL_SetUSBAddress                  0x080042c2   Section        0  usbd_conf.o(i.USBD_LL_SetUSBAddress)
    i.USBD_LL_SetupStage                     0x080042d0   Section        0  usbd_core.o(i.USBD_LL_SetupStage)
    i.USBD_LL_StallEP                        0x0800432a   Section        0  usbd_conf.o(i.USBD_LL_StallEP)
    i.USBD_LL_Start                          0x08004338   Section        0  usbd_conf.o(i.USBD_LL_Start)
    i.USBD_LL_Suspend                        0x08004346   Section        0  usbd_core.o(i.USBD_LL_Suspend)
    i.USBD_LL_Transmit                       0x08004358   Section        0  usbd_conf.o(i.USBD_LL_Transmit)
    i.USBD_ParseSetupRequest                 0x08004366   Section        0  usbd_ctlreq.o(i.USBD_ParseSetupRequest)
    i.USBD_RegisterClass                     0x0800438e   Section        0  usbd_core.o(i.USBD_RegisterClass)
    i.USBD_SetClassConfig                    0x0800439e   Section        0  usbd_core.o(i.USBD_SetClassConfig)
    i.USBD_SetConfig                         0x080043b4   Section        0  usbd_ctlreq.o(i.USBD_SetConfig)
    USBD_SetConfig                           0x080043b5   Thumb Code   110  usbd_ctlreq.o(i.USBD_SetConfig)
    i.USBD_Start                             0x08004428   Section        0  usbd_core.o(i.USBD_Start)
    i.USBD_StdDevReq                         0x08004432   Section        0  usbd_ctlreq.o(i.USBD_StdDevReq)
    i.USBD_StdEPReq                          0x08004524   Section        0  usbd_ctlreq.o(i.USBD_StdEPReq)
    i.USBD_StdItfReq                         0x08004600   Section        0  usbd_ctlreq.o(i.USBD_StdItfReq)
    i.USBD_static_free                       0x08004634   Section        0  usbd_conf.o(i.USBD_static_free)
    i.USBD_static_malloc                     0x08004638   Section        0  usbd_conf.o(i.USBD_static_malloc)
    i.USB_LP_CAN_RX0_IRQHandler              0x08004640   Section        0  stm32f3xx_it.o(i.USB_LP_CAN_RX0_IRQHandler)
    i.__scatterload_copy                     0x0800464c   Section       14  handlers.o(i.__scatterload_copy)
    i.__scatterload_null                     0x0800465a   Section        2  handlers.o(i.__scatterload_null)
    i.__scatterload_zeroinit                 0x0800465c   Section       14  handlers.o(i.__scatterload_zeroinit)
    i.free                                   0x0800466c   Section        0  malloc.o(i.free)
    i.main                                   0x080046bc   Section        0  main.o(i.main)
    i.makeFreeRtosPriority                   0x0800477c   Section        0  cmsis_os.o(i.makeFreeRtosPriority)
    makeFreeRtosPriority                     0x0800477d   Thumb Code    12  cmsis_os.o(i.makeFreeRtosPriority)
    i.osDelay                                0x08004788   Section        0  cmsis_os.o(i.osDelay)
    i.osKernelStart                          0x08004796   Section        0  cmsis_os.o(i.osKernelStart)
    i.osSystickHandler                       0x080047a0   Section        0  cmsis_os.o(i.osSystickHandler)
    i.osThreadCreate                         0x080047b4   Section        0  cmsis_os.o(i.osThreadCreate)
    i.prvAddCurrentTaskToDelayedList         0x080047ec   Section        0  tasks.o(i.prvAddCurrentTaskToDelayedList)
    prvAddCurrentTaskToDelayedList           0x080047ed   Thumb Code    48  tasks.o(i.prvAddCurrentTaskToDelayedList)
    i.prvCheckTasksWaitingTermination        0x08004820   Section        0  tasks.o(i.prvCheckTasksWaitingTermination)
    prvCheckTasksWaitingTermination          0x08004821   Thumb Code    76  tasks.o(i.prvCheckTasksWaitingTermination)
    i.prvHeapInit                            0x08004874   Section        0  heap_4.o(i.prvHeapInit)
    prvHeapInit                              0x08004875   Thumb Code    64  heap_4.o(i.prvHeapInit)
    i.prvIdleTask                            0x080048bc   Section        0  tasks.o(i.prvIdleTask)
    prvIdleTask                              0x080048bd   Thumb Code    30  tasks.o(i.prvIdleTask)
    i.prvInsertBlockIntoFreeList             0x080048e4   Section        0  heap_4.o(i.prvInsertBlockIntoFreeList)
    prvInsertBlockIntoFreeList               0x080048e5   Thumb Code    72  heap_4.o(i.prvInsertBlockIntoFreeList)
    i.prvResetNextTaskUnblockTime            0x08004930   Section        0  tasks.o(i.prvResetNextTaskUnblockTime)
    prvResetNextTaskUnblockTime              0x08004931   Thumb Code    26  tasks.o(i.prvResetNextTaskUnblockTime)
    i.prvTaskExitError                       0x08004950   Section        0  port.o(i.prvTaskExitError)
    prvTaskExitError                         0x08004951   Thumb Code    36  port.o(i.prvTaskExitError)
    i.pvPortMalloc                           0x08004978   Section        0  heap_4.o(i.pvPortMalloc)
    i.pxPortInitialiseStack                  0x08004a50   Section        0  port.o(i.pxPortInitialiseStack)
    i.uxListRemove                           0x08004a78   Section        0  list.o(i.uxListRemove)
    i.vListInitialise                        0x08004a9c   Section        0  list.o(i.vListInitialise)
    i.vListInitialiseItem                    0x08004ab2   Section        0  list.o(i.vListInitialiseItem)
    i.vListInsert                            0x08004ab8   Section        0  list.o(i.vListInsert)
    i.vListInsertEnd                         0x08004ae8   Section        0  list.o(i.vListInsertEnd)
    i.vPortEnterCritical                     0x08004b00   Section        0  port.o(i.vPortEnterCritical)
    i.vPortExitCritical                      0x08004b40   Section        0  port.o(i.vPortExitCritical)
    i.vPortFree                              0x08004b68   Section        0  heap_4.o(i.vPortFree)
    i.vPortSetupTimerInterrupt               0x08004bc4   Section        0  port.o(i.vPortSetupTimerInterrupt)
    i.vTaskDelay                             0x08004be4   Section        0  tasks.o(i.vTaskDelay)
    i.vTaskStartScheduler                    0x08004c4c   Section        0  tasks.o(i.vTaskStartScheduler)
    i.vTaskSuspendAll                        0x08004cac   Section        0  tasks.o(i.vTaskSuspendAll)
    i.vTaskSwitchContext                     0x08004cbc   Section        0  tasks.o(i.vTaskSwitchContext)
    i.xPortStartScheduler                    0x08004d18   Section        0  port.o(i.xPortStartScheduler)
    i.xPortSysTickHandler                    0x08004df8   Section        0  port.o(i.xPortSysTickHandler)
    i.xTaskGenericCreate                     0x08004e24   Section        0  tasks.o(i.xTaskGenericCreate)
    i.xTaskGetSchedulerState                 0x08004fe0   Section        0  tasks.o(i.xTaskGetSchedulerState)
    i.xTaskIncrementTick                     0x08004ffc   Section        0  tasks.o(i.xTaskIncrementTick)
    i.xTaskResumeAll                         0x080050c8   Section        0  tasks.o(i.xTaskResumeAll)
    .constdata                               0x0800518c   Section       48  stm32f3xx_hal_rcc.o(.constdata)
    .constdata                               0x080051bc   Section       60  main.o(.constdata)
    .constdata                               0x080051f8   Section       20  freertos.o(.constdata)
    .constdata                               0x0800520c   Section       20  stm32f3_discovery.o(.constdata)
    .conststring                             0x08005220   Section       21  main.o(.conststring)
    .conststring                             0x08005238   Section       12  freertos.o(.conststring)
    .data                                    0x20000000   Section        4  system_stm32f3xx.o(.data)
    .data                                    0x20000004   Section      219  usbd_cdc.o(.data)
    ifalt                                    0x20000004   Data           1  usbd_cdc.o(.data)
    USBD_CDC_DeviceQualifierDesc             0x20000008   Data          10  usbd_cdc.o(.data)
    .data                                    0x200000e0   Section       56  usbd_cdc.o(.data)
    .data                                    0x20000118   Section        1  usbd_ctlreq.o(.data)
    cfgidx                                   0x20000118   Data           1  usbd_ctlreq.o(.data)
    .data                                    0x2000011c   Section        4  stm32f3xx_hal.o(.data)
    uwTick                                   0x2000011c   Data           4  stm32f3xx_hal.o(.data)
    .data                                    0x20000120   Section       24  heap_4.o(.data)
    pxEnd                                    0x20000120   Data           4  heap_4.o(.data)
    xFreeBytesRemaining                      0x20000124   Data           4  heap_4.o(.data)
    xMinimumEverFreeBytesRemaining           0x20000128   Data           4  heap_4.o(.data)
    xBlockAllocatedBit                       0x2000012c   Data           4  heap_4.o(.data)
    xStart                                   0x20000130   Data           8  heap_4.o(.data)
    .data                                    0x20000138   Section       56  tasks.o(.data)
    uxTasksDeleted                           0x2000013c   Data           4  tasks.o(.data)
    uxCurrentNumberOfTasks                   0x20000140   Data           4  tasks.o(.data)
    xTickCount                               0x20000144   Data           4  tasks.o(.data)
    uxTopReadyPriority                       0x20000148   Data           4  tasks.o(.data)
    xSchedulerRunning                        0x2000014c   Data           4  tasks.o(.data)
    uxPendedTicks                            0x20000150   Data           4  tasks.o(.data)
    xYieldPending                            0x20000154   Data           4  tasks.o(.data)
    xNumOfOverflows                          0x20000158   Data           4  tasks.o(.data)
    uxTaskNumber                             0x2000015c   Data           4  tasks.o(.data)
    xNextTaskUnblockTime                     0x20000160   Data           4  tasks.o(.data)
    uxSchedulerSuspended                     0x20000164   Data           4  tasks.o(.data)
    pxDelayedTaskList                        0x20000168   Data           4  tasks.o(.data)
    pxOverflowDelayedTaskList                0x2000016c   Data           4  tasks.o(.data)
    .data                                    0x20000170   Section       12  port.o(.data)
    ucMaxSysCallPriority                     0x20000170   Data           1  port.o(.data)
    uxCriticalNesting                        0x20000174   Data           4  port.o(.data)
    ulMaxPRIGROUPValue                       0x20000178   Data           4  port.o(.data)
    .data                                    0x2000017c   Section       28  usbd_desc.o(.data)
    .data                                    0x20000198   Section       22  usbd_desc.o(.data)
    .data                                    0x200001b0   Section       26  main.o(.data)
    .data                                    0x200001cc   Section       16  usbd_cdc_if.o(.data)
    .data                                    0x200001dc   Section       12  usbd_cdc_if.o(.data)
    .data                                    0x200001e8   Section        4  freertos.o(.data)
    .data                                    0x200001ec   Section        4  mems.o(.data)
    .data                                    0x200001f0   Section       44  stm32f3_discovery.o(.data)
    .data                                    0x2000021c   Section        4  stm32f3_discovery_accelerometer.o(.data)
    AccelerometerDrv                         0x2000021c   Data           4  stm32f3_discovery_accelerometer.o(.data)
    .data                                    0x20000220   Section       44  lsm303dlhc.o(.data)
    .data                                    0x2000024c   Section        4  mvars.o(.data)
    .bss                                     0x20000250   Section     6100  heap_4.o(.bss)
    ucHeap                                   0x20000250   Data        6100  heap_4.o(.bss)
    .bss                                     0x20001a24   Section      240  tasks.o(.bss)
    pxReadyTasksLists                        0x20001a24   Data         140  tasks.o(.bss)
    xDelayedTaskList1                        0x20001ab0   Data          20  tasks.o(.bss)
    xDelayedTaskList2                        0x20001ac4   Data          20  tasks.o(.bss)
    xPendingReadyList                        0x20001ad8   Data          20  tasks.o(.bss)
    xTasksWaitingTermination                 0x20001aec   Data          20  tasks.o(.bss)
    xSuspendedTaskList                       0x20001b00   Data          20  tasks.o(.bss)
    .bss                                     0x20001b14   Section      512  usbd_desc.o(.bss)
    .bss                                     0x20001d14   Section      120  main.o(.bss)
    .bss                                     0x20001d8c   Section      548  usb_device.o(.bss)
    .bss                                     0x20001fb0   Section      100  spi.o(.bss)
    .bss                                     0x20002014   Section       60  i2c.o(.bss)
    .bss                                     0x20002050   Section       60  stm32f3xx_hal_timebase_tim.o(.bss)
    .bss                                     0x2000208c   Section     1480  usbd_conf.o(.bss)
    mem                                      0x2000208c   Data         544  usbd_conf.o(.bss)
    .bss                                     0x20002654   Section      160  stm32f3_discovery.o(.bss)
    SpiHandle                                0x20002654   Data         100  stm32f3_discovery.o(.bss)
    I2cHandle                                0x200026b8   Data          60  stm32f3_discovery.o(.bss)
    STACK                                    0x200026f8   Section      512  startup_stm32f303xc.o(STACK)

    Global Symbols

    Symbol Name                              Value     Ov Type        Size  Object(Section)

    BuildAttributes$$THM_ISAv4$E$P$D$K$B$S$7EM$VFPi3$EXTD16$VFPS$VFMA$PE$A:L22UL41UL21$X:L11$S22US41US21$IEEE1$IW$USESV6$~STKCKD$USESV7$~SHL$OSPACE$EBA8$MICROLIB$REQ8$PRES8$EABIv2 0x00000000   Number         0  anon$$obj.o ABSOLUTE
    __ARM_use_no_argv                        0x00000000   Number         0  main.o ABSOLUTE
    __cpp_initialize__aeabi_                  - Undefined Weak Reference
    __cxa_finalize                            - Undefined Weak Reference
    _clock_init                               - Undefined Weak Reference
    _microlib_exit                            - Undefined Weak Reference
    __Vectors_Size                           0x00000188   Number         0  startup_stm32f303xc.o ABSOLUTE
    __Vectors                                0x08000000   Data           4  startup_stm32f303xc.o(RESET)
    __Vectors_End                            0x08000188   Data           0  startup_stm32f303xc.o(RESET)
    __main                                   0x08000189   Thumb Code     0  entry.o(.ARM.Collect$$$$00000000)
    _main_stk                                0x08000189   Thumb Code     0  entry2.o(.ARM.Collect$$$$00000001)
    _main_scatterload                        0x0800018d   Thumb Code     0  entry5.o(.ARM.Collect$$$$00000004)
    __main_after_scatterload                 0x08000191   Thumb Code     0  entry5.o(.ARM.Collect$$$$00000004)
    _main_clock                              0x08000191   Thumb Code     0  entry7b.o(.ARM.Collect$$$$00000008)
    _main_cpp_init                           0x08000191   Thumb Code     0  entry8b.o(.ARM.Collect$$$$0000000A)
    _main_init                               0x08000191   Thumb Code     0  entry9a.o(.ARM.Collect$$$$0000000B)
    __rt_final_cpp                           0x08000199   Thumb Code     0  entry10a.o(.ARM.Collect$$$$0000000D)
    __rt_final_exit                          0x08000199   Thumb Code     0  entry11a.o(.ARM.Collect$$$$0000000F)
    SVC_Handler                              0x0800019d   Thumb Code    28  port.o(.emb_text)
    __asm___6_port_c_39a90d8d__prvStartFirstTask 0x080001bd   Thumb Code    28  port.o(.emb_text)
    __asm___6_port_c_39a90d8d__prvEnableVFP  0x080001dd   Thumb Code    16  port.o(.emb_text)
    PendSV_Handler                           0x080001f1   Thumb Code    92  port.o(.emb_text)
    vPortGetIPSR                             0x08000251   Thumb Code     6  port.o(.emb_text)
    Reset_Handler                            0x08000259   Thumb Code     8  startup_stm32f303xc.o(.text)
    NMI_Handler                              0x08000261   Thumb Code     2  startup_stm32f303xc.o(.text)
    HardFault_Handler                        0x08000263   Thumb Code     2  startup_stm32f303xc.o(.text)
    MemManage_Handler                        0x08000265   Thumb Code     2  startup_stm32f303xc.o(.text)
    BusFault_Handler                         0x08000267   Thumb Code     2  startup_stm32f303xc.o(.text)
    UsageFault_Handler                       0x08000269   Thumb Code     2  startup_stm32f303xc.o(.text)
    DebugMon_Handler                         0x0800026d   Thumb Code     2  startup_stm32f303xc.o(.text)
    ADC1_2_IRQHandler                        0x08000273   Thumb Code     0  startup_stm32f303xc.o(.text)
    ADC3_IRQHandler                          0x08000273   Thumb Code     0  startup_stm32f303xc.o(.text)
    ADC4_IRQHandler                          0x08000273   Thumb Code     0  startup_stm32f303xc.o(.text)
    CAN_RX1_IRQHandler                       0x08000273   Thumb Code     0  startup_stm32f303xc.o(.text)
    CAN_SCE_IRQHandler                       0x08000273   Thumb Code     0  startup_stm32f303xc.o(.text)
    COMP1_2_3_IRQHandler                     0x08000273   Thumb Code     0  startup_stm32f303xc.o(.text)
    COMP4_5_6_IRQHandler                     0x08000273   Thumb Code     0  startup_stm32f303xc.o(.text)
    COMP7_IRQHandler                         0x08000273   Thumb Code     0  startup_stm32f303xc.o(.text)
    DMA1_Channel1_IRQHandler                 0x08000273   Thumb Code     0  startup_stm32f303xc.o(.text)
    DMA1_Channel2_IRQHandler                 0x08000273   Thumb Code     0  startup_stm32f303xc.o(.text)
    DMA1_Channel3_IRQHandler                 0x08000273   Thumb Code     0  startup_stm32f303xc.o(.text)
    DMA1_Channel4_IRQHandler                 0x08000273   Thumb Code     0  startup_stm32f303xc.o(.text)
    DMA1_Channel5_IRQHandler                 0x08000273   Thumb Code     0  startup_stm32f303xc.o(.text)
    DMA1_Channel6_IRQHandler                 0x08000273   Thumb Code     0  startup_stm32f303xc.o(.text)
    DMA1_Channel7_IRQHandler                 0x08000273   Thumb Code     0  startup_stm32f303xc.o(.text)
    DMA2_Channel1_IRQHandler                 0x08000273   Thumb Code     0  startup_stm32f303xc.o(.text)
    DMA2_Channel2_IRQHandler                 0x08000273   Thumb Code     0  startup_stm32f303xc.o(.text)
    DMA2_Channel3_IRQHandler                 0x08000273   Thumb Code     0  startup_stm32f303xc.o(.text)
    DMA2_Channel4_IRQHandler                 0x08000273   Thumb Code     0  startup_stm32f303xc.o(.text)
    DMA2_Channel5_IRQHandler                 0x08000273   Thumb Code     0  startup_stm32f303xc.o(.text)
    EXTI15_10_IRQHandler                     0x08000273   Thumb Code     0  startup_stm32f303xc.o(.text)
    EXTI1_IRQHandler                         0x08000273   Thumb Code     0  startup_stm32f303xc.o(.text)
    EXTI2_TSC_IRQHandler                     0x08000273   Thumb Code     0  startup_stm32f303xc.o(.text)
    EXTI3_IRQHandler                         0x08000273   Thumb Code     0  startup_stm32f303xc.o(.text)
    EXTI4_IRQHandler                         0x08000273   Thumb Code     0  startup_stm32f303xc.o(.text)
    EXTI9_5_IRQHandler                       0x08000273   Thumb Code     0  startup_stm32f303xc.o(.text)
    FLASH_IRQHandler                         0x08000273   Thumb Code     0  startup_stm32f303xc.o(.text)
    FPU_IRQHandler                           0x08000273   Thumb Code     0  startup_stm32f303xc.o(.text)
    I2C1_ER_IRQHandler                       0x08000273   Thumb Code     0  startup_stm32f303xc.o(.text)
    I2C1_EV_IRQHandler                       0x08000273   Thumb Code     0  startup_stm32f303xc.o(.text)
    I2C2_ER_IRQHandler                       0x08000273   Thumb Code     0  startup_stm32f303xc.o(.text)
    I2C2_EV_IRQHandler                       0x08000273   Thumb Code     0  startup_stm32f303xc.o(.text)
    PVD_IRQHandler                           0x08000273   Thumb Code     0  startup_stm32f303xc.o(.text)
    RCC_IRQHandler                           0x08000273   Thumb Code     0  startup_stm32f303xc.o(.text)
    RTC_Alarm_IRQHandler                     0x08000273   Thumb Code     0  startup_stm32f303xc.o(.text)
    RTC_WKUP_IRQHandler                      0x08000273   Thumb Code     0  startup_stm32f303xc.o(.text)
    SPI1_IRQHandler                          0x08000273   Thumb Code     0  startup_stm32f303xc.o(.text)
    SPI2_IRQHandler                          0x08000273   Thumb Code     0  startup_stm32f303xc.o(.text)
    SPI3_IRQHandler                          0x08000273   Thumb Code     0  startup_stm32f303xc.o(.text)
    TAMP_STAMP_IRQHandler                    0x08000273   Thumb Code     0  startup_stm32f303xc.o(.text)
    TIM1_BRK_TIM15_IRQHandler                0x08000273   Thumb Code     0  startup_stm32f303xc.o(.text)
    TIM1_CC_IRQHandler                       0x08000273   Thumb Code     0  startup_stm32f303xc.o(.text)
    TIM1_TRG_COM_TIM17_IRQHandler            0x08000273   Thumb Code     0  startup_stm32f303xc.o(.text)
    TIM2_IRQHandler                          0x08000273   Thumb Code     0  startup_stm32f303xc.o(.text)
    TIM3_IRQHandler                          0x08000273   Thumb Code     0  startup_stm32f303xc.o(.text)
    TIM4_IRQHandler                          0x08000273   Thumb Code     0  startup_stm32f303xc.o(.text)
    TIM6_DAC_IRQHandler                      0x08000273   Thumb Code     0  startup_stm32f303xc.o(.text)
    TIM7_IRQHandler                          0x08000273   Thumb Code     0  startup_stm32f303xc.o(.text)
    TIM8_BRK_IRQHandler                      0x08000273   Thumb Code     0  startup_stm32f303xc.o(.text)
    TIM8_CC_IRQHandler                       0x08000273   Thumb Code     0  startup_stm32f303xc.o(.text)
    TIM8_TRG_COM_IRQHandler                  0x08000273   Thumb Code     0  startup_stm32f303xc.o(.text)
    TIM8_UP_IRQHandler                       0x08000273   Thumb Code     0  startup_stm32f303xc.o(.text)
    UART4_IRQHandler                         0x08000273   Thumb Code     0  startup_stm32f303xc.o(.text)
    UART5_IRQHandler                         0x08000273   Thumb Code     0  startup_stm32f303xc.o(.text)
    USART1_IRQHandler                        0x08000273   Thumb Code     0  startup_stm32f303xc.o(.text)
    USART2_IRQHandler                        0x08000273   Thumb Code     0  startup_stm32f303xc.o(.text)
    USART3_IRQHandler                        0x08000273   Thumb Code     0  startup_stm32f303xc.o(.text)
    USBWakeUp_IRQHandler                     0x08000273   Thumb Code     0  startup_stm32f303xc.o(.text)
    USBWakeUp_RMP_IRQHandler                 0x08000273   Thumb Code     0  startup_stm32f303xc.o(.text)
    USB_HP_CAN_TX_IRQHandler                 0x08000273   Thumb Code     0  startup_stm32f303xc.o(.text)
    USB_HP_IRQHandler                        0x08000273   Thumb Code     0  startup_stm32f303xc.o(.text)
    USB_LP_IRQHandler                        0x08000273   Thumb Code     0  startup_stm32f303xc.o(.text)
    WWDG_IRQHandler                          0x08000273   Thumb Code     0  startup_stm32f303xc.o(.text)
    __aeabi_memcpy                           0x0800027d   Thumb Code    36  memcpya.o(.text)
    __aeabi_memcpy4                          0x0800027d   Thumb Code     0  memcpya.o(.text)
    __aeabi_memcpy8                          0x0800027d   Thumb Code     0  memcpya.o(.text)
    __aeabi_memset                           0x080002a1   Thumb Code    14  memseta.o(.text)
    __aeabi_memset4                          0x080002a1   Thumb Code     0  memseta.o(.text)
    __aeabi_memset8                          0x080002a1   Thumb Code     0  memseta.o(.text)
    __aeabi_memclr                           0x080002af   Thumb Code     4  memseta.o(.text)
    __aeabi_memclr4                          0x080002af   Thumb Code     0  memseta.o(.text)
    __aeabi_memclr8                          0x080002af   Thumb Code     0  memseta.o(.text)
    _memset$wrapper                          0x080002b3   Thumb Code    18  memseta.o(.text)
    __scatterload                            0x080002c5   Thumb Code    28  init.o(.text)
    __scatterload_rt2                        0x080002c5   Thumb Code     0  init.o(.text)
    __decompress                             0x080002e9   Thumb Code     0  __dczerorl2.o(.text)
    __decompress1                            0x080002e9   Thumb Code    86  __dczerorl2.o(.text)
    BSP_ACCELERO_GetXYZ                      0x080003d5   Thumb Code    14  stm32f3_discovery_accelerometer.o(i.BSP_ACCELERO_GetXYZ)
    BSP_ACCELERO_Init                        0x080003e9   Thumb Code    40  stm32f3_discovery_accelerometer.o(i.BSP_ACCELERO_Init)
    BSP_LED_Init                             0x08000419   Thumb Code   102  stm32f3_discovery.o(i.BSP_LED_Init)
    BSP_LED_Off                              0x0800048d   Thumb Code    18  stm32f3_discovery.o(i.BSP_LED_Off)
    BSP_LED_On                               0x080004a9   Thumb Code    18  stm32f3_discovery.o(i.BSP_LED_On)
    BSP_LED_Toggle                           0x080004c5   Thumb Code    16  stm32f3_discovery.o(i.BSP_LED_Toggle)
    COMPASSACCELERO_IO_ITConfig              0x08000525   Thumb Code    66  stm32f3_discovery.o(i.COMPASSACCELERO_IO_ITConfig)
    COMPASSACCELERO_IO_Init                  0x08000575   Thumb Code   104  stm32f3_discovery.o(i.COMPASSACCELERO_IO_Init)
    COMPASSACCELERO_IO_Read                  0x080005e5   Thumb Code    44  stm32f3_discovery.o(i.COMPASSACCELERO_IO_Read)
    COMPASSACCELERO_IO_Write                 0x08000619   Thumb Code    40  stm32f3_discovery.o(i.COMPASSACCELERO_IO_Write)
    EXTI0_IRQHandler                         0x08000649   Thumb Code    14  stm32f3xx_it.o(i.EXTI0_IRQHandler)
    HAL_GPIO_DeInit                          0x0800065d   Thumb Code   258  stm32f3xx_hal_gpio.o(i.HAL_GPIO_DeInit)
    HAL_GPIO_EXTI_Callback                   0x08000779   Thumb Code     2  stm32f3xx_hal_gpio.o(i.HAL_GPIO_EXTI_Callback)
    HAL_GPIO_EXTI_IRQHandler                 0x0800077d   Thumb Code    18  stm32f3xx_hal_gpio.o(i.HAL_GPIO_EXTI_IRQHandler)
    HAL_GPIO_Init                            0x08000795   Thumb Code   364  stm32f3xx_hal_gpio.o(i.HAL_GPIO_Init)
    HAL_GPIO_TogglePin                       0x0800091d   Thumb Code     8  stm32f3xx_hal_gpio.o(i.HAL_GPIO_TogglePin)
    HAL_GPIO_WritePin                        0x08000925   Thumb Code    10  stm32f3xx_hal_gpio.o(i.HAL_GPIO_WritePin)
    HAL_GetTick                              0x08000931   Thumb Code     6  stm32f3xx_hal.o(i.HAL_GetTick)
    HAL_I2CEx_ConfigAnalogFilter             0x0800093d   Thumb Code   118  stm32f3xx_hal_i2c_ex.o(i.HAL_I2CEx_ConfigAnalogFilter)
    HAL_I2C_DeInit                           0x080009b3   Thumb Code    46  stm32f3xx_hal_i2c.o(i.HAL_I2C_DeInit)
    HAL_I2C_GetState                         0x080009e1   Thumb Code     6  stm32f3xx_hal_i2c.o(i.HAL_I2C_GetState)
    HAL_I2C_Init                             0x080009e9   Thumb Code   164  stm32f3xx_hal_i2c.o(i.HAL_I2C_Init)
    HAL_I2C_Mem_Read                         0x08000a91   Thumb Code   268  stm32f3xx_hal_i2c.o(i.HAL_I2C_Mem_Read)
    HAL_I2C_Mem_Write                        0x08000ba1   Thumb Code   262  stm32f3xx_hal_i2c.o(i.HAL_I2C_Mem_Write)
    HAL_I2C_MspDeInit                        0x08000cad   Thumb Code    28  i2c.o(i.HAL_I2C_MspDeInit)
    HAL_I2C_MspInit                          0x08000cd5   Thumb Code    62  i2c.o(i.HAL_I2C_MspInit)
    HAL_IncTick                              0x08000d21   Thumb Code    10  stm32f3xx_hal.o(i.HAL_IncTick)
    HAL_Init                                 0x08000d31   Thumb Code    32  stm32f3xx_hal.o(i.HAL_Init)
    HAL_InitTick                             0x08000d55   Thumb Code   102  stm32f3xx_hal_timebase_tim.o(i.HAL_InitTick)
    HAL_MspInit                              0x08000dc9   Thumb Code    40  stm32f3xx_hal_msp.o(i.HAL_MspInit)
    HAL_NVIC_EnableIRQ                       0x08000df5   Thumb Code    22  stm32f3xx_hal_cortex.o(i.HAL_NVIC_EnableIRQ)
    HAL_NVIC_SetPriority                     0x08000e0d   Thumb Code    60  stm32f3xx_hal_cortex.o(i.HAL_NVIC_SetPriority)
    HAL_NVIC_SetPriorityGrouping             0x08000e4d   Thumb Code    26  stm32f3xx_hal_cortex.o(i.HAL_NVIC_SetPriorityGrouping)
    HAL_PCDEx_PMAConfig                      0x08000e71   Thumb Code    60  stm32f3xx_hal_pcd_ex.o(i.HAL_PCDEx_PMAConfig)
    HAL_PCDEx_SetConnectionState             0x08000ead   Thumb Code     2  usbd_conf.o(i.HAL_PCDEx_SetConnectionState)
    HAL_PCD_DataInStageCallback              0x08000eaf   Thumb Code    18  usbd_conf.o(i.HAL_PCD_DataInStageCallback)
    HAL_PCD_DataOutStageCallback             0x08000ec1   Thumb Code    20  usbd_conf.o(i.HAL_PCD_DataOutStageCallback)
    HAL_PCD_EP_Close                         0x08000ed5   Thumb Code   386  stm32f3xx_hal_pcd.o(i.HAL_PCD_EP_Close)
    HAL_PCD_EP_ClrStall                      0x08001057   Thumb Code   176  stm32f3xx_hal_pcd.o(i.HAL_PCD_EP_ClrStall)
    HAL_PCD_EP_GetRxCount                    0x08001107   Thumb Code    20  stm32f3xx_hal_pcd.o(i.HAL_PCD_EP_GetRxCount)
    HAL_PCD_EP_Open                          0x0800111b   Thumb Code   764  stm32f3xx_hal_pcd.o(i.HAL_PCD_EP_Open)
    HAL_PCD_EP_Receive                       0x08001417   Thumb Code   232  stm32f3xx_hal_pcd.o(i.HAL_PCD_EP_Receive)
    HAL_PCD_EP_SetStall                      0x080014ff   Thumb Code   138  stm32f3xx_hal_pcd.o(i.HAL_PCD_EP_SetStall)
    HAL_PCD_EP_Transmit                      0x08001589   Thumb Code   230  stm32f3xx_hal_pcd.o(i.HAL_PCD_EP_Transmit)
    HAL_PCD_IRQHandler                       0x0800166f   Thumb Code   252  stm32f3xx_hal_pcd.o(i.HAL_PCD_IRQHandler)
    HAL_PCD_Init                             0x0800176b   Thumb Code   166  stm32f3xx_hal_pcd.o(i.HAL_PCD_Init)
    HAL_PCD_MspInit                          0x08001811   Thumb Code    82  usbd_conf.o(i.HAL_PCD_MspInit)
    HAL_PCD_ResetCallback                    0x0800186d   Thumb Code    26  usbd_conf.o(i.HAL_PCD_ResetCallback)
    HAL_PCD_ResumeCallback                   0x08001887   Thumb Code     8  usbd_conf.o(i.HAL_PCD_ResumeCallback)
    HAL_PCD_SOFCallback                      0x0800188f   Thumb Code     8  usbd_conf.o(i.HAL_PCD_SOFCallback)
    HAL_PCD_SetAddress                       0x08001897   Thumb Code    44  stm32f3xx_hal_pcd.o(i.HAL_PCD_SetAddress)
    HAL_PCD_SetupStageCallback               0x080018c3   Thumb Code    14  usbd_conf.o(i.HAL_PCD_SetupStageCallback)
    HAL_PCD_Start                            0x080018d1   Thumb Code    12  stm32f3xx_hal_pcd.o(i.HAL_PCD_Start)
    HAL_PCD_SuspendCallback                  0x080018dd   Thumb Code    30  usbd_conf.o(i.HAL_PCD_SuspendCallback)
    HAL_RCCEx_PeriphCLKConfig                0x08001901   Thumb Code   480  stm32f3xx_hal_rcc_ex.o(i.HAL_RCCEx_PeriphCLKConfig)
    HAL_RCC_ClockConfig                      0x08001aed   Thumb Code   638  stm32f3xx_hal_rcc.o(i.HAL_RCC_ClockConfig)
    HAL_RCC_GetClockConfig                   0x08001d75   Thumb Code    54  stm32f3xx_hal_rcc.o(i.HAL_RCC_GetClockConfig)
    HAL_RCC_GetHCLKFreq                      0x08001db5   Thumb Code    38  stm32f3xx_hal_rcc.o(i.HAL_RCC_GetHCLKFreq)
    HAL_RCC_GetPCLK2Freq                     0x08001de9   Thumb Code    36  stm32f3xx_hal_rcc.o(i.HAL_RCC_GetPCLK2Freq)
    HAL_RCC_GetSysClockFreq                  0x08001e15   Thumb Code    84  stm32f3xx_hal_rcc.o(i.HAL_RCC_GetSysClockFreq)
    HAL_RCC_OscConfig                        0x08001e79   Thumb Code  1572  stm32f3xx_hal_rcc.o(i.HAL_RCC_OscConfig)
    HAL_SPI_Init                             0x0800249d   Thumb Code   192  stm32f3xx_hal_spi.o(i.HAL_SPI_Init)
    HAL_SPI_MspInit                          0x0800255d   Thumb Code    62  spi.o(i.HAL_SPI_MspInit)
    HAL_SYSTICK_CLKSourceConfig              0x080025a5   Thumb Code    24  stm32f3xx_hal_cortex.o(i.HAL_SYSTICK_CLKSourceConfig)
    HAL_SYSTICK_Config                       0x080025bd   Thumb Code    40  stm32f3xx_hal_cortex.o(i.HAL_SYSTICK_Config)
    HAL_TIMEx_BreakCallback                  0x080025e5   Thumb Code     2  stm32f3xx_hal_tim_ex.o(i.HAL_TIMEx_BreakCallback)
    HAL_TIMEx_CommutationCallback            0x080025e7   Thumb Code     2  stm32f3xx_hal_tim_ex.o(i.HAL_TIMEx_CommutationCallback)
    HAL_TIMEx_ConfigBreakDeadTime            0x080025e9   Thumb Code   126  stm32f3xx_hal_tim_ex.o(i.HAL_TIMEx_ConfigBreakDeadTime)
    HAL_TIMEx_MasterConfigSynchronization    0x08002671   Thumb Code    78  stm32f3xx_hal_tim_ex.o(i.HAL_TIMEx_MasterConfigSynchronization)
    HAL_TIM_Base_Init                        0x080026c9   Thumb Code    54  stm32f3xx_hal_tim.o(i.HAL_TIM_Base_Init)
    HAL_TIM_Base_MspInit                     0x080026ff   Thumb Code     2  stm32f3xx_hal_tim.o(i.HAL_TIM_Base_MspInit)
    HAL_TIM_Base_Start_IT                    0x08002701   Thumb Code    24  stm32f3xx_hal_tim.o(i.HAL_TIM_Base_Start_IT)
    HAL_TIM_IC_CaptureCallback               0x08002719   Thumb Code     2  stm32f3xx_hal_tim.o(i.HAL_TIM_IC_CaptureCallback)
    HAL_TIM_IRQHandler                       0x0800271b   Thumb Code   358  stm32f3xx_hal_tim.o(i.HAL_TIM_IRQHandler)
    HAL_TIM_OC_DelayElapsedCallback          0x08002881   Thumb Code     2  stm32f3xx_hal_tim.o(i.HAL_TIM_OC_DelayElapsedCallback)
    HAL_TIM_PWM_ConfigChannel                0x08002883   Thumb Code   296  stm32f3xx_hal_tim_ex.o(i.HAL_TIM_PWM_ConfigChannel)
    HAL_TIM_PWM_Init                         0x080029ab   Thumb Code    54  stm32f3xx_hal_tim.o(i.HAL_TIM_PWM_Init)
    HAL_TIM_PWM_MspInit                      0x080029e1   Thumb Code   148  stm32f3xx_hal_msp.o(i.HAL_TIM_PWM_MspInit)
    HAL_TIM_PWM_PulseFinishedCallback        0x08002a8d   Thumb Code     2  stm32f3xx_hal_tim.o(i.HAL_TIM_PWM_PulseFinishedCallback)
    HAL_TIM_PWM_Start                        0x08002a91   Thumb Code    66  stm32f3xx_hal_tim.o(i.HAL_TIM_PWM_Start)
    HAL_TIM_PeriodElapsedCallback            0x08002ae9   Thumb Code     4  stm32f3xx_hal_timebase_tim.o(i.HAL_TIM_PeriodElapsedCallback)
    HAL_TIM_TriggerCallback                  0x08002aed   Thumb Code     2  stm32f3xx_hal_tim.o(i.HAL_TIM_TriggerCallback)
    LSM303DLHC_AccClickITEnable              0x08002e05   Thumb Code    70  lsm303dlhc.o(i.LSM303DLHC_AccClickITEnable)
    LSM303DLHC_AccFilterClickCmd             0x08002e4b   Thumb Code    30  lsm303dlhc.o(i.LSM303DLHC_AccFilterClickCmd)
    LSM303DLHC_AccFilterCmd                  0x08002e69   Thumb Code    30  lsm303dlhc.o(i.LSM303DLHC_AccFilterCmd)
    LSM303DLHC_AccFilterConfig               0x08002e87   Thumb Code    30  lsm303dlhc.o(i.LSM303DLHC_AccFilterConfig)
    LSM303DLHC_AccIT1Enable                  0x08002ea5   Thumb Code    28  lsm303dlhc.o(i.LSM303DLHC_AccIT1Enable)
    LSM303DLHC_AccInit                       0x08002ec1   Thumb Code    32  lsm303dlhc.o(i.LSM303DLHC_AccInit)
    LSM303DLHC_AccReadID                     0x08002ee1   Thumb Code    18  lsm303dlhc.o(i.LSM303DLHC_AccReadID)
    LSM303DLHC_AccReadXYZ                    0x08002ef5   Thumb Code   236  lsm303dlhc.o(i.LSM303DLHC_AccReadXYZ)
    LSM303DLHC_AccRebootCmd                  0x08002fe1   Thumb Code    26  lsm303dlhc.o(i.LSM303DLHC_AccRebootCmd)
    LSM303DLHC_AccZClickITConfig             0x08002ffb   Thumb Code    28  lsm303dlhc.o(i.LSM303DLHC_AccZClickITConfig)
    MX_FREERTOS_Init                         0x08003019   Thumb Code    30  freertos.o(i.MX_FREERTOS_Init)
    MX_GPIO_Init                             0x08003041   Thumb Code   200  gpio.o(i.MX_GPIO_Init)
    MX_I2C1_Init                             0x08003119   Thumb Code    46  i2c.o(i.MX_I2C1_Init)
    MX_SPI1_Init                             0x08003155   Thumb Code    54  spi.o(i.MX_SPI1_Init)
    MX_USB_DEVICE_Init                       0x08003275   Thumb Code    38  usb_device.o(i.MX_USB_DEVICE_Init)
    PCD_ReadPMA                              0x08003635   Thumb Code    30  stm32f3xx_hal_pcd_ex.o(i.PCD_ReadPMA)
    PCD_WritePMA                             0x08003653   Thumb Code    38  stm32f3xx_hal_pcd_ex.o(i.PCD_WritePMA)
    StartDefaultTask                         0x080036a5   Thumb Code    12  freertos.o(i.StartDefaultTask)
    SysTick_Handler                          0x080036b1   Thumb Code     4  stm32f3xx_it.o(i.SysTick_Handler)
    SystemClock_Config                       0x080036b5   Thumb Code   116  main.o(i.SystemClock_Config)
    SystemInit                               0x0800372d   Thumb Code    82  system_stm32f3xx.o(i.SystemInit)
    TIM1_UP_TIM16_IRQHandler                 0x08003795   Thumb Code     6  stm32f3xx_it.o(i.TIM1_UP_TIM16_IRQHandler)
    TIM_Base_SetConfig                       0x080037a1   Thumb Code   138  stm32f3xx_hal_tim.o(i.TIM_Base_SetConfig)
    TIM_CCxChannelCmd                        0x08003849   Thumb Code    22  stm32f3xx_hal_tim.o(i.TIM_CCxChannelCmd)
    TIM_OC1_SetConfig                        0x08003861   Thumb Code   132  stm32f3xx_hal_tim.o(i.TIM_OC1_SetConfig)
    TIM_OC2_SetConfig                        0x080038fd   Thumb Code   120  stm32f3xx_hal_tim.o(i.TIM_OC2_SetConfig)
    TIM_OC3_SetConfig                        0x0800398d   Thumb Code   118  stm32f3xx_hal_tim.o(i.TIM_OC3_SetConfig)
    TIM_OC4_SetConfig                        0x08003a1d   Thumb Code    92  stm32f3xx_hal_tim.o(i.TIM_OC4_SetConfig)
    USBD_CDC_GetDeviceQualifierDescriptor    0x08003c25   Thumb Code     8  usbd_cdc.o(i.USBD_CDC_GetDeviceQualifierDescriptor)
    USBD_CDC_ReceivePacket                   0x08003cdd   Thumb Code    40  usbd_cdc.o(i.USBD_CDC_ReceivePacket)
    USBD_CDC_RegisterInterface               0x08003d05   Thumb Code    16  usbd_cdc.o(i.USBD_CDC_RegisterInterface)
    USBD_CDC_SetRxBuffer                     0x08003d15   Thumb Code    12  usbd_cdc.o(i.USBD_CDC_SetRxBuffer)
    USBD_CDC_SetTxBuffer                     0x08003d21   Thumb Code    16  usbd_cdc.o(i.USBD_CDC_SetTxBuffer)
    USBD_ClrClassConfig                      0x08003da1   Thumb Code    14  usbd_core.o(i.USBD_ClrClassConfig)
    USBD_CtlContinueRx                       0x08003daf   Thumb Code    16  usbd_ioreq.o(i.USBD_CtlContinueRx)
    USBD_CtlContinueSendData                 0x08003dbf   Thumb Code    16  usbd_ioreq.o(i.USBD_CtlContinueSendData)
    USBD_CtlError                            0x08003dcf   Thumb Code    22  usbd_ctlreq.o(i.USBD_CtlError)
    USBD_CtlPrepareRx                        0x08003de5   Thumb Code    30  usbd_ioreq.o(i.USBD_CtlPrepareRx)
    USBD_CtlReceiveStatus                    0x08003e03   Thumb Code    22  usbd_ioreq.o(i.USBD_CtlReceiveStatus)
    USBD_CtlSendData                         0x08003e19   Thumb Code    26  usbd_ioreq.o(i.USBD_CtlSendData)
    USBD_CtlSendStatus                       0x08003e33   Thumb Code    22  usbd_ioreq.o(i.USBD_CtlSendStatus)
    USBD_FS_ConfigStrDescriptor              0x08003e49   Thumb Code    16  usbd_desc.o(i.USBD_FS_ConfigStrDescriptor)
    USBD_FS_DeviceDescriptor                 0x08003e69   Thumb Code     8  usbd_desc.o(i.USBD_FS_DeviceDescriptor)
    USBD_FS_InterfaceStrDescriptor           0x08003e75   Thumb Code    16  usbd_desc.o(i.USBD_FS_InterfaceStrDescriptor)
    USBD_FS_LangIDStrDescriptor              0x08003e99   Thumb Code     8  usbd_desc.o(i.USBD_FS_LangIDStrDescriptor)
    USBD_FS_ManufacturerStrDescriptor        0x08003ea5   Thumb Code    16  usbd_desc.o(i.USBD_FS_ManufacturerStrDescriptor)
    USBD_FS_ProductStrDescriptor             0x08003ecd   Thumb Code    16  usbd_desc.o(i.USBD_FS_ProductStrDescriptor)
    USBD_FS_SerialStrDescriptor              0x08003ef1   Thumb Code    16  usbd_desc.o(i.USBD_FS_SerialStrDescriptor)
    USBD_GetString                           0x08003ff5   Thumb Code    70  usbd_ctlreq.o(i.USBD_GetString)
    USBD_Init                                0x0800403b   Thumb Code    42  usbd_core.o(i.USBD_Init)
    USBD_LL_ClearStallEP                     0x08004065   Thumb Code    14  usbd_conf.o(i.USBD_LL_ClearStallEP)
    USBD_LL_CloseEP                          0x08004073   Thumb Code    14  usbd_conf.o(i.USBD_LL_CloseEP)
    USBD_LL_DataInStage                      0x08004081   Thumb Code   170  usbd_core.o(i.USBD_LL_DataInStage)
    USBD_LL_DataOutStage                     0x0800412b   Thumb Code   106  usbd_core.o(i.USBD_LL_DataOutStage)
    USBD_LL_GetRxDataSize                    0x08004195   Thumb Code     8  usbd_conf.o(i.USBD_LL_GetRxDataSize)
    USBD_LL_Init                             0x0800419d   Thumb Code   114  usbd_conf.o(i.USBD_LL_Init)
    USBD_LL_IsStallEP                        0x08004219   Thumb Code    32  usbd_conf.o(i.USBD_LL_IsStallEP)
    USBD_LL_OpenEP                           0x08004239   Thumb Code    20  usbd_conf.o(i.USBD_LL_OpenEP)
    USBD_LL_PrepareReceive                   0x0800424d   Thumb Code    14  usbd_conf.o(i.USBD_LL_PrepareReceive)
    USBD_LL_Reset                            0x0800425b   Thumb Code    62  usbd_core.o(i.USBD_LL_Reset)
    USBD_LL_Resume                           0x08004299   Thumb Code    12  usbd_core.o(i.USBD_LL_Resume)
    USBD_LL_SOF                              0x080042a5   Thumb Code    24  usbd_core.o(i.USBD_LL_SOF)
    USBD_LL_SetSpeed                         0x080042bd   Thumb Code     6  usbd_core.o(i.USBD_LL_SetSpeed)
    USBD_LL_SetUSBAddress                    0x080042c3   Thumb Code    14  usbd_conf.o(i.USBD_LL_SetUSBAddress)
    USBD_LL_SetupStage                       0x080042d1   Thumb Code    90  usbd_core.o(i.USBD_LL_SetupStage)
    USBD_LL_StallEP                          0x0800432b   Thumb Code    14  usbd_conf.o(i.USBD_LL_StallEP)
    USBD_LL_Start                            0x08004339   Thumb Code    14  usbd_conf.o(i.USBD_LL_Start)
    USBD_LL_Suspend                          0x08004347   Thumb Code    18  usbd_core.o(i.USBD_LL_Suspend)
    USBD_LL_Transmit                         0x08004359   Thumb Code    14  usbd_conf.o(i.USBD_LL_Transmit)
    USBD_ParseSetupRequest                   0x08004367   Thumb Code    40  usbd_ctlreq.o(i.USBD_ParseSetupRequest)
    USBD_RegisterClass                       0x0800438f   Thumb Code    16  usbd_core.o(i.USBD_RegisterClass)
    USBD_SetClassConfig                      0x0800439f   Thumb Code    22  usbd_core.o(i.USBD_SetClassConfig)
    USBD_Start                               0x08004429   Thumb Code    10  usbd_core.o(i.USBD_Start)
    USBD_StdDevReq                           0x08004433   Thumb Code   242  usbd_ctlreq.o(i.USBD_StdDevReq)
    USBD_StdEPReq                            0x08004525   Thumb Code   220  usbd_ctlreq.o(i.USBD_StdEPReq)
    USBD_StdItfReq                           0x08004601   Thumb Code    52  usbd_ctlreq.o(i.USBD_StdItfReq)
    USBD_static_free                         0x08004635   Thumb Code     4  usbd_conf.o(i.USBD_static_free)
    USBD_static_malloc                       0x08004639   Thumb Code     4  usbd_conf.o(i.USBD_static_malloc)
    USB_LP_CAN_RX0_IRQHandler                0x08004641   Thumb Code     6  stm32f3xx_it.o(i.USB_LP_CAN_RX0_IRQHandler)
    __scatterload_copy                       0x0800464d   Thumb Code    14  handlers.o(i.__scatterload_copy)
    __scatterload_null                       0x0800465b   Thumb Code     2  handlers.o(i.__scatterload_null)
    __scatterload_zeroinit                   0x0800465d   Thumb Code    14  handlers.o(i.__scatterload_zeroinit)
    free                                     0x0800466d   Thumb Code    76  malloc.o(i.free)
    main                                     0x080046bd   Thumb Code   174  main.o(i.main)
    osDelay                                  0x08004789   Thumb Code    14  cmsis_os.o(i.osDelay)
    osKernelStart                            0x08004797   Thumb Code    10  cmsis_os.o(i.osKernelStart)
    osSystickHandler                         0x080047a1   Thumb Code    20  cmsis_os.o(i.osSystickHandler)
    osThreadCreate                           0x080047b5   Thumb Code    56  cmsis_os.o(i.osThreadCreate)
    pvPortMalloc                             0x08004979   Thumb Code   210  heap_4.o(i.pvPortMalloc)
    pxPortInitialiseStack                    0x08004a51   Thumb Code    36  port.o(i.pxPortInitialiseStack)
    uxListRemove                             0x08004a79   Thumb Code    36  list.o(i.uxListRemove)
    vListInitialise                          0x08004a9d   Thumb Code    22  list.o(i.vListInitialise)
    vListInitialiseItem                      0x08004ab3   Thumb Code     6  list.o(i.vListInitialiseItem)
    vListInsert                              0x08004ab9   Thumb Code    48  list.o(i.vListInsert)
    vListInsertEnd                           0x08004ae9   Thumb Code    24  list.o(i.vListInsertEnd)
    vPortEnterCritical                       0x08004b01   Thumb Code    54  port.o(i.vPortEnterCritical)
    vPortExitCritical                        0x08004b41   Thumb Code    34  port.o(i.vPortExitCritical)
    vPortFree                                0x08004b69   Thumb Code    88  heap_4.o(i.vPortFree)
    vPortSetupTimerInterrupt                 0x08004bc5   Thumb Code    26  port.o(i.vPortSetupTimerInterrupt)
    vTaskDelay                               0x08004be5   Thumb Code    94  tasks.o(i.vTaskDelay)
    vTaskStartScheduler                      0x08004c4d   Thumb Code    80  tasks.o(i.vTaskStartScheduler)
    vTaskSuspendAll                          0x08004cad   Thumb Code    10  tasks.o(i.vTaskSuspendAll)
    vTaskSwitchContext                       0x08004cbd   Thumb Code    82  tasks.o(i.vTaskSwitchContext)
    xPortStartScheduler                      0x08004d19   Thumb Code   202  port.o(i.xPortStartScheduler)
    xPortSysTickHandler                      0x08004df9   Thumb Code    38  port.o(i.xPortSysTickHandler)
    xTaskGenericCreate                       0x08004e25   Thumb Code   430  tasks.o(i.xTaskGenericCreate)
    xTaskGetSchedulerState                   0x08004fe1   Thumb Code    22  tasks.o(i.xTaskGetSchedulerState)
    xTaskIncrementTick                       0x08004ffd   Thumb Code   194  tasks.o(i.xTaskIncrementTick)
    xTaskResumeAll                           0x080050c9   Thumb Code   182  tasks.o(i.xTaskResumeAll)
    aAPBAHBPrescTable                        0x0800518c   Data          16  stm32f3xx_hal_rcc.o(.constdata)
    aPLLMULFactorTable                       0x0800519c   Data          16  stm32f3xx_hal_rcc.o(.constdata)
    aPredivFactorTable                       0x080051ac   Data          16  stm32f3xx_hal_rcc.o(.constdata)
    BUTTON_IRQn                              0x0800520c   Data           1  stm32f3_discovery.o(.constdata)
    BUTTON_PIN                               0x0800520e   Data           2  stm32f3_discovery.o(.constdata)
    LED_PIN                                  0x08005210   Data          16  stm32f3_discovery.o(.constdata)
    Region$$Table$$Base                      0x08005244   Number         0  anon$$obj.o(Region$$Table)
    Region$$Table$$Limit                     0x08005264   Number         0  anon$$obj.o(Region$$Table)
    SystemCoreClock                          0x20000000   Data           4  system_stm32f3xx.o(.data)
    USBD_CDC_CfgHSDesc                       0x20000014   Data          67  usbd_cdc.o(.data)
    USBD_CDC_CfgFSDesc                       0x20000058   Data          67  usbd_cdc.o(.data)
    USBD_CDC_OtherSpeedCfgDesc               0x2000009c   Data          67  usbd_cdc.o(.data)
    USBD_CDC                                 0x200000e0   Data          56  usbd_cdc.o(.data)
    pxCurrentTCB                             0x20000138   Data           4  tasks.o(.data)
    FS_Desc                                  0x2000017c   Data          28  usbd_desc.o(.data)
    USBD_LangIDDesc                          0x20000198   Data           4  usbd_desc.o(.data)
    USBD_FS_DeviceDesc                       0x2000019c   Data          18  usbd_desc.o(.data)
    yval                                     0x200001b0   Data           2  main.o(.data)
    xval                                     0x200001b2   Data           2  main.o(.data)
    light                                    0x200001b4   Data           4  main.o(.data)
    AcceleroThreadHandle                     0x200001b8   Data           4  main.o(.data)
    TransmitThreadHandle                     0x200001bc   Data           4  main.o(.data)
    PWMThreadHandle                          0x200001c0   Data           4  main.o(.data)
    buffer                                   0x200001c4   Data           6  main.o(.data)
    USBD_Interface_fops_FS                   0x200001cc   Data          16  usbd_cdc_if.o(.data)
    UserRxBufferFS                           0x200001dc   Data           4  usbd_cdc_if.o(.data)
    UserTxBufferFS                           0x200001e0   Data           4  usbd_cdc_if.o(.data)
    hUsbDevice_0                             0x200001e4   Data           4  usbd_cdc_if.o(.data)
    defaultTaskHandle                        0x200001e8   Data           4  freertos.o(.data)
    ThresholdHigh                            0x200001ec   Data           2  mems.o(.data)
    ThresholdLow                             0x200001ee   Data           2  mems.o(.data)
    BUTTON_PORT                              0x200001f0   Data           4  stm32f3_discovery.o(.data)
    SpixTimeout                              0x200001f4   Data           4  stm32f3_discovery.o(.data)
    I2cxTimeout                              0x200001f8   Data           4  stm32f3_discovery.o(.data)
    LED_PORT                                 0x200001fc   Data          32  stm32f3_discovery.o(.data)
    Lsm303dlhcDrv                            0x20000220   Data          44  lsm303dlhc.o(.data)
    __microlib_freelist                      0x2000024c   Data           4  mvars.o(.data)
    USBD_StrDesc                             0x20001b14   Data         512  usbd_desc.o(.bss)
    htim1                                    0x20001d14   Data          60  main.o(.bss)
    htim3                                    0x20001d50   Data          60  main.o(.bss)
    hUsbDeviceFS                             0x20001d8c   Data         548  usb_device.o(.bss)
    hspi1                                    0x20001fb0   Data         100  spi.o(.bss)
    hi2c1                                    0x20002014   Data          60  i2c.o(.bss)
    htim2                                    0x20002050   Data          60  stm32f3xx_hal_timebase_tim.o(.bss)
    hpcd_USB_FS                              0x200022ac   Data         936  usbd_conf.o(.bss)
    __initial_sp                             0x200028f8   Data           0  startup_stm32f303xc.o(STACK)



==============================================================================

Memory Map of the image

  Image Entry point : 0x08000189

  Load Region LR_IROM1 (Base: 0x08000000, Size: 0x000054b4, Max: 0x00040000, ABSOLUTE, COMPRESSED[0x00005358])

    Execution Region ER_IROM1 (Base: 0x08000000, Size: 0x00005264, Max: 0x00040000, ABSOLUTE)

    Base Addr    Size         Type   Attr      Idx    E Section Name        Object

    0x08000000   0x00000188   Data   RO          539    RESET               startup_stm32f303xc.o
    0x08000188   0x00000000   Code   RO         5634  * .ARM.Collect$$$$00000000  mc_w.l(entry.o)
    0x08000188   0x00000004   Code   RO         5673    .ARM.Collect$$$$00000001  mc_w.l(entry2.o)
    0x0800018c   0x00000004   Code   RO         5676    .ARM.Collect$$$$00000004  mc_w.l(entry5.o)
    0x08000190   0x00000000   Code   RO         5678    .ARM.Collect$$$$00000008  mc_w.l(entry7b.o)
    0x08000190   0x00000000   Code   RO         5680    .ARM.Collect$$$$0000000A  mc_w.l(entry8b.o)
    0x08000190   0x00000008   Code   RO         5681    .ARM.Collect$$$$0000000B  mc_w.l(entry9a.o)
    0x08000198   0x00000000   Code   RO         5683    .ARM.Collect$$$$0000000D  mc_w.l(entry10a.o)
    0x08000198   0x00000000   Code   RO         5685    .ARM.Collect$$$$0000000F  mc_w.l(entry11a.o)
    0x08000198   0x00000004   Code   RO         5674    .ARM.Collect$$$$00002712  mc_w.l(entry2.o)
    0x0800019c   0x000000ba   Code   RO         4333    .emb_text           port.o
    0x08000256   0x00000002   PAD
    0x08000258   0x00000024   Code   RO          540    .text               startup_stm32f303xc.o
    0x0800027c   0x00000024   Code   RO         5639    .text               mc_w.l(memcpya.o)
    0x080002a0   0x00000024   Code   RO         5641    .text               mc_w.l(memseta.o)
    0x080002c4   0x00000024   Code   RO         5689    .text               mc_w.l(init.o)
    0x080002e8   0x00000056   Code   RO         5699    .text               mc_w.l(__dczerorl2.o)
    0x0800033e   0x00000002   PAD
    0x08000340   0x00000094   Code   RO         4469    i.Accelero_Thread   main.o
    0x080003d4   0x00000014   Code   RO         5337    i.BSP_ACCELERO_GetXYZ  stm32f3_discovery_accelerometer.o
    0x080003e8   0x00000030   Code   RO         5338    i.BSP_ACCELERO_Init  stm32f3_discovery_accelerometer.o
    0x08000418   0x00000074   Code   RO         5211    i.BSP_LED_Init      stm32f3_discovery.o
    0x0800048c   0x0000001c   Code   RO         5212    i.BSP_LED_Off       stm32f3_discovery.o
    0x080004a8   0x0000001c   Code   RO         5213    i.BSP_LED_On        stm32f3_discovery.o
    0x080004c4   0x00000018   Code   RO         5214    i.BSP_LED_Toggle    stm32f3_discovery.o
    0x080004dc   0x00000004   Code   RO         4604    i.CDC_Control_FS    usbd_cdc_if.o
    0x080004e0   0x00000004   Code   RO         4605    i.CDC_DeInit_FS     usbd_cdc_if.o
    0x080004e4   0x00000024   Code   RO         4606    i.CDC_Init_FS       usbd_cdc_if.o
    0x08000508   0x0000001c   Code   RO         4607    i.CDC_Receive_FS    usbd_cdc_if.o
    0x08000524   0x00000050   Code   RO         5217    i.COMPASSACCELERO_IO_ITConfig  stm32f3_discovery.o
    0x08000574   0x00000070   Code   RO         5218    i.COMPASSACCELERO_IO_Init  stm32f3_discovery.o
    0x080005e4   0x00000034   Code   RO         5219    i.COMPASSACCELERO_IO_Read  stm32f3_discovery.o
    0x08000618   0x00000030   Code   RO         5220    i.COMPASSACCELERO_IO_Write  stm32f3_discovery.o
    0x08000648   0x00000014   Code   RO         4910    i.EXTI0_IRQHandler  stm32f3xx_it.o
    0x0800065c   0x0000011c   Code   RO         2755    i.HAL_GPIO_DeInit   stm32f3xx_hal_gpio.o
    0x08000778   0x00000002   Code   RO         2756    i.HAL_GPIO_EXTI_Callback  stm32f3xx_hal_gpio.o
    0x0800077a   0x00000002   PAD
    0x0800077c   0x00000018   Code   RO         2757    i.HAL_GPIO_EXTI_IRQHandler  stm32f3xx_hal_gpio.o
    0x08000794   0x00000188   Code   RO         2758    i.HAL_GPIO_Init     stm32f3xx_hal_gpio.o
    0x0800091c   0x00000008   Code   RO         2761    i.HAL_GPIO_TogglePin  stm32f3xx_hal_gpio.o
    0x08000924   0x0000000a   Code   RO         2762    i.HAL_GPIO_WritePin  stm32f3xx_hal_gpio.o
    0x0800092e   0x00000002   PAD
    0x08000930   0x0000000c   Code   RO         2991    i.HAL_GetTick       stm32f3xx_hal.o
    0x0800093c   0x00000076   Code   RO         2821    i.HAL_I2CEx_ConfigAnalogFilter  stm32f3xx_hal_i2c_ex.o
    0x080009b2   0x0000002e   Code   RO         1125    i.HAL_I2C_DeInit    stm32f3xx_hal_i2c.o
    0x080009e0   0x00000006   Code   RO         1130    i.HAL_I2C_GetState  stm32f3xx_hal_i2c.o
    0x080009e6   0x00000002   PAD
    0x080009e8   0x000000a8   Code   RO         1131    i.HAL_I2C_Init      stm32f3xx_hal_i2c.o
    0x08000a90   0x00000110   Code   RO         1143    i.HAL_I2C_Mem_Read  stm32f3xx_hal_i2c.o
    0x08000ba0   0x0000010c   Code   RO         1146    i.HAL_I2C_Mem_Write  stm32f3xx_hal_i2c.o
    0x08000cac   0x00000028   Code   RO         4736    i.HAL_I2C_MspDeInit  i2c.o
    0x08000cd4   0x0000004c   Code   RO         4737    i.HAL_I2C_MspInit   i2c.o
    0x08000d20   0x00000010   Code   RO         2992    i.HAL_IncTick       stm32f3xx_hal.o
    0x08000d30   0x00000024   Code   RO         2993    i.HAL_Init          stm32f3xx_hal.o
    0x08000d54   0x00000074   Code   RO         4864    i.HAL_InitTick      stm32f3xx_hal_timebase_tim.o
    0x08000dc8   0x0000002c   Code   RO         4778    i.HAL_MspInit       stm32f3xx_hal_msp.o
    0x08000df4   0x00000016   Code   RO          701    i.HAL_NVIC_EnableIRQ  stm32f3xx_hal_cortex.o
    0x08000e0a   0x00000002   PAD
    0x08000e0c   0x00000040   Code   RO          707    i.HAL_NVIC_SetPriority  stm32f3xx_hal_cortex.o
    0x08000e4c   0x00000024   Code   RO          708    i.HAL_NVIC_SetPriorityGrouping  stm32f3xx_hal_cortex.o
    0x08000e70   0x0000003c   Code   RO         2581    i.HAL_PCDEx_PMAConfig  stm32f3xx_hal_pcd_ex.o
    0x08000eac   0x00000002   Code   RO         4959    i.HAL_PCDEx_SetConnectionState  usbd_conf.o
    0x08000eae   0x00000012   Code   RO         4961    i.HAL_PCD_DataInStageCallback  usbd_conf.o
    0x08000ec0   0x00000014   Code   RO         4962    i.HAL_PCD_DataOutStageCallback  usbd_conf.o
    0x08000ed4   0x00000182   Code   RO         2103    i.HAL_PCD_EP_Close  stm32f3xx_hal_pcd.o
    0x08001056   0x000000b0   Code   RO         2104    i.HAL_PCD_EP_ClrStall  stm32f3xx_hal_pcd.o
    0x08001106   0x00000014   Code   RO         2106    i.HAL_PCD_EP_GetRxCount  stm32f3xx_hal_pcd.o
    0x0800111a   0x000002fc   Code   RO         2107    i.HAL_PCD_EP_Open   stm32f3xx_hal_pcd.o
    0x08001416   0x000000e8   Code   RO         2108    i.HAL_PCD_EP_Receive  stm32f3xx_hal_pcd.o
    0x080014fe   0x0000008a   Code   RO         2109    i.HAL_PCD_EP_SetStall  stm32f3xx_hal_pcd.o
    0x08001588   0x000000e6   Code   RO         2110    i.HAL_PCD_EP_Transmit  stm32f3xx_hal_pcd.o
    0x0800166e   0x000000fc   Code   RO         2112    i.HAL_PCD_IRQHandler  stm32f3xx_hal_pcd.o
    0x0800176a   0x000000a6   Code   RO         2115    i.HAL_PCD_Init      stm32f3xx_hal_pcd.o
    0x08001810   0x0000005c   Code   RO         4967    i.HAL_PCD_MspInit   usbd_conf.o
    0x0800186c   0x0000001a   Code   RO         4968    i.HAL_PCD_ResetCallback  usbd_conf.o
    0x08001886   0x00000008   Code   RO         4969    i.HAL_PCD_ResumeCallback  usbd_conf.o
    0x0800188e   0x00000008   Code   RO         4970    i.HAL_PCD_SOFCallback  usbd_conf.o
    0x08001896   0x0000002c   Code   RO         2121    i.HAL_PCD_SetAddress  stm32f3xx_hal_pcd.o
    0x080018c2   0x0000000e   Code   RO         4971    i.HAL_PCD_SetupStageCallback  usbd_conf.o
    0x080018d0   0x0000000c   Code   RO         2123    i.HAL_PCD_Start     stm32f3xx_hal_pcd.o
    0x080018dc   0x00000024   Code   RO         4972    i.HAL_PCD_SuspendCallback  usbd_conf.o
    0x08001900   0x000001ec   Code   RO         2715    i.HAL_RCCEx_PeriphCLKConfig  stm32f3xx_hal_rcc_ex.o
    0x08001aec   0x00000288   Code   RO         2876    i.HAL_RCC_ClockConfig  stm32f3xx_hal_rcc.o
    0x08001d74   0x00000040   Code   RO         2880    i.HAL_RCC_GetClockConfig  stm32f3xx_hal_rcc.o
    0x08001db4   0x00000034   Code   RO         2881    i.HAL_RCC_GetHCLKFreq  stm32f3xx_hal_rcc.o
    0x08001de8   0x0000002c   Code   RO         2884    i.HAL_RCC_GetPCLK2Freq  stm32f3xx_hal_rcc.o
    0x08001e14   0x00000064   Code   RO         2885    i.HAL_RCC_GetSysClockFreq  stm32f3xx_hal_rcc.o
    0x08001e78   0x00000624   Code   RO         2888    i.HAL_RCC_OscConfig  stm32f3xx_hal_rcc.o
    0x0800249c   0x000000c0   Code   RO          829    i.HAL_SPI_Init      stm32f3xx_hal_spi.o
    0x0800255c   0x00000048   Code   RO         4695    i.HAL_SPI_MspInit   spi.o
    0x080025a4   0x00000018   Code   RO          710    i.HAL_SYSTICK_CLKSourceConfig  stm32f3xx_hal_cortex.o
    0x080025bc   0x00000028   Code   RO          712    i.HAL_SYSTICK_Config  stm32f3xx_hal_cortex.o
    0x080025e4   0x00000002   Code   RO         2308    i.HAL_TIMEx_BreakCallback  stm32f3xx_hal_tim_ex.o
    0x080025e6   0x00000002   Code   RO         2309    i.HAL_TIMEx_CommutationCallback  stm32f3xx_hal_tim_ex.o
    0x080025e8   0x00000088   Code   RO         2310    i.HAL_TIMEx_ConfigBreakDeadTime  stm32f3xx_hal_tim_ex.o
    0x08002670   0x00000058   Code   RO         2326    i.HAL_TIMEx_MasterConfigSynchronization  stm32f3xx_hal_tim_ex.o
    0x080026c8   0x00000036   Code   RO         1444    i.HAL_TIM_Base_Init  stm32f3xx_hal_tim.o
    0x080026fe   0x00000002   Code   RO         1446    i.HAL_TIM_Base_MspInit  stm32f3xx_hal_tim.o
    0x08002700   0x00000018   Code   RO         1449    i.HAL_TIM_Base_Start_IT  stm32f3xx_hal_tim.o
    0x08002718   0x00000002   Code   RO         1473    i.HAL_TIM_IC_CaptureCallback  stm32f3xx_hal_tim.o
    0x0800271a   0x00000166   Code   RO         1486    i.HAL_TIM_IRQHandler  stm32f3xx_hal_tim.o
    0x08002880   0x00000002   Code   RO         1489    i.HAL_TIM_OC_DelayElapsedCallback  stm32f3xx_hal_tim.o
    0x08002882   0x00000128   Code   RO         2346    i.HAL_TIM_PWM_ConfigChannel  stm32f3xx_hal_tim_ex.o
    0x080029aa   0x00000036   Code   RO         1513    i.HAL_TIM_PWM_Init  stm32f3xx_hal_tim.o
    0x080029e0   0x000000ac   Code   RO         4780    i.HAL_TIM_PWM_MspInit  stm32f3xx_hal_msp.o
    0x08002a8c   0x00000002   Code   RO         1516    i.HAL_TIM_PWM_PulseFinishedCallback  stm32f3xx_hal_tim.o
    0x08002a8e   0x00000002   PAD
    0x08002a90   0x00000058   Code   RO         1517    i.HAL_TIM_PWM_Start  stm32f3xx_hal_tim.o
    0x08002ae8   0x00000004   Code   RO         4867    i.HAL_TIM_PeriodElapsedCallback  stm32f3xx_hal_timebase_tim.o
    0x08002aec   0x00000002   Code   RO         1527    i.HAL_TIM_TriggerCallback  stm32f3xx_hal_tim.o
    0x08002aee   0x00000002   PAD
    0x08002af0   0x00000088   Code   RO         1166    i.I2C_IsAcknowledgeFailed  stm32f3xx_hal_i2c.o
    0x08002b78   0x00000062   Code   RO         1169    i.I2C_RequestMemoryRead  stm32f3xx_hal_i2c.o
    0x08002bda   0x00000062   Code   RO         1170    i.I2C_RequestMemoryWrite  stm32f3xx_hal_i2c.o
    0x08002c3c   0x00000024   Code   RO         1173    i.I2C_TransferConfig  stm32f3xx_hal_i2c.o
    0x08002c60   0x0000006a   Code   RO         1174    i.I2C_WaitOnFlagUntilTimeout  stm32f3xx_hal_i2c.o
    0x08002cca   0x0000004e   Code   RO         1176    i.I2C_WaitOnSTOPFlagUntilTimeout  stm32f3xx_hal_i2c.o
    0x08002d18   0x00000052   Code   RO         1177    i.I2C_WaitOnTXISFlagUntilTimeout  stm32f3xx_hal_i2c.o
    0x08002d6a   0x00000002   PAD
    0x08002d6c   0x00000014   Code   RO         5224    i.I2Cx_Error        stm32f3_discovery.o
    0x08002d80   0x00000084   Code   RO         5225    i.I2Cx_Init         stm32f3_discovery.o
    0x08002e04   0x00000046   Code   RO         5510    i.LSM303DLHC_AccClickITEnable  lsm303dlhc.o
    0x08002e4a   0x0000001e   Code   RO         5511    i.LSM303DLHC_AccFilterClickCmd  lsm303dlhc.o
    0x08002e68   0x0000001e   Code   RO         5512    i.LSM303DLHC_AccFilterCmd  lsm303dlhc.o
    0x08002e86   0x0000001e   Code   RO         5513    i.LSM303DLHC_AccFilterConfig  lsm303dlhc.o
    0x08002ea4   0x0000001c   Code   RO         5519    i.LSM303DLHC_AccIT1Enable  lsm303dlhc.o
    0x08002ec0   0x00000020   Code   RO         5522    i.LSM303DLHC_AccInit  lsm303dlhc.o
    0x08002ee0   0x00000012   Code   RO         5523    i.LSM303DLHC_AccReadID  lsm303dlhc.o
    0x08002ef2   0x00000002   PAD
    0x08002ef4   0x000000ec   Code   RO         5524    i.LSM303DLHC_AccReadXYZ  lsm303dlhc.o
    0x08002fe0   0x0000001a   Code   RO         5525    i.LSM303DLHC_AccRebootCmd  lsm303dlhc.o
    0x08002ffa   0x0000001c   Code   RO         5526    i.LSM303DLHC_AccZClickITConfig  lsm303dlhc.o
    0x08003016   0x00000002   PAD
    0x08003018   0x00000028   Code   RO         4835    i.MX_FREERTOS_Init  freertos.o
    0x08003040   0x000000d8   Code   RO         4814    i.MX_GPIO_Init      gpio.o
    0x08003118   0x0000003c   Code   RO         4738    i.MX_I2C1_Init      i2c.o
    0x08003154   0x00000040   Code   RO         4696    i.MX_SPI1_Init      spi.o
    0x08003194   0x00000078   Code   RO         4471    i.MX_TIM1_Init      main.o
    0x0800320c   0x00000068   Code   RO         4472    i.MX_TIM3_Init      main.o
    0x08003274   0x00000038   Code   RO         4660    i.MX_USB_DEVICE_Init  usb_device.o
    0x080032ac   0x00000020   Code   RO          714    i.NVIC_SetPriority  stm32f3xx_hal_cortex.o
    0x080032cc   0x00000368   Code   RO         2126    i.PCD_EP_ISR_Handler  stm32f3xx_hal_pcd.o
    0x08003634   0x0000001e   Code   RO         2583    i.PCD_ReadPMA       stm32f3xx_hal_pcd_ex.o
    0x08003652   0x00000026   Code   RO         2584    i.PCD_WritePMA      stm32f3xx_hal_pcd_ex.o
    0x08003678   0x0000002c   Code   RO         4473    i.PWM_Thread        main.o
    0x080036a4   0x0000000c   Code   RO         4836    i.StartDefaultTask  freertos.o
    0x080036b0   0x00000004   Code   RO         4911    i.SysTick_Handler   stm32f3xx_it.o
    0x080036b4   0x00000078   Code   RO         4474    i.SystemClock_Config  main.o
    0x0800372c   0x00000068   Code   RO            5    i.SystemInit        system_stm32f3xx.o
    0x08003794   0x0000000c   Code   RO         4912    i.TIM1_UP_TIM16_IRQHandler  stm32f3xx_it.o
    0x080037a0   0x000000a8   Code   RO         1528    i.TIM_Base_SetConfig  stm32f3xx_hal_tim.o
    0x08003848   0x00000016   Code   RO         1529    i.TIM_CCxChannelCmd  stm32f3xx_hal_tim.o
    0x0800385e   0x00000002   PAD
    0x08003860   0x0000009c   Code   RO         1537    i.TIM_OC1_SetConfig  stm32f3xx_hal_tim.o
    0x080038fc   0x00000090   Code   RO         1538    i.TIM_OC2_SetConfig  stm32f3xx_hal_tim.o
    0x0800398c   0x00000090   Code   RO         1539    i.TIM_OC3_SetConfig  stm32f3xx_hal_tim.o
    0x08003a1c   0x00000074   Code   RO         1540    i.TIM_OC4_SetConfig  stm32f3xx_hal_tim.o
    0x08003a90   0x00000070   Code   RO         2349    i.TIM_OC5_SetConfig  stm32f3xx_hal_tim_ex.o
    0x08003b00   0x00000070   Code   RO         2350    i.TIM_OC6_SetConfig  stm32f3xx_hal_tim_ex.o
    0x08003b70   0x00000012   Code   RO         4475    i.Transmit_Thread   main.o
    0x08003b82   0x00000014   Code   RO          365    i.USBD_CDC_DataIn   usbd_cdc.o
    0x08003b96   0x0000002e   Code   RO          366    i.USBD_CDC_DataOut  usbd_cdc.o
    0x08003bc4   0x0000003c   Code   RO          367    i.USBD_CDC_DeInit   usbd_cdc.o
    0x08003c00   0x00000024   Code   RO          368    i.USBD_CDC_EP0_RxReady  usbd_cdc.o
    0x08003c24   0x0000000c   Code   RO          369    i.USBD_CDC_GetDeviceQualifierDescriptor  usbd_cdc.o
    0x08003c30   0x0000000c   Code   RO          370    i.USBD_CDC_GetFSCfgDesc  usbd_cdc.o
    0x08003c3c   0x0000000c   Code   RO          371    i.USBD_CDC_GetHSCfgDesc  usbd_cdc.o
    0x08003c48   0x0000000c   Code   RO          372    i.USBD_CDC_GetOtherSpeedCfgDesc  usbd_cdc.o
    0x08003c54   0x00000088   Code   RO          373    i.USBD_CDC_Init     usbd_cdc.o
    0x08003cdc   0x00000028   Code   RO          374    i.USBD_CDC_ReceivePacket  usbd_cdc.o
    0x08003d04   0x00000010   Code   RO          375    i.USBD_CDC_RegisterInterface  usbd_cdc.o
    0x08003d14   0x0000000c   Code   RO          376    i.USBD_CDC_SetRxBuffer  usbd_cdc.o
    0x08003d20   0x00000010   Code   RO          377    i.USBD_CDC_SetTxBuffer  usbd_cdc.o
    0x08003d30   0x00000070   Code   RO          378    i.USBD_CDC_Setup    usbd_cdc.o
    0x08003da0   0x0000000e   Code   RO          142    i.USBD_ClrClassConfig  usbd_core.o
    0x08003dae   0x00000010   Code   RO          305    i.USBD_CtlContinueRx  usbd_ioreq.o
    0x08003dbe   0x00000010   Code   RO          306    i.USBD_CtlContinueSendData  usbd_ioreq.o
    0x08003dce   0x00000016   Code   RO          475    i.USBD_CtlError     usbd_ctlreq.o
    0x08003de4   0x0000001e   Code   RO          307    i.USBD_CtlPrepareRx  usbd_ioreq.o
    0x08003e02   0x00000016   Code   RO          308    i.USBD_CtlReceiveStatus  usbd_ioreq.o
    0x08003e18   0x0000001a   Code   RO          309    i.USBD_CtlSendData  usbd_ioreq.o
    0x08003e32   0x00000016   Code   RO          310    i.USBD_CtlSendStatus  usbd_ioreq.o
    0x08003e48   0x00000020   Code   RO         4401    i.USBD_FS_ConfigStrDescriptor  usbd_desc.o
    0x08003e68   0x0000000c   Code   RO         4402    i.USBD_FS_DeviceDescriptor  usbd_desc.o
    0x08003e74   0x00000024   Code   RO         4403    i.USBD_FS_InterfaceStrDescriptor  usbd_desc.o
    0x08003e98   0x0000000c   Code   RO         4404    i.USBD_FS_LangIDStrDescriptor  usbd_desc.o
    0x08003ea4   0x00000028   Code   RO         4405    i.USBD_FS_ManufacturerStrDescriptor  usbd_desc.o
    0x08003ecc   0x00000024   Code   RO         4406    i.USBD_FS_ProductStrDescriptor  usbd_desc.o
    0x08003ef0   0x00000024   Code   RO         4407    i.USBD_FS_SerialStrDescriptor  usbd_desc.o
    0x08003f14   0x000000e0   Code   RO          476    i.USBD_GetDescriptor  usbd_ctlreq.o
    0x08003ff4   0x00000046   Code   RO          477    i.USBD_GetString    usbd_ctlreq.o
    0x0800403a   0x0000002a   Code   RO          144    i.USBD_Init         usbd_core.o
    0x08004064   0x0000000e   Code   RO         4973    i.USBD_LL_ClearStallEP  usbd_conf.o
    0x08004072   0x0000000e   Code   RO         4974    i.USBD_LL_CloseEP   usbd_conf.o
    0x08004080   0x000000aa   Code   RO          145    i.USBD_LL_DataInStage  usbd_core.o
    0x0800412a   0x0000006a   Code   RO          146    i.USBD_LL_DataOutStage  usbd_core.o
    0x08004194   0x00000008   Code   RO         4978    i.USBD_LL_GetRxDataSize  usbd_conf.o
    0x0800419c   0x0000007c   Code   RO         4979    i.USBD_LL_Init      usbd_conf.o
    0x08004218   0x00000020   Code   RO         4980    i.USBD_LL_IsStallEP  usbd_conf.o
    0x08004238   0x00000014   Code   RO         4981    i.USBD_LL_OpenEP    usbd_conf.o
    0x0800424c   0x0000000e   Code   RO         4982    i.USBD_LL_PrepareReceive  usbd_conf.o
    0x0800425a   0x0000003e   Code   RO          151    i.USBD_LL_Reset     usbd_core.o
    0x08004298   0x0000000c   Code   RO          152    i.USBD_LL_Resume    usbd_core.o
    0x080042a4   0x00000018   Code   RO          153    i.USBD_LL_SOF       usbd_core.o
    0x080042bc   0x00000006   Code   RO          154    i.USBD_LL_SetSpeed  usbd_core.o
    0x080042c2   0x0000000e   Code   RO         4983    i.USBD_LL_SetUSBAddress  usbd_conf.o
    0x080042d0   0x0000005a   Code   RO          155    i.USBD_LL_SetupStage  usbd_core.o
    0x0800432a   0x0000000e   Code   RO         4984    i.USBD_LL_StallEP   usbd_conf.o
    0x08004338   0x0000000e   Code   RO         4985    i.USBD_LL_Start     usbd_conf.o
    0x08004346   0x00000012   Code   RO          156    i.USBD_LL_Suspend   usbd_core.o
    0x08004358   0x0000000e   Code   RO         4987    i.USBD_LL_Transmit  usbd_conf.o
    0x08004366   0x00000028   Code   RO          478    i.USBD_ParseSetupRequest  usbd_ctlreq.o
    0x0800438e   0x00000010   Code   RO          157    i.USBD_RegisterClass  usbd_core.o
    0x0800439e   0x00000016   Code   RO          159    i.USBD_SetClassConfig  usbd_core.o
    0x080043b4   0x00000074   Code   RO          479    i.USBD_SetConfig    usbd_ctlreq.o
    0x08004428   0x0000000a   Code   RO          160    i.USBD_Start        usbd_core.o
    0x08004432   0x000000f2   Code   RO          480    i.USBD_StdDevReq    usbd_ctlreq.o
    0x08004524   0x000000dc   Code   RO          481    i.USBD_StdEPReq     usbd_ctlreq.o
    0x08004600   0x00000034   Code   RO          482    i.USBD_StdItfReq    usbd_ctlreq.o
    0x08004634   0x00000004   Code   RO         4988    i.USBD_static_free  usbd_conf.o
    0x08004638   0x00000008   Code   RO         4989    i.USBD_static_malloc  usbd_conf.o
    0x08004640   0x0000000c   Code   RO         4913    i.USB_LP_CAN_RX0_IRQHandler  stm32f3xx_it.o
    0x0800464c   0x0000000e   Code   RO         5693    i.__scatterload_copy  mc_w.l(handlers.o)
    0x0800465a   0x00000002   Code   RO         5694    i.__scatterload_null  mc_w.l(handlers.o)
    0x0800465c   0x0000000e   Code   RO         5695    i.__scatterload_zeroinit  mc_w.l(handlers.o)
    0x0800466a   0x00000002   PAD
    0x0800466c   0x00000050   Code   RO         5645    i.free              mc_w.l(malloc.o)
    0x080046bc   0x000000c0   Code   RO         4476    i.main              main.o
    0x0800477c   0x0000000c   Code   RO         3637    i.makeFreeRtosPriority  cmsis_os.o
    0x08004788   0x0000000e   Code   RO         3638    i.osDelay           cmsis_os.o
    0x08004796   0x0000000a   Code   RO         3641    i.osKernelStart     cmsis_os.o
    0x080047a0   0x00000014   Code   RO         3670    i.osSystickHandler  cmsis_os.o
    0x080047b4   0x00000038   Code   RO         3671    i.osThreadCreate    cmsis_os.o
    0x080047ec   0x00000034   Code   RO         3983    i.prvAddCurrentTaskToDelayedList  tasks.o
    0x08004820   0x00000054   Code   RO         3984    i.prvCheckTasksWaitingTermination  tasks.o
    0x08004874   0x00000048   Code   RO         3315    i.prvHeapInit       heap_4.o
    0x080048bc   0x00000028   Code   RO         3985    i.prvIdleTask       tasks.o
    0x080048e4   0x0000004c   Code   RO         3316    i.prvInsertBlockIntoFreeList  heap_4.o
    0x08004930   0x00000020   Code   RO         3987    i.prvResetNextTaskUnblockTime  tasks.o
    0x08004950   0x00000028   Code   RO         4334    i.prvTaskExitError  port.o
    0x08004978   0x000000d8   Code   RO         3317    i.pvPortMalloc      heap_4.o
    0x08004a50   0x00000028   Code   RO         4335    i.pxPortInitialiseStack  port.o
    0x08004a78   0x00000024   Code   RO         3422    i.uxListRemove      list.o
    0x08004a9c   0x00000016   Code   RO         3423    i.vListInitialise   list.o
    0x08004ab2   0x00000006   Code   RO         3424    i.vListInitialiseItem  list.o
    0x08004ab8   0x00000030   Code   RO         3425    i.vListInsert       list.o
    0x08004ae8   0x00000018   Code   RO         3426    i.vListInsertEnd    list.o
    0x08004b00   0x00000040   Code   RO         4337    i.vPortEnterCritical  port.o
    0x08004b40   0x00000028   Code   RO         4338    i.vPortExitCritical  port.o
    0x08004b68   0x0000005c   Code   RO         3318    i.vPortFree         heap_4.o
    0x08004bc4   0x00000020   Code   RO         4339    i.vPortSetupTimerInterrupt  port.o
    0x08004be4   0x00000068   Code   RO         3997    i.vTaskDelay        tasks.o
    0x08004c4c   0x00000060   Code   RO         4009    i.vTaskStartScheduler  tasks.o
    0x08004cac   0x00000010   Code   RO         4011    i.vTaskSuspendAll   tasks.o
    0x08004cbc   0x0000005c   Code   RO         4012    i.vTaskSwitchContext  tasks.o
    0x08004d18   0x000000e0   Code   RO         4341    i.xPortStartScheduler  port.o
    0x08004df8   0x0000002c   Code   RO         4342    i.xPortSysTickHandler  port.o
    0x08004e24   0x000001bc   Code   RO         4014    i.xTaskGenericCreate  tasks.o
    0x08004fe0   0x0000001c   Code   RO         4017    i.xTaskGetSchedulerState  tasks.o
    0x08004ffc   0x000000cc   Code   RO         4020    i.xTaskIncrementTick  tasks.o
    0x080050c8   0x000000c4   Code   RO         4026    i.xTaskResumeAll    tasks.o
    0x0800518c   0x00000030   Data   RO         2889    .constdata          stm32f3xx_hal_rcc.o
    0x080051bc   0x0000003c   Data   RO         4479    .constdata          main.o
    0x080051f8   0x00000014   Data   RO         4837    .constdata          freertos.o
    0x0800520c   0x00000014   Data   RO         5229    .constdata          stm32f3_discovery.o
    0x08005220   0x00000015   Data   RO         4480    .conststring        main.o
    0x08005235   0x00000003   PAD
    0x08005238   0x0000000c   Data   RO         4838    .conststring        freertos.o
    0x08005244   0x00000020   Data   RO         5691    Region$$Table       anon$$obj.o


    Execution Region RW_IRAM1 (Base: 0x20000000, Size: 0x000028f8, Max: 0x0000a000, ABSOLUTE, COMPRESSED[0x000000f4])

    Base Addr    Size         Type   Attr      Idx    E Section Name        Object

    0x20000000   0x00000004   Data   RW            7    .data               system_stm32f3xx.o
    0x20000004   0x000000db   Data   RW          380    .data               usbd_cdc.o
    0x200000df   0x00000001   PAD
    0x200000e0   0x00000038   Data   RW          381    .data               usbd_cdc.o
    0x20000118   0x00000001   Data   RW          483    .data               usbd_ctlreq.o
    0x20000119   0x00000003   PAD
    0x2000011c   0x00000004   Data   RW         2999    .data               stm32f3xx_hal.o
    0x20000120   0x00000018   Data   RW         3323    .data               heap_4.o
    0x20000138   0x00000038   Data   RW         4029    .data               tasks.o
    0x20000170   0x0000000c   Data   RW         4343    .data               port.o
    0x2000017c   0x0000001c   Data   RW         4409    .data               usbd_desc.o
    0x20000198   0x00000016   Data   RW         4410    .data               usbd_desc.o
    0x200001ae   0x00000002   PAD
    0x200001b0   0x0000001a   Data   RW         4482    .data               main.o
    0x200001ca   0x00000002   PAD
    0x200001cc   0x00000010   Data   RW         4609    .data               usbd_cdc_if.o
    0x200001dc   0x0000000c   Data   RW         4610    .data               usbd_cdc_if.o
    0x200001e8   0x00000004   Data   RW         4839    .data               freertos.o
    0x200001ec   0x00000004   Data   RW         5170    .data               mems.o
    0x200001f0   0x0000002c   Data   RW         5230    .data               stm32f3_discovery.o
    0x2000021c   0x00000004   Data   RW         5340    .data               stm32f3_discovery_accelerometer.o
    0x20000220   0x0000002c   Data   RW         5527    .data               lsm303dlhc.o
    0x2000024c   0x00000004   Data   RW         5687    .data               mc_w.l(mvars.o)
    0x20000250   0x000017d4   Zero   RW         3322    .bss                heap_4.o
    0x20001a24   0x000000f0   Zero   RW         4028    .bss                tasks.o
    0x20001b14   0x00000200   Zero   RW         4408    .bss                usbd_desc.o
    0x20001d14   0x00000078   Zero   RW         4478    .bss                main.o
    0x20001d8c   0x00000224   Zero   RW         4661    .bss                usb_device.o
    0x20001fb0   0x00000064   Zero   RW         4697    .bss                spi.o
    0x20002014   0x0000003c   Zero   RW         4739    .bss                i2c.o
    0x20002050   0x0000003c   Zero   RW         4868    .bss                stm32f3xx_hal_timebase_tim.o
    0x2000208c   0x000005c8   Zero   RW         4990    .bss                usbd_conf.o
    0x20002654   0x000000a0   Zero   RW         5228    .bss                stm32f3_discovery.o
    0x200026f4   0x00000004   PAD
    0x200026f8   0x00000200   Zero   RW          537    STACK               startup_stm32f303xc.o


==============================================================================

Image component sizes


      Code (inc. data)   RO Data    RW Data    ZI Data      Debug   Object Name

       112          0          0          0          0      18416   cmsis_os.o
         0          0          0          0          0       7976   croutine.o
        52         10         32          4          0       1790   freertos.o
       216         16          0          0          0       1083   gpio.o
       456         22          0         24       6100       9879   heap_4.o
       176         40          0          0         60       2241   i2c.o
       136          0          0          0          0       3738   list.o
       528          0          0         44          0       8982   lsm303dlhc.o
       746         62         81         26        120      16151   main.o
         0          0          0          4          0        285   mems.o
       670         74          0         12          0       8756   port.o
         0          0          0          0          0      11052   queue.o
       136         20          0          0        100       1677   spi.o
        36          8        392          0        512        836   startup_stm32f303xc.o
       640        102         20         44        160       8846   stm32f3_discovery.o
        68         14          0          4          0       2150   stm32f3_discovery_accelerometer.o
        64         16          0          4          0       2707   stm32f3xx_hal.o
       218         14          0          0          0      30809   stm32f3xx_hal_cortex.o
       720         60          0          0          0       5323   stm32f3xx_hal_gpio.o
      1394         26          0          0          0      11890   stm32f3xx_hal_i2c.o
       118          0          0          0          0       1243   stm32f3xx_hal_i2c_ex.o
       216         28          0          0          0       1736   stm32f3xx_hal_msp.o
      3292          0          0          0          0      12470   stm32f3xx_hal_pcd.o
       128          0          0          0          0       2971   stm32f3xx_hal_pcd_ex.o
      2480         70         48          0          0       6720   stm32f3xx_hal_rcc.o
       492         12          0          0          0       1588   stm32f3xx_hal_rcc_ex.o
       192          0          0          0          0       1347   stm32f3xx_hal_spi.o
      1338        150          0          0          0      12875   stm32f3xx_hal_tim.o
       748         70          0          0          0       6054   stm32f3xx_hal_tim_ex.o
       120         14          0          0         60       2116   stm32f3xx_hal_timebase_tim.o
        48         18          0          0          0       1988   stm32f3xx_it.o
       104         22          0          4          0     342141   system_stm32f3xx.o
      1388        114          0         56        240      14746   tasks.o
        56         18          0          0        548        784   usb_device.o
       542         22          0        275          0      12904   usbd_cdc.o
        72         14          0         28          0       4566   usbd_cdc_if.o
       518         30          0          0       1480      13957   usbd_conf.o
       592          0          0          0          0      14420   usbd_core.o
       986         30          0          1          0       8292   usbd_ctlreq.o
       204        108          0         50        512       5411   usbd_desc.o
       132          0          0          0          0       4740   usbd_ioreq.o

    ----------------------------------------------------------------------
     20156       1204        608        588       9896     627656   Object Totals
         0          0         32          0          0          0   (incl. Generated)
        22          0          3          8          4          0   (incl. Padding)

    ----------------------------------------------------------------------

      Code (inc. data)   RO Data    RW Data    ZI Data      Debug   Library Member Name

        86          0          0          0          0          0   __dczerorl2.o
         0          0          0          0          0          0   entry.o
         0          0          0          0          0          0   entry10a.o
         0          0          0          0          0          0   entry11a.o
         8          4          0          0          0          0   entry2.o
         4          0          0          0          0          0   entry5.o
         0          0          0          0          0          0   entry7b.o
         0          0          0          0          0          0   entry8b.o
         8          4          0          0          0          0   entry9a.o
        30          0          0          0          0          0   handlers.o
        36          8          0          0          0         68   init.o
        80          4          0          0          0         76   malloc.o
        36          0          0          0          0         68   memcpya.o
        36          0          0          0          0        108   memseta.o
         0          0          0          4          0          0   mvars.o

    ----------------------------------------------------------------------
       328         20          0          4          0        320   Library Totals
         4          0          0          0          0          0   (incl. Padding)

    ----------------------------------------------------------------------

      Code (inc. data)   RO Data    RW Data    ZI Data      Debug   Library Name

       324         20          0          4          0        320   mc_w.l

    ----------------------------------------------------------------------
       328         20          0          4          0        320   Library Totals

    ----------------------------------------------------------------------

==============================================================================


      Code (inc. data)   RO Data    RW Data    ZI Data      Debug   

     20484       1224        608        592       9896     605856   Grand Totals
     20484       1224        608        244       9896     605856   ELF Image Totals (compressed)
     20484       1224        608        244          0          0   ROM Totals

==============================================================================

    Total RO  Size (Code + RO Data)                21092 (  20.60kB)
    Total RW  Size (RW Data + ZI Data)             10488 (  10.24kB)
    Total ROM Size (Code + RO Data + RW Data)      21336 (  20.84kB)

==============================================================================

